Component: ARM Compiler 5.06 update 6 (build 750) Tool: armlink [4d35ed]

==============================================================================

Section Cross References

    startup_stm32f10x_md.o(STACK) refers (Special) to heapauxi.o(.text) for __use_two_region_memory
    startup_stm32f10x_md.o(HEAP) refers (Special) to heapauxi.o(.text) for __use_two_region_memory
    startup_stm32f10x_md.o(RESET) refers (Special) to heapauxi.o(.text) for __use_two_region_memory
    startup_stm32f10x_md.o(RESET) refers to startup_stm32f10x_md.o(STACK) for __initial_sp
    startup_stm32f10x_md.o(RESET) refers to startup_stm32f10x_md.o(.text) for Reset_Handler
    startup_stm32f10x_md.o(RESET) refers to stm32f10x_it.o(i.NMI_Handler) for NMI_Handler
    startup_stm32f10x_md.o(RESET) refers to stm32f10x_it.o(i.HardFault_Handler) for HardFault_Handler
    startup_stm32f10x_md.o(RESET) refers to stm32f10x_it.o(i.MemManage_Handler) for MemManage_Handler
    startup_stm32f10x_md.o(RESET) refers to stm32f10x_it.o(i.BusFault_Handler) for BusFault_Handler
    startup_stm32f10x_md.o(RESET) refers to stm32f10x_it.o(i.UsageFault_Handler) for UsageFault_Handler
    startup_stm32f10x_md.o(RESET) refers to stm32f10x_it.o(i.SVC_Handler) for SVC_Handler
    startup_stm32f10x_md.o(RESET) refers to stm32f10x_it.o(i.DebugMon_Handler) for DebugMon_Handler
    startup_stm32f10x_md.o(RESET) refers to stm32f10x_it.o(i.PendSV_Handler) for PendSV_Handler
    startup_stm32f10x_md.o(RESET) refers to stm32f10x_it.o(i.SysTick_Handler) for SysTick_Handler
    startup_stm32f10x_md.o(RESET) refers to main.o(i.TIM1_UP_IRQHandler) for TIM1_UP_IRQHandler
    startup_stm32f10x_md.o(RESET) refers to serial.o(i.USART1_IRQHandler) for USART1_IRQHandler
    startup_stm32f10x_md.o(.text) refers (Special) to heapauxi.o(.text) for __use_two_region_memory
    startup_stm32f10x_md.o(.text) refers to system_stm32f10x.o(i.SystemInit) for SystemInit
    startup_stm32f10x_md.o(.text) refers to __main.o(!!!main) for __main
    startup_stm32f10x_md.o(.text) refers to startup_stm32f10x_md.o(HEAP) for Heap_Mem
    startup_stm32f10x_md.o(.text) refers to startup_stm32f10x_md.o(STACK) for Stack_Mem
    system_stm32f10x.o(i.SetSysClock) refers to system_stm32f10x.o(i.SetSysClockTo72) for SetSysClockTo72
    system_stm32f10x.o(i.SystemCoreClockUpdate) refers to system_stm32f10x.o(.data) for SystemCoreClock
    system_stm32f10x.o(i.SystemInit) refers to system_stm32f10x.o(i.SetSysClock) for SetSysClock
    stm32f10x_adc.o(i.ADC_DeInit) refers to stm32f10x_rcc.o(i.RCC_APB2PeriphResetCmd) for RCC_APB2PeriphResetCmd
    stm32f10x_bkp.o(i.BKP_DeInit) refers to stm32f10x_rcc.o(i.RCC_BackupResetCmd) for RCC_BackupResetCmd
    stm32f10x_can.o(i.CAN_DeInit) refers to stm32f10x_rcc.o(i.RCC_APB1PeriphResetCmd) for RCC_APB1PeriphResetCmd
    stm32f10x_can.o(i.CAN_GetITStatus) refers to stm32f10x_can.o(i.CheckITStatus) for CheckITStatus
    stm32f10x_cec.o(i.CEC_DeInit) refers to stm32f10x_rcc.o(i.RCC_APB1PeriphResetCmd) for RCC_APB1PeriphResetCmd
    stm32f10x_dac.o(i.DAC_DeInit) refers to stm32f10x_rcc.o(i.RCC_APB1PeriphResetCmd) for RCC_APB1PeriphResetCmd
    stm32f10x_flash.o(i.FLASH_EnableWriteProtection) refers to stm32f10x_flash.o(i.FLASH_WaitForLastOperation) for FLASH_WaitForLastOperation
    stm32f10x_flash.o(i.FLASH_EraseAllBank1Pages) refers to stm32f10x_flash.o(i.FLASH_WaitForLastBank1Operation) for FLASH_WaitForLastBank1Operation
    stm32f10x_flash.o(i.FLASH_EraseAllPages) refers to stm32f10x_flash.o(i.FLASH_WaitForLastOperation) for FLASH_WaitForLastOperation
    stm32f10x_flash.o(i.FLASH_EraseOptionBytes) refers to stm32f10x_flash.o(i.FLASH_GetReadOutProtectionStatus) for FLASH_GetReadOutProtectionStatus
    stm32f10x_flash.o(i.FLASH_EraseOptionBytes) refers to stm32f10x_flash.o(i.FLASH_WaitForLastOperation) for FLASH_WaitForLastOperation
    stm32f10x_flash.o(i.FLASH_ErasePage) refers to stm32f10x_flash.o(i.FLASH_WaitForLastOperation) for FLASH_WaitForLastOperation
    stm32f10x_flash.o(i.FLASH_ProgramHalfWord) refers to stm32f10x_flash.o(i.FLASH_WaitForLastOperation) for FLASH_WaitForLastOperation
    stm32f10x_flash.o(i.FLASH_ProgramOptionByteData) refers to stm32f10x_flash.o(i.FLASH_WaitForLastOperation) for FLASH_WaitForLastOperation
    stm32f10x_flash.o(i.FLASH_ProgramWord) refers to stm32f10x_flash.o(i.FLASH_WaitForLastOperation) for FLASH_WaitForLastOperation
    stm32f10x_flash.o(i.FLASH_ReadOutProtection) refers to stm32f10x_flash.o(i.FLASH_WaitForLastOperation) for FLASH_WaitForLastOperation
    stm32f10x_flash.o(i.FLASH_UserOptionByteConfig) refers to stm32f10x_flash.o(i.FLASH_WaitForLastOperation) for FLASH_WaitForLastOperation
    stm32f10x_flash.o(i.FLASH_WaitForLastBank1Operation) refers to stm32f10x_flash.o(i.FLASH_GetBank1Status) for FLASH_GetBank1Status
    stm32f10x_flash.o(i.FLASH_WaitForLastOperation) refers to stm32f10x_flash.o(i.FLASH_GetBank1Status) for FLASH_GetBank1Status
[...]
    i.RP_GetValue                            0x080028e8   Section        0  rp.o(i.RP_GetValue)
    i.RP_Init                                0x08002954   Section        0  rp.o(i.RP_Init)
    i.SVC_Handler                            0x080029e8   Section        0  stm32f10x_it.o(i.SVC_Handler)
    i.Serial_Init                            0x080029ec   Section        0  serial.o(i.Serial_Init)
    i.Serial_Printf                          0x08002aa4   Section        0  serial.o(i.Serial_Printf)
    i.Serial_SendByte                        0x08002ac8   Section        0  serial.o(i.Serial_SendByte)
    i.Serial_SendString                      0x08002ae8   Section        0  serial.o(i.Serial_SendString)
    i.SetSysClock                            0x08002b02   Section        0  system_stm32f10x.o(i.SetSysClock)
    SetSysClock                              0x08002b03   Thumb Code     8  system_stm32f10x.o(i.SetSysClock)
    i.SetSysClockTo72                        0x08002b0c   Section        0  system_stm32f10x.o(i.SetSysClockTo72)
    SetSysClockTo72                          0x08002b0d   Thumb Code   214  system_stm32f10x.o(i.SetSysClockTo72)
    i.SysTick_Handler                        0x08002bec   Section        0  stm32f10x_it.o(i.SysTick_Handler)
    i.SystemInit                             0x08002bf0   Section        0  system_stm32f10x.o(i.SystemInit)
    i.TI1_Config                             0x08002c50   Section        0  stm32f10x_tim.o(i.TI1_Config)
    TI1_Config                               0x08002c51   Thumb Code   108  stm32f10x_tim.o(i.TI1_Config)
    i.TI2_Config                             0x08002cd0   Section        0  stm32f10x_tim.o(i.TI2_Config)
    TI2_Config                               0x08002cd1   Thumb Code   130  stm32f10x_tim.o(i.TI2_Config)
    i.TI3_Config                             0x08002d68   Section        0  stm32f10x_tim.o(i.TI3_Config)
    TI3_Config                               0x08002d69   Thumb Code   122  stm32f10x_tim.o(i.TI3_Config)
    i.TI4_Config                             0x08002df8   Section        0  stm32f10x_tim.o(i.TI4_Config)
    TI4_Config                               0x08002df9   Thumb Code   130  stm32f10x_tim.o(i.TI4_Config)
    i.TIM1_UP_IRQHandler                     0x08002e90   Section        0  main.o(i.TIM1_UP_IRQHandler)
    i.TIM_ClearFlag                          0x08002fc8   Section        0  stm32f10x_tim.o(i.TIM_ClearFlag)
    i.TIM_ClearITPendingBit                  0x08002fce   Section        0  stm32f10x_tim.o(i.TIM_ClearITPendingBit)
    i.TIM_Cmd                                0x08002fd4   Section        0  stm32f10x_tim.o(i.TIM_Cmd)
    i.TIM_EncoderInterfaceConfig             0x08002fec   Section        0  stm32f10x_tim.o(i.TIM_EncoderInterfaceConfig)
    i.TIM_GetCounter                         0x0800302e   Section        0  stm32f10x_tim.o(i.TIM_GetCounter)
    i.TIM_GetITStatus                        0x08003034   Section        0  stm32f10x_tim.o(i.TIM_GetITStatus)
    i.TIM_ICInit                             0x08003058   Section        0  stm32f10x_tim.o(i.TIM_ICInit)
    i.TIM_ICStructInit                       0x08003104   Section        0  stm32f10x_tim.o(i.TIM_ICStructInit)
    i.TIM_ITConfig                           0x08003116   Section        0  stm32f10x_tim.o(i.TIM_ITConfig)
    i.TIM_InternalClockConfig                0x08003128   Section        0  stm32f10x_tim.o(i.TIM_InternalClockConfig)
    i.TIM_OC1Init                            0x08003134   Section        0  stm32f10x_tim.o(i.TIM_OC1Init)
    i.TIM_OCStructInit                       0x080031cc   Section        0  stm32f10x_tim.o(i.TIM_OCStructInit)
    i.TIM_SetCompare1                        0x080031e0   Section        0  stm32f10x_tim.o(i.TIM_SetCompare1)
    i.TIM_SetCounter                         0x080031e4   Section        0  stm32f10x_tim.o(i.TIM_SetCounter)
    i.TIM_SetIC1Prescaler                    0x080031e8   Section        0  stm32f10x_tim.o(i.TIM_SetIC1Prescaler)
    i.TIM_SetIC2Prescaler                    0x080031fa   Section        0  stm32f10x_tim.o(i.TIM_SetIC2Prescaler)
    i.TIM_SetIC3Prescaler                    0x08003214   Section        0  stm32f10x_tim.o(i.TIM_SetIC3Prescaler)
    i.TIM_SetIC4Prescaler                    0x08003226   Section        0  stm32f10x_tim.o(i.TIM_SetIC4Prescaler)
    i.TIM_TimeBaseInit                       0x08003240   Section        0  stm32f10x_tim.o(i.TIM_TimeBaseInit)
    i.Timer_Init                             0x080032e4   Section        0  timer.o(i.Timer_Init)
    i.USART1_IRQHandler                      0x08003360   Section        0  serial.o(i.USART1_IRQHandler)
    i.USART_ClearITPendingBit                0x08003398   Section        0  stm32f10x_usart.o(i.USART_ClearITPendingBit)
    i.USART_Cmd                              0x080033b6   Section        0  stm32f10x_usart.o(i.USART_Cmd)
    i.USART_GetFlagStatus                    0x080033ce   Section        0  stm32f10x_usart.o(i.USART_GetFlagStatus)
    i.USART_GetITStatus                      0x080033e8   Section        0  stm32f10x_usart.o(i.USART_GetITStatus)
    i.USART_ITConfig                         0x0800343c   Section        0  stm32f10x_usart.o(i.USART_ITConfig)
    i.USART_Init                             0x08003488   Section        0  stm32f10x_usart.o(i.USART_Init)
    i.USART_ReceiveData                      0x08003560   Section        0  stm32f10x_usart.o(i.USART_ReceiveData)
    i.USART_SendData                         0x0800356a   Section        0  stm32f10x_usart.o(i.USART_SendData)
    i.UsageFault_Handler                     0x08003572   Section        0  stm32f10x_it.o(i.UsageFault_Handler)
    i.__ARM_fpclassify                       0x08003576   Section        0  fpclassify.o(i.__ARM_fpclassify)
    i._is_digit                              0x0800359e   Section        0  __printf_wp.o(i._is_digit)
    i.main                                   0x080035ac   Section        0  main.o(i.main)
    locale$$code                             0x08003800   Section       44  lc_numeric_c.o(locale$$code)
    locale$$code                             0x0800382c   Section       44  lc_ctype_c.o(locale$$code)
    x$fpl$d2f                                0x08003858   Section       98  d2f.o(x$fpl$d2f)
    x$fpl$dadd                               0x080038bc   Section      336  daddsub_clz.o(x$fpl$dadd)
    _dadd1                                   0x080038cd   Thumb Code     0  daddsub_clz.o(x$fpl$dadd)
    x$fpl$ddiv                               0x08003a0c   Section      688  ddiv.o(x$fpl$ddiv)
    ddiv_entry                               0x08003a13   Thumb Code     0  ddiv.o(x$fpl$ddiv)
    x$fpl$dfltu                              0x08003cbc   Section       38  dflt_clz.o(x$fpl$dfltu)
    x$fpl$dmul                               0x08003ce4   Section      340  dmul.o(x$fpl$dmul)
    x$fpl$dnaninf                            0x08003e38   Section      156  dnaninf.o(x$fpl$dnaninf)
    x$fpl$dretinf                            0x08003ed4   Section       12  dretinf.o(x$fpl$dretinf)
    x$fpl$dsub                               0x08003ee0   Section      468  daddsub_clz.o(x$fpl$dsub)
    _dsub1                                   0x08003ef1   Thumb Code     0  daddsub_clz.o(x$fpl$dsub)
    x$fpl$f2d                                0x080040b4   Section       86  f2d.o(x$fpl$f2d)
    x$fpl$fadd                               0x0800410c   Section      196  faddsub_clz.o(x$fpl$fadd)
    _fadd1                                   0x0800411b   Thumb Code     0  faddsub_clz.o(x$fpl$fadd)
    x$fpl$fcmpinf                            0x080041d0   Section       24  fcmpi.o(x$fpl$fcmpinf)
    x$fpl$ffix                               0x080041e8   Section       54  ffix.o(x$fpl$ffix)
    x$fpl$fflt                               0x08004220   Section       48  fflt_clz.o(x$fpl$fflt)
    x$fpl$fleqf                              0x08004250   Section      104  fleqf.o(x$fpl$fleqf)
    x$fpl$fmul                               0x080042b8   Section      258  fmul.o(x$fpl$fmul)
    x$fpl$fnaninf                            0x080043ba   Section      140  fnaninf.o(x$fpl$fnaninf)
    x$fpl$fretinf                            0x08004446   Section       10  fretinf.o(x$fpl$fretinf)
    x$fpl$frleqf                             0x08004450   Section       98  frleqf.o(x$fpl$frleqf)
    x$fpl$fsub                               0x080044b4   Section      234  faddsub_clz.o(x$fpl$fsub)
    _fsub1                                   0x080044c3   Thumb Code     0  faddsub_clz.o(x$fpl$fsub)
    x$fpl$printf1                            0x0800459e   Section        4  printf1.o(x$fpl$printf1)
    x$fpl$printf2                            0x080045a2   Section        4  printf2.o(x$fpl$printf2)
    .constdata                               0x080045a6   Section     2381  oled_data.o(.constdata)
    x$fpl$usenofp                            0x080045a6   Section        0  usenofp.o(x$fpl$usenofp)
    .constdata                               0x08004ef4   Section        8  _printf_wctomb.o(.constdata)
    initial_mbstate                          0x08004ef4   Data           8  _printf_wctomb.o(.constdata)
    .constdata                               0x08004efc   Section       40  _printf_hex_int_ll_ptr.o(.constdata)
    uc_hextab                                0x08004efc   Data          20  _printf_hex_int_ll_ptr.o(.constdata)
    lc_hextab                                0x08004f10   Data          20  _printf_hex_int_ll_ptr.o(.constdata)
    .constdata                               0x08004f24   Section       17  __printf_flags_ss_wp.o(.constdata)
    maptable                                 0x08004f24   Data          17  __printf_flags_ss_wp.o(.constdata)
    .constdata                               0x08004f35   Section       38  _printf_fp_hex.o(.constdata)
    lc_hextab                                0x08004f35   Data          19  _printf_fp_hex.o(.constdata)
    uc_hextab                                0x08004f48   Data          19  _printf_fp_hex.o(.constdata)
    .constdata                               0x08004f5c   Section      148  bigflt0.o(.constdata)
    tenpwrs_x                                0x08004f5c   Data          60  bigflt0.o(.constdata)
    tenpwrs_i                                0x08004f98   Data          64  bigflt0.o(.constdata)
    locale$$data                             0x08005010   Section       28  lc_numeric_c.o(locale$$data)
    __lcnum_c_name                           0x08005014   Data           2  lc_numeric_c.o(locale$$data)
    __lcnum_c_start                          0x0800501c   Data           0  lc_numeric_c.o(locale$$data)
    __lcnum_c_point                          0x08005028   Data           0  lc_numeric_c.o(locale$$data)
    __lcnum_c_thousands                      0x0800502a   Data           0  lc_numeric_c.o(locale$$data)
    __lcnum_c_grouping                       0x0800502b   Data           0  lc_numeric_c.o(locale$$data)
    locale$$data                             0x0800502c   Section      272  lc_ctype_c.o(locale$$data)
    __lcnum_c_end                            0x0800502c   Data           0  lc_numeric_c.o(locale$$data)
    __lcctype_c_name                         0x08005030   Data           2  lc_ctype_c.o(locale$$data)
    __lcctype_c_start                        0x08005038   Data           0  lc_ctype_c.o(locale$$data)
    __lcctype_c_end                          0x0800513c   Data           0  lc_ctype_c.o(locale$$data)
    .data                                    0x20000000   Section       20  stm32f10x_rcc.o(.data)
    APBAHBPrescTable                         0x20000000   Data          16  stm32f10x_rcc.o(.data)
    ADCPrescTable                            0x20000010   Data           4  stm32f10x_rcc.o(.data)
    .data                                    0x20000014   Section        4  key.o(.data)
    Count                                    0x20000015   Data           1  key.o(.data)
    CurrState                                0x20000016   Data           1  key.o(.data)
    PrevState                                0x20000017   Data           1  key.o(.data)
    .data                                    0x20000018   Section        2  serial.o(.data)
    .data                                    0x2000001c   Section       46  main.o(.data)
    Count                                    0x20000048   Data           2  main.o(.data)
    .bss                                     0x2000004c   Section     1024  oled.o(.bss)
    .bss                                     0x2000044c   Section      228  rand.o(.bss)
    .bss                                     0x20000530   Section       96  libspace.o(.bss)
    HEAP                                     0x20000590   Section      512  startup_stm32f10x_md.o(HEAP)
    Heap_Mem                                 0x20000590   Data         512  startup_stm32f10x_md.o(HEAP)
    STACK                                    0x20000790   Section     1024  startup_stm32f10x_md.o(STACK)
    Stack_Mem                                0x20000790   Data        1024  startup_stm32f10x_md.o(STACK)
    __initial_sp                             0x20000b90   Data           0  startup_stm32f10x_md.o(STACK)

    Global Symbols

    Symbol Name                              Value     Ov Type        Size  Object(Section)

    BuildAttributes$$THM_ISAv4$P$D$K$B$S$PE$A:L22UL41UL21$X:L11$S22US41US21$IEEE1$IW$USESV6$~STKCKD$USESV7$~SHL$OTIME$ROPI$IEEEX$EBA8$UX$STANDARDLIB$REQ8$PRES8$EABIv2 0x00000000   Number         0  anon$$obj.o ABSOLUTE
    __ARM_use_no_argv                        0x00000000   Number         0  main.o ABSOLUTE
    _printf_flags                            0x00000000   Number         0  printf_stubs.o ABSOLUTE
    _printf_return_value                     0x00000000   Number         0  printf_stubs.o ABSOLUTE
    _printf_sizespec                         0x00000000   Number         0  printf_stubs.o ABSOLUTE
    _printf_widthprec                        0x00000000   Number         0  printf_stubs.o ABSOLUTE
    __ARM_exceptions_init                     - Undefined Weak Reference
    __alloca_initialize                       - Undefined Weak Reference
    __arm_preinit_                            - Undefined Weak Reference
    __cpp_initialize__aeabi_                  - Undefined Weak Reference
    __cxa_finalize                            - Undefined Weak Reference
    __sigvec_lookup                           - Undefined Weak Reference
    _atexit_init                              - Undefined Weak Reference
    _call_atexit_fns                          - Undefined Weak Reference
    _clock_init                               - Undefined Weak Reference
    _fp_trap_init                             - Undefined Weak Reference
    _fp_trap_shutdown                         - Undefined Weak Reference
    _get_lc_collate                           - Undefined Weak Reference
    _get_lc_monetary                          - Undefined Weak Reference
    _get_lc_time                              - Undefined Weak Reference
    _getenv_init                              - Undefined Weak Reference
    _handle_redirection                       - Undefined Weak Reference
    _init_alloc                               - Undefined Weak Reference
    _init_user_alloc                          - Undefined Weak Reference
    _initio                                   - Undefined Weak Reference
    _printf_mbtowc                            - Undefined Weak Reference
    _printf_wc                                - Undefined Weak Reference
    _signal_finish                            - Undefined Weak Reference
    _signal_init                              - Undefined Weak Reference
    _terminate_alloc                          - Undefined Weak Reference
    _terminate_user_alloc                     - Undefined Weak Reference
    _terminateio                              - Undefined Weak Reference
    __Vectors_Size                           0x000000ec   Number         0  startup_stm32f10x_md.o ABSOLUTE
    __Vectors                                0x08000000   Data           4  startup_stm32f10x_md.o(RESET)
    __Vectors_End                            0x080000ec   Data           0  startup_stm32f10x_md.o(RESET)
    __main                                   0x080000ed   Thumb Code     8  __main.o(!!!main)
    __scatterload                            0x080000f5   Thumb Code     0  __scatter.o(!!!scatter)
    __scatterload_rt2                        0x080000f5   Thumb Code    44  __scatter.o(!!!scatter)
    __scatterload_rt2_thumb_only             0x080000f5   Thumb Code     0  __scatter.o(!!!scatter)
    __scatterload_null                       0x08000103   Thumb Code     0  __scatter.o(!!!scatter)
    __scatterload_copy                       0x08000129   Thumb Code    26  __scatter_copy.o(!!handler_copy)
    __scatterload_zeroinit                   0x08000145   Thumb Code    28  __scatter_zi.o(!!handler_zi)
    _printf_n                                0x08000161   Thumb Code     0  _printf_n.o(.ARM.Collect$$_printf_percent$$00000001)
    _printf_percent                          0x08000161   Thumb Code     0  _printf_percent.o(.ARM.Collect$$_printf_percent$$00000000)
    _printf_p                                0x08000167   Thumb Code     0  _printf_p.o(.ARM.Collect$$_printf_percent$$00000002)
    _printf_f                                0x0800016d   Thumb Code     0  _printf_f.o(.ARM.Collect$$_printf_percent$$00000003)
    _printf_e                                0x08000173   Thumb Code     0  _printf_e.o(.ARM.Collect$$_printf_percent$$00000004)
    _printf_g                                0x08000179   Thumb Code     0  _printf_g.o(.ARM.Collect$$_printf_percent$$00000005)
    _printf_a                                0x0800017f   Thumb Code     0  _printf_a.o(.ARM.Collect$$_printf_percent$$00000006)
    _printf_ll                               0x08000185   Thumb Code     0  _printf_ll.o(.ARM.Collect$$_printf_percent$$00000007)
    _printf_i                                0x0800018f   Thumb Code     0  _printf_i.o(.ARM.Collect$$_printf_percent$$00000008)
    _printf_d                                0x08000195   Thumb Code     0  _printf_d.o(.ARM.Collect$$_printf_percent$$00000009)
    _printf_u                                0x0800019b   Thumb Code     0  _printf_u.o(.ARM.Collect$$_printf_percent$$0000000A)
    _printf_o                                0x080001a1   Thumb Code     0  _printf_o.o(.ARM.Collect$$_printf_percent$$0000000B)
    _printf_x                                0x080001a7   Thumb Code     0  _printf_x.o(.ARM.Collect$$_printf_percent$$0000000C)
    _printf_lli                              0x080001ad   Thumb Code     0  _printf_lli.o(.ARM.Collect$$_printf_percent$$0000000D)
    _printf_lld                              0x080001b3   Thumb Code     0  _printf_lld.o(.ARM.Collect$$_printf_percent$$0000000E)
    _printf_llu                              0x080001b9   Thumb Code     0  _printf_llu.o(.ARM.Collect$$_printf_percent$$0000000F)
    _printf_llo                              0x080001bf   Thumb Code     0  _printf_llo.o(.ARM.Collect$$_printf_percent$$00000010)
    _printf_llx                              0x080001c5   Thumb Code     0  _printf_llx.o(.ARM.Collect$$_printf_percent$$00000011)
    _printf_l                                0x080001cb   Thumb Code     0  _printf_l.o(.ARM.Collect$$_printf_percent$$00000012)
    _printf_c                                0x080001d5   Thumb Code     0  _printf_c.o(.ARM.Collect$$_printf_percent$$00000013)
    _printf_s                                0x080001db   Thumb Code     0  _printf_s.o(.ARM.Collect$$_printf_percent$$00000014)
    _printf_lc                               0x080001e1   Thumb Code     0  _printf_lc.o(.ARM.Collect$$_printf_percent$$00000015)
    _printf_ls                               0x080001e7   Thumb Code     0  _printf_ls.o(.ARM.Collect$$_printf_percent$$00000016)
    _printf_percent_end                      0x080001ed   Thumb Code     0  _printf_percent_end.o(.ARM.Collect$$_printf_percent$$00000017)
    __rt_lib_init                            0x080001f1   Thumb Code     0  libinit.o(.ARM.Collect$$libinit$$00000000)
    __rt_lib_init_fp_1                       0x080001f3   Thumb Code     0  libinit2.o(.ARM.Collect$$libinit$$00000002)
    __rt_lib_init_heap_1                     0x080001f3   Thumb Code     0  libinit2.o(.ARM.Collect$$libinit$$0000000A)
    __rt_lib_init_preinit_1                  0x080001f3   Thumb Code     0  libinit2.o(.ARM.Collect$$libinit$$00000004)
    __rt_lib_init_rand_2                     0x080001f3   Thumb Code     0  libinit2.o(.ARM.Collect$$libinit$$0000000D)
    __rt_lib_init_user_alloc_1               0x080001f3   Thumb Code     0  libinit2.o(.ARM.Collect$$libinit$$0000000C)
    __rt_lib_init_lc_common                  0x080001f7   Thumb Code     0  libinit2.o(.ARM.Collect$$libinit$$0000000F)
    __rt_lib_init_rand_1                     0x080001f7   Thumb Code     0  libinit2.o(.ARM.Collect$$libinit$$0000000E)
    __rt_lib_init_lc_collate_1               0x080001fd   Thumb Code     0  libinit2.o(.ARM.Collect$$libinit$$00000011)
    __rt_lib_init_lc_ctype_2                 0x080001fd   Thumb Code     0  libinit2.o(.ARM.Collect$$libinit$$00000012)
    __rt_lib_init_lc_ctype_1                 0x08000209   Thumb Code     0  libinit2.o(.ARM.Collect$$libinit$$00000013)
    __rt_lib_init_lc_monetary_1              0x08000209   Thumb Code     0  libinit2.o(.ARM.Collect$$libinit$$00000015)
    __rt_lib_init_lc_numeric_2               0x08000209   Thumb Code     0  libinit2.o(.ARM.Collect$$libinit$$00000016)
    __rt_lib_init_alloca_1                   0x08000213   Thumb Code     0  libinit2.o(.ARM.Collect$$libinit$$0000002E)
    __rt_lib_init_argv_1                     0x08000213   Thumb Code     0  libinit2.o(.ARM.Collect$$libinit$$0000002C)
    __rt_lib_init_atexit_1                   0x08000213   Thumb Code     0  libinit2.o(.ARM.Collect$$libinit$$0000001B)
    __rt_lib_init_clock_1                    0x08000213   Thumb Code     0  libinit2.o(.ARM.Collect$$libinit$$00000021)
    __rt_lib_init_cpp_1                      0x08000213   Thumb Code     0  libinit2.o(.ARM.Collect$$libinit$$00000032)
    __rt_lib_init_exceptions_1               0x08000213   Thumb Code     0  libinit2.o(.ARM.Collect$$libinit$$00000030)
    __rt_lib_init_fp_trap_1                  0x08000213   Thumb Code     0  libinit2.o(.ARM.Collect$$libinit$$0000001F)
    __rt_lib_init_getenv_1                   0x08000213   Thumb Code     0  libinit2.o(.ARM.Collect$$libinit$$00000023)
    __rt_lib_init_lc_numeric_1               0x08000213   Thumb Code     0  libinit2.o(.ARM.Collect$$libinit$$00000017)
    __rt_lib_init_lc_time_1                  0x08000213   Thumb Code     0  libinit2.o(.ARM.Collect$$libinit$$00000019)
    __rt_lib_init_return                     0x08000213   Thumb Code     0  libinit2.o(.ARM.Collect$$libinit$$00000033)
    __rt_lib_init_signal_1                   0x08000213   Thumb Code     0  libinit2.o(.ARM.Collect$$libinit$$0000001D)
    __rt_lib_init_stdio_1                    0x08000213   Thumb Code     0  libinit2.o(.ARM.Collect$$libinit$$00000025)
    __rt_lib_shutdown                        0x08000215   Thumb Code     0  libshutdown.o(.ARM.Collect$$libshutdown$$00000000)
    __rt_lib_shutdown_cpp_1                  0x08000217   Thumb Code     0  libshutdown2.o(.ARM.Collect$$libshutdown$$00000002)
    __rt_lib_shutdown_fp_trap_1              0x08000217   Thumb Code     0  libshutdown2.o(.ARM.Collect$$libshutdown$$00000007)
    __rt_lib_shutdown_heap_1                 0x08000217   Thumb Code     0  libshutdown2.o(.ARM.Collect$$libshutdown$$0000000F)
    __rt_lib_shutdown_return                 0x08000217   Thumb Code     0  libshutdown2.o(.ARM.Collect$$libshutdown$$00000010)
    __rt_lib_shutdown_signal_1               0x08000217   Thumb Code     0  libshutdown2.o(.ARM.Collect$$libshutdown$$0000000A)
    __rt_lib_shutdown_stdio_1                0x08000217   Thumb Code     0  libshutdown2.o(.ARM.Collect$$libshutdown$$00000004)
    __rt_lib_shutdown_user_alloc_1           0x08000217   Thumb Code     0  libshutdown2.o(.ARM.Collect$$libshutdown$$0000000C)
    __rt_entry                               0x08000219   Thumb Code     0  __rtentry.o(.ARM.Collect$$rtentry$$00000000)
    __rt_entry_presh_1                       0x08000219   Thumb Code     0  __rtentry2.o(.ARM.Collect$$rtentry$$00000002)
    __rt_entry_sh                            0x08000219   Thumb Code     0  __rtentry4.o(.ARM.Collect$$rtentry$$00000004)
    __rt_entry_li                            0x0800021f   Thumb Code     0  __rtentry2.o(.ARM.Collect$$rtentry$$0000000A)
    __rt_entry_postsh_1                      0x0800021f   Thumb Code     0  __rtentry2.o(.ARM.Collect$$rtentry$$00000009)
    __rt_entry_main                          0x08000223   Thumb Code     0  __rtentry2.o(.ARM.Collect$$rtentry$$0000000D)
    __rt_entry_postli_1                      0x08000223   Thumb Code     0  __rtentry2.o(.ARM.Collect$$rtentry$$0000000C)
    __rt_exit                                0x0800022b   Thumb Code     0  rtexit.o(.ARM.Collect$$rtexit$$00000000)
    __rt_exit_ls                             0x0800022d   Thumb Code     0  rtexit2.o(.ARM.Collect$$rtexit$$00000003)
    __rt_exit_prels_1                        0x0800022d   Thumb Code     0  rtexit2.o(.ARM.Collect$$rtexit$$00000002)
    __rt_exit_exit                           0x08000231   Thumb Code     0  rtexit2.o(.ARM.Collect$$rtexit$$00000004)
    rand                                     0x08000239   Thumb Code    48  rand.o(.emb_text)
    Reset_Handler                            0x0800026d   Thumb Code     8  startup_stm32f10x_md.o(.text)
    ADC1_2_IRQHandler                        0x08000287   Thumb Code     0  startup_stm32f10x_md.o(.text)
    CAN1_RX1_IRQHandler                      0x08000287   Thumb Code     0  startup_stm32f10x_md.o(.text)
    CAN1_SCE_IRQHandler                      0x08000287   Thumb Code     0  startup_stm32f10x_md.o(.text)
    DMA1_Channel1_IRQHandler                 0x08000287   Thumb Code     0  startup_stm32f10x_md.o(.text)
    DMA1_Channel2_IRQHandler                 0x08000287   Thumb Code     0  startup_stm32f10x_md.o(.text)
    DMA1_Channel3_IRQHandler                 0x08000287   Thumb Code     0  startup_stm32f10x_md.o(.text)
    DMA1_Channel4_IRQHandler                 0x08000287   Thumb Code     0  startup_stm32f10x_md.o(.text)
    DMA1_Channel5_IRQHandler                 0x08000287   Thumb Code     0  startup_stm32f10x_md.o(.text)
    DMA1_Channel6_IRQHandler                 0x08000287   Thumb Code     0  startup_stm32f10x_md.o(.text)
    DMA1_Channel7_IRQHandler                 0x08000287   Thumb Code     0  startup_stm32f10x_md.o(.text)
    EXTI0_IRQHandler                         0x08000287   Thumb Code     0  startup_stm32f10x_md.o(.text)
    EXTI15_10_IRQHandler                     0x08000287   Thumb Code     0  startup_stm32f10x_md.o(.text)
    EXTI1_IRQHandler                         0x08000287   Thumb Code     0  startup_stm32f10x_md.o(.text)
    EXTI2_IRQHandler                         0x08000287   Thumb Code     0  startup_stm32f10x_md.o(.text)
    EXTI3_IRQHandler                         0x08000287   Thumb Code     0  startup_stm32f10x_md.o(.text)
    EXTI4_IRQHandler                         0x08000287   Thumb Code     0  startup_stm32f10x_md.o(.text)
    EXTI9_5_IRQHandler                       0x08000287   Thumb Code     0  startup_stm32f10x_md.o(.text)
    FLASH_IRQHandler                         0x08000287   Thumb Code     0  startup_stm32f10x_md.o(.text)
    I2C1_ER_IRQHandler                       0x08000287   Thumb Code     0  startup_stm32f10x_md.o(.text)
    I2C1_EV_IRQHandler                       0x08000287   Thumb Code     0  startup_stm32f10x_md.o(.text)
    I2C2_ER_IRQHandler                       0x08000287   Thumb Code     0  startup_stm32f10x_md.o(.text)
    I2C2_EV_IRQHandler                       0x08000287   Thumb Code     0  startup_stm32f10x_md.o(.text)
    PVD_IRQHandler                           0x08000287   Thumb Code     0  startup_stm32f10x_md.o(.text)
    RCC_IRQHandler                           0x08000287   Thumb Code     0  startup_stm32f10x_md.o(.text)
    RTCAlarm_IRQHandler                      0x08000287   Thumb Code     0  startup_stm32f10x_md.o(.text)
    RTC_IRQHandler                           0x08000287   Thumb Code     0  startup_stm32f10x_md.o(.text)
    SPI1_IRQHandler                          0x08000287   Thumb Code     0  startup_stm32f10x_md.o(.text)
    SPI2_IRQHandler                          0x08000287   Thumb Code     0  startup_stm32f10x_md.o(.text)
    TAMPER_IRQHandler                        0x08000287   Thumb Code     0  startup_stm32f10x_md.o(.text)
    TIM1_BRK_IRQHandler                      0x08000287   Thumb Code     0  startup_stm32f10x_md.o(.text)
    TIM1_CC_IRQHandler                       0x08000287   Thumb Code     0  startup_stm32f10x_md.o(.text)
    TIM1_TRG_COM_IRQHandler                  0x08000287   Thumb Code     0  startup_stm32f10x_md.o(.text)
    TIM2_IRQHandler                          0x08000287   Thumb Code     0  startup_stm32f10x_md.o(.text)
    TIM3_IRQHandler                          0x08000287   Thumb Code     0  startup_stm32f10x_md.o(.text)
    TIM4_IRQHandler                          0x08000287   Thumb Code     0  startup_stm32f10x_md.o(.text)
    USART2_IRQHandler                        0x08000287   Thumb Code     0  startup_stm32f10x_md.o(.text)
    USART3_IRQHandler                        0x08000287   Thumb Code     0  startup_stm32f10x_md.o(.text)
    USBWakeUp_IRQHandler                     0x08000287   Thumb Code     0  startup_stm32f10x_md.o(.text)
    USB_HP_CAN1_TX_IRQHandler                0x08000287   Thumb Code     0  startup_stm32f10x_md.o(.text)
    USB_LP_CAN1_RX0_IRQHandler               0x08000287   Thumb Code     0  startup_stm32f10x_md.o(.text)
    WWDG_IRQHandler                          0x08000287   Thumb Code     0  startup_stm32f10x_md.o(.text)
    __user_initial_stackheap                 0x08000289   Thumb Code     0  startup_stm32f10x_md.o(.text)
    vsprintf                                 0x080002ad   Thumb Code    32  vsprintf.o(.text)
    srand                                    0x080002d1   Thumb Code    42  rand.o(.text)
    _rand_init                               0x080002fb   Thumb Code     4  rand.o(.text)
    strcmp                                   0x0800030d   Thumb Code   128  strcmpv7m.o(.text)
    __use_two_region_memory                  0x0800038d   Thumb Code     2  heapauxi.o(.text)
    __rt_heap_escrow$2region                 0x0800038f   Thumb Code     2  heapauxi.o(.text)
    __rt_heap_expand$2region                 0x08000391   Thumb Code     2  heapauxi.o(.text)
    _printf_pre_padding                      0x08000393   Thumb Code    44  _printf_pad.o(.text)
    _printf_post_padding                     0x080003bf   Thumb Code    34  _printf_pad.o(.text)
    _printf_truncate_signed                  0x080003e1   Thumb Code    18  _printf_truncate.o(.text)
    _printf_truncate_unsigned                0x080003f3   Thumb Code    18  _printf_truncate.o(.text)
    _printf_str                              0x08000405   Thumb Code    82  _printf_str.o(.text)
    _printf_int_dec                          0x08000459   Thumb Code   104  _printf_dec.o(.text)
    _printf_charcount                        0x080004d1   Thumb Code    40  _printf_charcount.o(.text)
    _printf_char_common                      0x08000503   Thumb Code    32  _printf_char_common.o(.text)
    _sputc                                   0x08000529   Thumb Code    10  _sputc.o(.text)
    _printf_wctomb                           0x08000535   Thumb Code   182  _printf_wctomb.o(.text)
    _printf_longlong_dec                     0x080005f1   Thumb Code   108  _printf_longlong_dec.o(.text)
    _printf_longlong_oct                     0x0800066d   Thumb Code    66  _printf_oct_int_ll.o(.text)
    _printf_int_oct                          0x080006af   Thumb Code    24  _printf_oct_int_ll.o(.text)
    _printf_ll_oct                           0x080006c7   Thumb Code    12  _printf_oct_int_ll.o(.text)
    _printf_longlong_hex                     0x080006dd   Thumb Code    86  _printf_hex_int_ll_ptr.o(.text)
    _printf_int_hex                          0x08000733   Thumb Code    28  _printf_hex_int_ll_ptr.o(.text)
    _printf_ll_hex                           0x0800074f   Thumb Code    12  _printf_hex_int_ll_ptr.o(.text)
    _printf_hex_ptr                          0x0800075b   Thumb Code    18  _printf_hex_int_ll_ptr.o(.text)
    __printf                                 0x08000771   Thumb Code   388  __printf_flags_ss_wp.o(.text)
    _ll_udiv10                               0x080008f9   Thumb Code   138  lludiv10.o(.text)
    _printf_int_common                       0x08000983   Thumb Code   178  _printf_intcommon.o(.text)
    __lib_sel_fp_printf                      0x08000a35   Thumb Code     2  _printf_fp_dec.o(.text)
    _printf_fp_dec_real                      0x08000be7   Thumb Code   620  _printf_fp_dec.o(.text)
    _printf_fp_hex_real                      0x08000e55   Thumb Code   756  _printf_fp_hex.o(.text)
    _printf_cs_common                        0x08001151   Thumb Code    20  _printf_char.o(.text)
    _printf_char                             0x08001165   Thumb Code    16  _printf_char.o(.text)
    _printf_string                           0x08001175   Thumb Code     8  _printf_char.o(.text)
    _printf_lcs_common                       0x0800117d   Thumb Code    20  _printf_wchar.o(.text)
    _printf_wchar                            0x08001191   Thumb Code    16  _printf_wchar.o(.text)
    _printf_wstring                          0x080011a1   Thumb Code     8  _printf_wchar.o(.text)
    _wcrtomb                                 0x080011a9   Thumb Code    64  _wcrtomb.o(.text)
    __user_libspace                          0x080011e9   Thumb Code     8  libspace.o(.text)
    __user_perproc_libspace                  0x080011e9   Thumb Code     0  libspace.o(.text)
    __user_perthread_libspace                0x080011e9   Thumb Code     0  libspace.o(.text)
    __user_setup_stackheap                   0x080011f1   Thumb Code    74  sys_stackheap_outer.o(.text)
    __rt_ctype_table                         0x0800123d   Thumb Code    16  rt_ctype_table.o(.text)
    __rt_locale                              0x0800124d   Thumb Code     8  rt_locale_intlibspace.o(.text)
    _printf_fp_infnan                        0x08001255   Thumb Code   112  _printf_fp_infnan.o(.text)
    _btod_etento                             0x080012d5   Thumb Code   224  bigflt0.o(.text)
    exit                                     0x080013b9   Thumb Code    18  exit.o(.text)
    __I$use$semihosting                      0x080013cb   Thumb Code     0  use_no_semi.o(.text)
    __use_no_semihosting_swi                 0x080013cb   Thumb Code     2  use_no_semi.o(.text)
    __semihosting_library_function           0x080013cd   Thumb Code     0  indicate_semi.o(.text)
    _sys_exit                                0x080013cd   Thumb Code     8  sys_exit.o(.text)
    _btod_d2e                                0x080013d9   Thumb Code    62  btod.o(CL$$btod_d2e)
    _d2e_denorm_low                          0x08001417   Thumb Code    70  btod.o(CL$$btod_d2e_denorm_low)
    _d2e_norm_op1                            0x0800145d   Thumb Code    96  btod.o(CL$$btod_d2e_norm_op1)
    __btod_div_common                        0x080014bd   Thumb Code   696  btod.o(CL$$btod_div_common)
    _e2e                                     0x080017f5   Thumb Code   220  btod.o(CL$$btod_e2e)
    _btod_ediv                               0x080018d1   Thumb Code    42  btod.o(CL$$btod_ediv)
    _btod_emul                               0x080018fb   Thumb Code    42  btod.o(CL$$btod_emul)
    __btod_mult_common                       0x08001925   Thumb Code   580  btod.o(CL$$btod_mult_common)
    ADC_Cmd                                  0x08001b69   Thumb Code    22  stm32f10x_adc.o(i.ADC_Cmd)
    ADC_GetCalibrationStatus                 0x08001b7f   Thumb Code    20  stm32f10x_adc.o(i.ADC_GetCalibrationStatus)
    ADC_GetConversionValue                   0x08001b93   Thumb Code     8  stm32f10x_adc.o(i.ADC_GetConversionValue)
    ADC_GetFlagStatus                        0x08001b9b   Thumb Code    18  stm32f10x_adc.o(i.ADC_GetFlagStatus)
    ADC_GetResetCalibrationStatus            0x08001bad   Thumb Code    20  stm32f10x_adc.o(i.ADC_GetResetCalibrationStatus)
    ADC_Init                                 0x08001bc1   Thumb Code    70  stm32f10x_adc.o(i.ADC_Init)
    ADC_RegularChannelConfig                 0x08001c11   Thumb Code   184  stm32f10x_adc.o(i.ADC_RegularChannelConfig)
    ADC_ResetCalibration                     0x08001cc9   Thumb Code    10  stm32f10x_adc.o(i.ADC_ResetCalibration)
    ADC_SoftwareStartConvCmd                 0x08001cd3   Thumb Code    22  stm32f10x_adc.o(i.ADC_SoftwareStartConvCmd)
    ADC_StartCalibration                     0x08001ce9   Thumb Code    10  stm32f10x_adc.o(i.ADC_StartCalibration)
    BusFault_Handler                         0x08001cf3   Thumb Code     4  stm32f10x_it.o(i.BusFault_Handler)
    DebugMon_Handler                         0x08001cf7   Thumb Code     2  stm32f10x_it.o(i.DebugMon_Handler)
    Encoder_Get                              0x08001cf9   Thumb Code    22  encoder.o(i.Encoder_Get)
    Encoder_Init                             0x08001d15   Thumb Code   152  encoder.o(i.Encoder_Init)
    GPIO_Init                                0x08001db5   Thumb Code   278  stm32f10x_gpio.o(i.GPIO_Init)
    GPIO_ReadInputDataBit                    0x08001ecb   Thumb Code    18  stm32f10x_gpio.o(i.GPIO_ReadInputDataBit)
    GPIO_ResetBits                           0x08001edd   Thumb Code     4  stm32f10x_gpio.o(i.GPIO_ResetBits)
    GPIO_SetBits                             0x08001ee1   Thumb Code     4  stm32f10x_gpio.o(i.GPIO_SetBits)
    GPIO_WriteBit                            0x08001ee5   Thumb Code    10  stm32f10x_gpio.o(i.GPIO_WriteBit)
    HardFault_Handler                        0x08001eef   Thumb Code     4  stm32f10x_it.o(i.HardFault_Handler)
    Key_GetState                             0x08001ef5   Thumb Code    70  key.o(i.Key_GetState)
    Key_Init                                 0x08001f45   Thumb Code    64  key.o(i.Key_Init)
    Key_Tick                                 0x08001f8d   Thumb Code    62  key.o(i.Key_Tick)
    MemManage_Handler                        0x08001fdd   Thumb Code     4  stm32f10x_it.o(i.MemManage_Handler)
    Motor_Init                               0x08001fe1   Thumb Code    44  motor.o(i.Motor_Init)
    Motor_SetPWM                             0x08002011   Thumb Code    66  motor.o(i.Motor_SetPWM)
    NMI_Handler                              0x08002059   Thumb Code     2  stm32f10x_it.o(i.NMI_Handler)
    NVIC_Init                                0x0800205d   Thumb Code   100  misc.o(i.NVIC_Init)
    NVIC_PriorityGroupConfig                 0x080020cd   Thumb Code    10  misc.o(i.NVIC_PriorityGroupConfig)
    OLED_Clear                               0x080020e1   Thumb Code    36  oled.o(i.OLED_Clear)
    OLED_ClearArea                           0x08002109   Thumb Code   140  oled.o(i.OLED_ClearArea)
    OLED_GPIO_Init                           0x08002199   Thumb Code    92  oled.o(i.OLED_GPIO_Init)
    OLED_I2C_SendByte                        0x080021f9   Thumb Code    62  oled.o(i.OLED_I2C_SendByte)
    OLED_I2C_Start                           0x08002237   Thumb Code    28  oled.o(i.OLED_I2C_Start)
    OLED_I2C_Stop                            0x08002253   Thumb Code    22  oled.o(i.OLED_I2C_Stop)
    OLED_Init                                0x08002269   Thumb Code   154  oled.o(i.OLED_Init)
    OLED_Printf                              0x08002303   Thumb Code    50  oled.o(i.OLED_Printf)
    OLED_SetCursor                           0x08002335   Thumb Code    34  oled.o(i.OLED_SetCursor)
    OLED_ShowChar                            0x08002359   Thumb Code    74  oled.o(i.OLED_ShowChar)
    OLED_ShowImage                           0x080023ad   Thumb Code   248  oled.o(i.OLED_ShowImage)
    OLED_ShowString                          0x080024a9   Thumb Code   442  oled.o(i.OLED_ShowString)
    OLED_Update                              0x0800266d   Thumb Code    36  oled.o(i.OLED_Update)
    OLED_W_SCL                               0x08002695   Thumb Code    18  oled.o(i.OLED_W_SCL)
    OLED_W_SDA                               0x080026ad   Thumb Code    18  oled.o(i.OLED_W_SDA)
    OLED_WriteCommand                        0x080026c5   Thumb Code    32  oled.o(i.OLED_WriteCommand)
    OLED_WriteData                           0x080026e5   Thumb Code    46  oled.o(i.OLED_WriteData)
    PWM_Init                                 0x08002715   Thumb Code   144  pwm.o(i.PWM_Init)
    PWM_SetCompare1                          0x080027a9   Thumb Code    16  pwm.o(i.PWM_SetCompare1)
    PendSV_Handler                           0x080027b9   Thumb Code     2  stm32f10x_it.o(i.PendSV_Handler)
    RCC_ADCCLKConfig                         0x080027bd   Thumb Code    18  stm32f10x_rcc.o(i.RCC_ADCCLKConfig)
    RCC_APB1PeriphClockCmd                   0x080027d5   Thumb Code    26  stm32f10x_rcc.o(i.RCC_APB1PeriphClockCmd)
    RCC_APB2PeriphClockCmd                   0x080027f5   Thumb Code    26  stm32f10x_rcc.o(i.RCC_APB2PeriphClockCmd)
    RCC_GetClocksFreq                        0x08002815   Thumb Code   192  stm32f10x_rcc.o(i.RCC_GetClocksFreq)
    RP_GetValue                              0x080028e9   Thumb Code   104  rp.o(i.RP_GetValue)
    RP_Init                                  0x08002955   Thumb Code   138  rp.o(i.RP_Init)
    SVC_Handler                              0x080029e9   Thumb Code     2  stm32f10x_it.o(i.SVC_Handler)
    Serial_Init                              0x080029ed   Thumb Code   174  serial.o(i.Serial_Init)
    Serial_Printf                            0x08002aa5   Thumb Code    36  serial.o(i.Serial_Printf)
    Serial_SendByte                          0x08002ac9   Thumb Code    28  serial.o(i.Serial_SendByte)
    Serial_SendString                        0x08002ae9   Thumb Code    26  serial.o(i.Serial_SendString)
    SysTick_Handler                          0x08002bed   Thumb Code     2  stm32f10x_it.o(i.SysTick_Handler)
    SystemInit                               0x08002bf1   Thumb Code    78  system_stm32f10x.o(i.SystemInit)
    TIM1_UP_IRQHandler                       0x08002e91   Thumb Code   256  main.o(i.TIM1_UP_IRQHandler)
    TIM_ClearFlag                            0x08002fc9   Thumb Code     6  stm32f10x_tim.o(i.TIM_ClearFlag)
    TIM_ClearITPendingBit                    0x08002fcf   Thumb Code     6  stm32f10x_tim.o(i.TIM_ClearITPendingBit)
    TIM_Cmd                                  0x08002fd5   Thumb Code    24  stm32f10x_tim.o(i.TIM_Cmd)
    TIM_EncoderInterfaceConfig               0x08002fed   Thumb Code    66  stm32f10x_tim.o(i.TIM_EncoderInterfaceConfig)
    TIM_GetCounter                           0x0800302f   Thumb Code     6  stm32f10x_tim.o(i.TIM_GetCounter)
    TIM_GetITStatus                          0x08003035   Thumb Code    34  stm32f10x_tim.o(i.TIM_GetITStatus)
    TIM_ICInit                               0x08003059   Thumb Code   150  stm32f10x_tim.o(i.TIM_ICInit)
    TIM_ICStructInit                         0x08003105   Thumb Code    18  stm32f10x_tim.o(i.TIM_ICStructInit)
    TIM_ITConfig                             0x08003117   Thumb Code    18  stm32f10x_tim.o(i.TIM_ITConfig)
    TIM_InternalClockConfig                  0x08003129   Thumb Code    12  stm32f10x_tim.o(i.TIM_InternalClockConfig)
    TIM_OC1Init                              0x08003135   Thumb Code   132  stm32f10x_tim.o(i.TIM_OC1Init)
    TIM_OCStructInit                         0x080031cd   Thumb Code    20  stm32f10x_tim.o(i.TIM_OCStructInit)
    TIM_SetCompare1                          0x080031e1   Thumb Code     4  stm32f10x_tim.o(i.TIM_SetCompare1)
    TIM_SetCounter                           0x080031e5   Thumb Code     4  stm32f10x_tim.o(i.TIM_SetCounter)
    TIM_SetIC1Prescaler                      0x080031e9   Thumb Code    18  stm32f10x_tim.o(i.TIM_SetIC1Prescaler)
    TIM_SetIC2Prescaler                      0x080031fb   Thumb Code    26  stm32f10x_tim.o(i.TIM_SetIC2Prescaler)
    TIM_SetIC3Prescaler                      0x08003215   Thumb Code    18  stm32f10x_tim.o(i.TIM_SetIC3Prescaler)
    TIM_SetIC4Prescaler                      0x08003227   Thumb Code    26  stm32f10x_tim.o(i.TIM_SetIC4Prescaler)
    TIM_TimeBaseInit                         0x08003241   Thumb Code   122  stm32f10x_tim.o(i.TIM_TimeBaseInit)
    Timer_Init                               0x080032e5   Thumb Code   120  timer.o(i.Timer_Init)
    USART1_IRQHandler                        0x08003361   Thumb Code    44  serial.o(i.USART1_IRQHandler)
    USART_ClearITPendingBit                  0x08003399   Thumb Code    30  stm32f10x_usart.o(i.USART_ClearITPendingBit)
    USART_Cmd                                0x080033b7   Thumb Code    24  stm32f10x_usart.o(i.USART_Cmd)
    USART_GetFlagStatus                      0x080033cf   Thumb Code    26  stm32f10x_usart.o(i.USART_GetFlagStatus)
    USART_GetITStatus                        0x080033e9   Thumb Code    84  stm32f10x_usart.o(i.USART_GetITStatus)
    USART_ITConfig                           0x0800343d   Thumb Code    74  stm32f10x_usart.o(i.USART_ITConfig)
    USART_Init                               0x08003489   Thumb Code   210  stm32f10x_usart.o(i.USART_Init)
    USART_ReceiveData                        0x08003561   Thumb Code    10  stm32f10x_usart.o(i.USART_ReceiveData)
    USART_SendData                           0x0800356b   Thumb Code     8  stm32f10x_usart.o(i.USART_SendData)
    UsageFault_Handler                       0x08003573   Thumb Code     4  stm32f10x_it.o(i.UsageFault_Handler)
    __ARM_fpclassify                         0x08003577   Thumb Code    40  fpclassify.o(i.__ARM_fpclassify)
    _is_digit                                0x0800359f   Thumb Code    14  __printf_wp.o(i._is_digit)
    main                                     0x080035ad   Thumb Code   450  main.o(i.main)
    _get_lc_numeric                          0x08003801   Thumb Code    44  lc_numeric_c.o(locale$$code)
    _get_lc_ctype                            0x0800382d   Thumb Code    44  lc_ctype_c.o(locale$$code)
    __aeabi_d2f                              0x08003859   Thumb Code     0  d2f.o(x$fpl$d2f)
    _d2f                                     0x08003859   Thumb Code    98  d2f.o(x$fpl$d2f)
    __aeabi_dadd                             0x080038bd   Thumb Code     0  daddsub_clz.o(x$fpl$dadd)
    _dadd                                    0x080038bd   Thumb Code   332  daddsub_clz.o(x$fpl$dadd)
    __aeabi_ddiv                             0x08003a0d   Thumb Code     0  ddiv.o(x$fpl$ddiv)
    _ddiv                                    0x08003a0d   Thumb Code   552  ddiv.o(x$fpl$ddiv)
    __aeabi_ui2d                             0x08003cbd   Thumb Code     0  dflt_clz.o(x$fpl$dfltu)
    _dfltu                                   0x08003cbd   Thumb Code    38  dflt_clz.o(x$fpl$dfltu)
    __aeabi_dmul                             0x08003ce5   Thumb Code     0  dmul.o(x$fpl$dmul)
    _dmul                                    0x08003ce5   Thumb Code   332  dmul.o(x$fpl$dmul)
    __fpl_dnaninf                            0x08003e39   Thumb Code   156  dnaninf.o(x$fpl$dnaninf)
    __fpl_dretinf                            0x08003ed5   Thumb Code    12  dretinf.o(x$fpl$dretinf)
    __aeabi_dsub                             0x08003ee1   Thumb Code     0  daddsub_clz.o(x$fpl$dsub)
    _dsub                                    0x08003ee1   Thumb Code   464  daddsub_clz.o(x$fpl$dsub)
    __aeabi_f2d                              0x080040b5   Thumb Code     0  f2d.o(x$fpl$f2d)
    _f2d                                     0x080040b5   Thumb Code    86  f2d.o(x$fpl$f2d)
    __aeabi_fadd                             0x0800410d   Thumb Code     0  faddsub_clz.o(x$fpl$fadd)
    _fadd                                    0x0800410d   Thumb Code   196  faddsub_clz.o(x$fpl$fadd)
    __fpl_fcmp_Inf                           0x080041d1   Thumb Code    24  fcmpi.o(x$fpl$fcmpinf)
    __aeabi_f2iz                             0x080041e9   Thumb Code     0  ffix.o(x$fpl$ffix)
    _ffix                                    0x080041e9   Thumb Code    54  ffix.o(x$fpl$ffix)
    __aeabi_i2f                              0x08004221   Thumb Code     0  fflt_clz.o(x$fpl$fflt)
    _fflt                                    0x08004221   Thumb Code    48  fflt_clz.o(x$fpl$fflt)
    __aeabi_cfcmple                          0x08004251   Thumb Code     0  fleqf.o(x$fpl$fleqf)
    _fcmple                                  0x08004251   Thumb Code   104  fleqf.o(x$fpl$fleqf)
    __fpl_fcmple_InfNaN                      0x080042a3   Thumb Code     0  fleqf.o(x$fpl$fleqf)
    __aeabi_fmul                             0x080042b9   Thumb Code     0  fmul.o(x$fpl$fmul)
    _fmul                                    0x080042b9   Thumb Code   258  fmul.o(x$fpl$fmul)
    __fpl_fnaninf                            0x080043bb   Thumb Code   140  fnaninf.o(x$fpl$fnaninf)
    __fpl_fretinf                            0x08004447   Thumb Code    10  fretinf.o(x$fpl$fretinf)
    __aeabi_cfrcmple                         0x08004451   Thumb Code     0  frleqf.o(x$fpl$frleqf)
    _frcmple                                 0x08004451   Thumb Code    98  frleqf.o(x$fpl$frleqf)
    __aeabi_fsub                             0x080044b5   Thumb Code     0  faddsub_clz.o(x$fpl$fsub)
    _fsub                                    0x080044b5   Thumb Code   234  faddsub_clz.o(x$fpl$fsub)
    _printf_fp_dec                           0x0800459f   Thumb Code     4  printf1.o(x$fpl$printf1)
    _printf_fp_hex                           0x080045a3   Thumb Code     4  printf2.o(x$fpl$printf2)
    OLED_F8x16                               0x080045a6   Data        1520  oled_data.o(.constdata)
    __I$use$fp                               0x080045a6   Number         0  usenofp.o(x$fpl$usenofp)
    OLED_F6x8                                0x08004b96   Data         570  oled_data.o(.constdata)
    OLED_CF16x16                             0x08004dd0   Data         259  oled_data.o(.constdata)
    Diode                                    0x08004ed3   Data          32  oled_data.o(.constdata)
    Region$$Table$$Base                      0x08004ff0   Number         0  anon$$obj.o(Region$$Table)
    Region$$Table$$Limit                     0x08005010   Number         0  anon$$obj.o(Region$$Table)
    __ctype                                  0x08005039   Data           0  lc_ctype_c.o(locale$$data)
    Key_Num                                  0x20000014   Data           1  key.o(.data)
    Serial_RxData                            0x20000018   Data           1  serial.o(.data)
    Serial_RxFlag                            0x20000019   Data           1  serial.o(.data)
    KeyNum                                   0x2000001c   Data           1  main.o(.data)
    Target                                   0x20000020   Data           4  main.o(.data)
    Actual                                   0x20000024   Data           4  main.o(.data)
    Out                                      0x20000028   Data           4  main.o(.data)
    Kp                                       0x2000002c   Data           4  main.o(.data)
    Ki                                       0x20000030   Data           4  main.o(.data)
    Kd                                       0x20000034   Data           4  main.o(.data)
    Erro0                                    0x20000038   Data           4  main.o(.data)
    Erro1                                    0x2000003c   Data           4  main.o(.data)
    ErroInt                                  0x20000040   Data           4  main.o(.data)
    DifOut                                   0x20000044   Data           4  main.o(.data)
    OLED_DisplayBuf                          0x2000004c   Data        1024  oled.o(.bss)
    _random_number_data                      0x2000044c   Data         228  rand.o(.bss)
    __libspace_start                         0x20000530   Data          96  libspace.o(.bss)
    __temporary_stack_top$libspace           0x20000590   Data           0  libspace.o(.bss)



==============================================================================

Memory Map of the image

  Image Entry point : 0x080000ed

  Load Region LR_IROM1 (Base: 0x08000000, Size: 0x00005188, Max: 0x00010000, ABSOLUTE)

    Execution Region ER_IROM1 (Exec base: 0x08000000, Load base: 0x08000000, Size: 0x0000513c, Max: 0x00010000, ABSOLUTE)

    Exec Addr    Load Addr    Size         Type   Attr      Idx    E Section Name        Object

    0x08000000   0x08000000   0x000000ec   Data   RO            3    RESET               startup_stm32f10x_md.o
    0x080000ec   0x080000ec   0x00000008   Code   RO         3928  * !!!main             c_w.l(__main.o)
    0x080000f4   0x080000f4   0x00000034   Code   RO         4369    !!!scatter          c_w.l(__scatter.o)
    0x08000128   0x08000128   0x0000001a   Code   RO         4371    !!handler_copy      c_w.l(__scatter_copy.o)
    0x08000142   0x08000142   0x00000002   PAD
    0x08000144   0x08000144   0x0000001c   Code   RO         4373    !!handler_zi        c_w.l(__scatter_zi.o)
    0x08000160   0x08000160   0x00000000   Code   RO         4080    .ARM.Collect$$_printf_percent$$00000000  c_w.l(_printf_percent.o)
    0x08000160   0x08000160   0x00000006   Code   RO         4069    .ARM.Collect$$_printf_percent$$00000001  c_w.l(_printf_n.o)
    0x08000166   0x08000166   0x00000006   Code   RO         4071    .ARM.Collect$$_printf_percent$$00000002  c_w.l(_printf_p.o)
    0x0800016c   0x0800016c   0x00000006   Code   RO         4076    .ARM.Collect$$_printf_percent$$00000003  c_w.l(_printf_f.o)
    0x08000172   0x08000172   0x00000006   Code   RO         4077    .ARM.Collect$$_printf_percent$$00000004  c_w.l(_printf_e.o)
    0x08000178   0x08000178   0x00000006   Code   RO         4078    .ARM.Collect$$_printf_percent$$00000005  c_w.l(_printf_g.o)
    0x0800017e   0x0800017e   0x00000006   Code   RO         4079    .ARM.Collect$$_printf_percent$$00000006  c_w.l(_printf_a.o)
    0x08000184   0x08000184   0x0000000a   Code   RO         4084    .ARM.Collect$$_printf_percent$$00000007  c_w.l(_printf_ll.o)
    0x0800018e   0x0800018e   0x00000006   Code   RO         4073    .ARM.Collect$$_printf_percent$$00000008  c_w.l(_printf_i.o)
    0x08000194   0x08000194   0x00000006   Code   RO         4074    .ARM.Collect$$_printf_percent$$00000009  c_w.l(_printf_d.o)
    0x0800019a   0x0800019a   0x00000006   Code   RO         4075    .ARM.Collect$$_printf_percent$$0000000A  c_w.l(_printf_u.o)
    0x080001a0   0x080001a0   0x00000006   Code   RO         4072    .ARM.Collect$$_printf_percent$$0000000B  c_w.l(_printf_o.o)
    0x080001a6   0x080001a6   0x00000006   Code   RO         4070    .ARM.Collect$$_printf_percent$$0000000C  c_w.l(_printf_x.o)
    0x080001ac   0x080001ac   0x00000006   Code   RO         4081    .ARM.Collect$$_printf_percent$$0000000D  c_w.l(_printf_lli.o)
    0x080001b2   0x080001b2   0x00000006   Code   RO         4082    .ARM.Collect$$_printf_percent$$0000000E  c_w.l(_printf_lld.o)
    0x080001b8   0x080001b8   0x00000006   Code   RO         4083    .ARM.Collect$$_printf_percent$$0000000F  c_w.l(_printf_llu.o)
    0x080001be   0x080001be   0x00000006   Code   RO         4088    .ARM.Collect$$_printf_percent$$00000010  c_w.l(_printf_llo.o)
    0x080001c4   0x080001c4   0x00000006   Code   RO         4089    .ARM.Collect$$_printf_percent$$00000011  c_w.l(_printf_llx.o)
    0x080001ca   0x080001ca   0x0000000a   Code   RO         4085    .ARM.Collect$$_printf_percent$$00000012  c_w.l(_printf_l.o)
    0x080001d4   0x080001d4   0x00000006   Code   RO         4067    .ARM.Collect$$_printf_percent$$00000013  c_w.l(_printf_c.o)
    0x080001da   0x080001da   0x00000006   Code   RO         4068    .ARM.Collect$$_printf_percent$$00000014  c_w.l(_printf_s.o)
    0x080001e0   0x080001e0   0x00000006   Code   RO         4086    .ARM.Collect$$_printf_percent$$00000015  c_w.l(_printf_lc.o)
    0x080001e6   0x080001e6   0x00000006   Code   RO         4087    .ARM.Collect$$_printf_percent$$00000016  c_w.l(_printf_ls.o)
    0x080001ec   0x080001ec   0x00000004   Code   RO         4218    .ARM.Collect$$_printf_percent$$00000017  c_w.l(_printf_percent_end.o)
    0x080001f0   0x080001f0   0x00000002   Code   RO         4284    .ARM.Collect$$libinit$$00000000  c_w.l(libinit.o)
    0x080001f2   0x080001f2   0x00000000   Code   RO         4091    .ARM.Collect$$libinit$$00000002  c_w.l(libinit2.o)
    0x080001f2   0x080001f2   0x00000000   Code   RO         4093    .ARM.Collect$$libinit$$00000004  c_w.l(libinit2.o)
    0x080001f2   0x080001f2   0x00000000   Code   RO         4096    .ARM.Collect$$libinit$$0000000A  c_w.l(libinit2.o)
    0x080001f2   0x080001f2   0x00000000   Code   RO         4098    .ARM.Collect$$libinit$$0000000C  c_w.l(libinit2.o)
    0x080001f2   0x080001f2   0x00000004   Code   RO         4099    .ARM.Collect$$libinit$$0000000D  c_w.l(libinit2.o)
    0x080001f6   0x080001f6   0x00000000   Code   RO         4100    .ARM.Collect$$libinit$$0000000E  c_w.l(libinit2.o)
    0x080001f6   0x080001f6   0x00000006   Code   RO         4101    .ARM.Collect$$libinit$$0000000F  c_w.l(libinit2.o)
    0x080001fc   0x080001fc   0x00000000   Code   RO         4103    .ARM.Collect$$libinit$$00000011  c_w.l(libinit2.o)
    0x080001fc   0x080001fc   0x0000000c   Code   RO         4104    .ARM.Collect$$libinit$$00000012  c_w.l(libinit2.o)
    0x08000208   0x08000208   0x00000000   Code   RO         4105    .ARM.Collect$$libinit$$00000013  c_w.l(libinit2.o)
    0x08000208   0x08000208   0x00000000   Code   RO         4107    .ARM.Collect$$libinit$$00000015  c_w.l(libinit2.o)
    0x08000208   0x08000208   0x0000000a   Code   RO         4108    .ARM.Collect$$libinit$$00000016  c_w.l(libinit2.o)
    0x08000212   0x08000212   0x00000000   Code   RO         4109    .ARM.Collect$$libinit$$00000017  c_w.l(libinit2.o)
    0x08000212   0x08000212   0x00000000   Code   RO         4111    .ARM.Collect$$libinit$$00000019  c_w.l(libinit2.o)
    0x08000212   0x08000212   0x00000000   Code   RO         4113    .ARM.Collect$$libinit$$0000001B  c_w.l(libinit2.o)
    0x08000212   0x08000212   0x00000000   Code   RO         4115    .ARM.Collect$$libinit$$0000001D  c_w.l(libinit2.o)
    0x08000212   0x08000212   0x00000000   Code   RO         4117    .ARM.Collect$$libinit$$0000001F  c_w.l(libinit2.o)
    0x08000212   0x08000212   0x00000000   Code   RO         4119    .ARM.Collect$$libinit$$00000021  c_w.l(libinit2.o)
    0x08000212   0x08000212   0x00000000   Code   RO         4121    .ARM.Collect$$libinit$$00000023  c_w.l(libinit2.o)
    0x08000212   0x08000212   0x00000000   Code   RO         4123    .ARM.Collect$$libinit$$00000025  c_w.l(libinit2.o)
    0x08000212   0x08000212   0x00000000   Code   RO         4127    .ARM.Collect$$libinit$$0000002C  c_w.l(libinit2.o)
    0x08000212   0x08000212   0x00000000   Code   RO         4129    .ARM.Collect$$libinit$$0000002E  c_w.l(libinit2.o)
    0x08000212   0x08000212   0x00000000   Code   RO         4131    .ARM.Collect$$libinit$$00000030  c_w.l(libinit2.o)
    0x08000212   0x08000212   0x00000000   Code   RO         4133    .ARM.Collect$$libinit$$00000032  c_w.l(libinit2.o)
    0x08000212   0x08000212   0x00000002   Code   RO         4134    .ARM.Collect$$libinit$$00000033  c_w.l(libinit2.o)
    0x08000214   0x08000214   0x00000002   Code   RO         4330    .ARM.Collect$$libshutdown$$00000000  c_w.l(libshutdown.o)
    0x08000216   0x08000216   0x00000000   Code   RO         4336    .ARM.Collect$$libshutdown$$00000002  c_w.l(libshutdown2.o)
    0x08000216   0x08000216   0x00000000   Code   RO         4338    .ARM.Collect$$libshutdown$$00000004  c_w.l(libshutdown2.o)
    0x08000216   0x08000216   0x00000000   Code   RO         4341    .ARM.Collect$$libshutdown$$00000007  c_w.l(libshutdown2.o)
    0x08000216   0x08000216   0x00000000   Code   RO         4344    .ARM.Collect$$libshutdown$$0000000A  c_w.l(libshutdown2.o)
    0x08000216   0x08000216   0x00000000   Code   RO         4346    .ARM.Collect$$libshutdown$$0000000C  c_w.l(libshutdown2.o)
    0x08000216   0x08000216   0x00000000   Code   RO         4349    .ARM.Collect$$libshutdown$$0000000F  c_w.l(libshutdown2.o)
    0x08000216   0x08000216   0x00000002   Code   RO         4350    .ARM.Collect$$libshutdown$$00000010  c_w.l(libshutdown2.o)
    0x08000218   0x08000218   0x00000000   Code   RO         3996    .ARM.Collect$$rtentry$$00000000  c_w.l(__rtentry.o)
    0x08000218   0x08000218   0x00000000   Code   RO         4184    .ARM.Collect$$rtentry$$00000002  c_w.l(__rtentry2.o)
    0x08000218   0x08000218   0x00000006   Code   RO         4196    .ARM.Collect$$rtentry$$00000004  c_w.l(__rtentry4.o)
    0x0800021e   0x0800021e   0x00000000   Code   RO         4186    .ARM.Collect$$rtentry$$00000009  c_w.l(__rtentry2.o)
    0x0800021e   0x0800021e   0x00000004   Code   RO         4187    .ARM.Collect$$rtentry$$0000000A  c_w.l(__rtentry2.o)
    0x08000222   0x08000222   0x00000000   Code   RO         4189    .ARM.Collect$$rtentry$$0000000C  c_w.l(__rtentry2.o)
    0x08000222   0x08000222   0x00000008   Code   RO         4190    .ARM.Collect$$rtentry$$0000000D  c_w.l(__rtentry2.o)
    0x0800022a   0x0800022a   0x00000002   Code   RO         4291    .ARM.Collect$$rtexit$$00000000  c_w.l(rtexit.o)
    0x0800022c   0x0800022c   0x00000000   Code   RO         4308    .ARM.Collect$$rtexit$$00000002  c_w.l(rtexit2.o)
    0x0800022c   0x0800022c   0x00000004   Code   RO         4309    .ARM.Collect$$rtexit$$00000003  c_w.l(rtexit2.o)
    0x08000230   0x08000230   0x00000006   Code   RO         4310    .ARM.Collect$$rtexit$$00000004  c_w.l(rtexit2.o)
    0x08000236   0x08000236   0x00000002   PAD
    0x08000238   0x08000238   0x00000034   Code   RO         3919    .emb_text           c_w.l(rand.o)
    0x0800026c   0x0800026c   0x00000040   Code   RO            4    .text               startup_stm32f10x_md.o
    0x080002ac   0x080002ac   0x00000024   Code   RO         3917    .text               c_w.l(vsprintf.o)
    0x080002d0   0x080002d0   0x0000003c   Code   RO         3920    .text               c_w.l(rand.o)
    0x0800030c   0x0800030c   0x00000080   Code   RO         3924    .text               c_w.l(strcmpv7m.o)
    0x0800038c   0x0800038c   0x00000006   Code   RO         3926    .text               c_w.l(heapauxi.o)
    0x08000392   0x08000392   0x0000004e   Code   RO         4001    .text               c_w.l(_printf_pad.o)
    0x080003e0   0x080003e0   0x00000024   Code   RO         4003    .text               c_w.l(_printf_truncate.o)
    0x08000404   0x08000404   0x00000052   Code   RO         4005    .text               c_w.l(_printf_str.o)
    0x08000456   0x08000456   0x00000002   PAD
    0x08000458   0x08000458   0x00000078   Code   RO         4007    .text               c_w.l(_printf_dec.o)
    0x080004d0   0x080004d0   0x00000028   Code   RO         4009    .text               c_w.l(_printf_charcount.o)
    0x080004f8   0x080004f8   0x00000030   Code   RO         4011    .text               c_w.l(_printf_char_common.o)
    0x08000528   0x08000528   0x0000000a   Code   RO         4013    .text               c_w.l(_sputc.o)
    0x08000532   0x08000532   0x00000002   PAD
    0x08000534   0x08000534   0x000000bc   Code   RO         4015    .text               c_w.l(_printf_wctomb.o)
    0x080005f0   0x080005f0   0x0000007c   Code   RO         4018    .text               c_w.l(_printf_longlong_dec.o)
    0x0800066c   0x0800066c   0x00000070   Code   RO         4024    .text               c_w.l(_printf_oct_int_ll.o)
    0x080006dc   0x080006dc   0x00000094   Code   RO         4044    .text               c_w.l(_printf_hex_int_ll_ptr.o)
    0x08000770   0x08000770   0x00000188   Code   RO         4064    .text               c_w.l(__printf_flags_ss_wp.o)
    0x080008f8   0x080008f8   0x0000008a   Code   RO         4203    .text               c_w.l(lludiv10.o)
    0x08000982   0x08000982   0x000000b2   Code   RO         4205    .text               c_w.l(_printf_intcommon.o)
    0x08000a34   0x08000a34   0x0000041e   Code   RO         4207    .text               c_w.l(_printf_fp_dec.o)
    0x08000e52   0x08000e52   0x00000002   PAD
    0x08000e54   0x08000e54   0x000002fc   Code   RO         4209    .text               c_w.l(_printf_fp_hex.o)
    0x08001150   0x08001150   0x0000002c   Code   RO         4214    .text               c_w.l(_printf_char.o)
    0x0800117c   0x0800117c   0x0000002c   Code   RO         4216    .text               c_w.l(_printf_wchar.o)
    0x080011a8   0x080011a8   0x00000040   Code   RO         4219    .text               c_w.l(_wcrtomb.o)
    0x080011e8   0x080011e8   0x00000008   Code   RO         4231    .text               c_w.l(libspace.o)
    0x080011f0   0x080011f0   0x0000004a   Code   RO         4234    .text               c_w.l(sys_stackheap_outer.o)
    0x0800123a   0x0800123a   0x00000002   PAD
    0x0800123c   0x0800123c   0x00000010   Code   RO         4236    .text               c_w.l(rt_ctype_table.o)
    0x0800124c   0x0800124c   0x00000008   Code   RO         4241    .text               c_w.l(rt_locale_intlibspace.o)
    0x08001254   0x08001254   0x00000080   Code   RO         4243    .text               c_w.l(_printf_fp_infnan.o)
    0x080012d4   0x080012d4   0x000000e4   Code   RO         4245    .text               c_w.l(bigflt0.o)
    0x080013b8   0x080013b8   0x00000012   Code   RO         4273    .text               c_w.l(exit.o)
    0x080013ca   0x080013ca   0x00000002   Code   RO         4304    .text               c_w.l(use_no_semi.o)
    0x080013cc   0x080013cc   0x00000000   Code   RO         4306    .text               c_w.l(indicate_semi.o)
    0x080013cc   0x080013cc   0x0000000c   Code   RO         4322    .text               c_w.l(sys_exit.o)
    0x080013d8   0x080013d8   0x0000003e   Code   RO         4248    CL$$btod_d2e        c_w.l(btod.o)
    0x08001416   0x08001416   0x00000046   Code   RO         4250    CL$$btod_d2e_denorm_low  c_w.l(btod.o)
    0x0800145c   0x0800145c   0x00000060   Code   RO         4249    CL$$btod_d2e_norm_op1  c_w.l(btod.o)
    0x080014bc   0x080014bc   0x00000338   Code   RO         4258    CL$$btod_div_common  c_w.l(btod.o)
    0x080017f4   0x080017f4   0x000000dc   Code   RO         4255    CL$$btod_e2e        c_w.l(btod.o)
    0x080018d0   0x080018d0   0x0000002a   Code   RO         4252    CL$$btod_ediv       c_w.l(btod.o)
    0x080018fa   0x080018fa   0x0000002a   Code   RO         4251    CL$$btod_emul       c_w.l(btod.o)
    0x08001924   0x08001924   0x00000244   Code   RO         4257    CL$$btod_mult_common  c_w.l(btod.o)
    0x08001b68   0x08001b68   0x00000016   Code   RO          202    i.ADC_Cmd           stm32f10x_adc.o
    0x08001b7e   0x08001b7e   0x00000014   Code   RO          210    i.ADC_GetCalibrationStatus  stm32f10x_adc.o
    0x08001b92   0x08001b92   0x00000008   Code   RO          211    i.ADC_GetConversionValue  stm32f10x_adc.o
    0x08001b9a   0x08001b9a   0x00000012   Code   RO          213    i.ADC_GetFlagStatus  stm32f10x_adc.o
    0x08001bac   0x08001bac   0x00000014   Code   RO          216    i.ADC_GetResetCalibrationStatus  stm32f10x_adc.o
    0x08001bc0   0x08001bc0   0x00000050   Code   RO          220    i.ADC_Init          stm32f10x_adc.o
    0x08001c10   0x08001c10   0x000000b8   Code   RO          224    i.ADC_RegularChannelConfig  stm32f10x_adc.o
    0x08001cc8   0x08001cc8   0x0000000a   Code   RO          225    i.ADC_ResetCalibration  stm32f10x_adc.o
    0x08001cd2   0x08001cd2   0x00000016   Code   RO          227    i.ADC_SoftwareStartConvCmd  stm32f10x_adc.o
    0x08001ce8   0x08001ce8   0x0000000a   Code   RO          229    i.ADC_StartCalibration  stm32f10x_adc.o
    0x08001cf2   0x08001cf2   0x00000004   Code   RO         3852    i.BusFault_Handler  stm32f10x_it.o
    0x08001cf6   0x08001cf6   0x00000002   Code   RO         3853    i.DebugMon_Handler  stm32f10x_it.o
    0x08001cf8   0x08001cf8   0x0000001c   Code   RO         3613    i.Encoder_Get       encoder.o
    0x08001d14   0x08001d14   0x000000a0   Code   RO         3614    i.Encoder_Init      encoder.o
    0x08001db4   0x08001db4   0x00000116   Code   RO         1347    i.GPIO_Init         stm32f10x_gpio.o
    0x08001eca   0x08001eca   0x00000012   Code   RO         1351    i.GPIO_ReadInputDataBit  stm32f10x_gpio.o
    0x08001edc   0x08001edc   0x00000004   Code   RO         1354    i.GPIO_ResetBits    stm32f10x_gpio.o
    0x08001ee0   0x08001ee0   0x00000004   Code   RO         1355    i.GPIO_SetBits      stm32f10x_gpio.o
    0x08001ee4   0x08001ee4   0x0000000a   Code   RO         1358    i.GPIO_WriteBit     stm32f10x_gpio.o
    0x08001eee   0x08001eee   0x00000004   Code   RO         3854    i.HardFault_Handler  stm32f10x_it.o
    0x08001ef2   0x08001ef2   0x00000002   PAD
    0x08001ef4   0x08001ef4   0x00000050   Code   RO         3521    i.Key_GetState      key.o
    0x08001f44   0x08001f44   0x00000048   Code   RO         3522    i.Key_Init          key.o
    0x08001f8c   0x08001f8c   0x00000050   Code   RO         3523    i.Key_Tick          key.o
    0x08001fdc   0x08001fdc   0x00000004   Code   RO         3855    i.MemManage_Handler  stm32f10x_it.o
    0x08001fe0   0x08001fe0   0x00000030   Code   RO         3574    i.Motor_Init        motor.o
    0x08002010   0x08002010   0x00000048   Code   RO         3575    i.Motor_SetPWM      motor.o
    0x08002058   0x08002058   0x00000002   Code   RO         3856    i.NMI_Handler       stm32f10x_it.o
    0x0800205a   0x0800205a   0x00000002   PAD
    0x0800205c   0x0800205c   0x00000070   Code   RO          137    i.NVIC_Init         misc.o
    0x080020cc   0x080020cc   0x00000014   Code   RO          138    i.NVIC_PriorityGroupConfig  misc.o
    0x080020e0   0x080020e0   0x00000028   Code   RO         3262    i.OLED_Clear        oled.o
    0x08002108   0x08002108   0x00000090   Code   RO         3263    i.OLED_ClearArea    oled.o
    0x08002198   0x08002198   0x00000060   Code   RO         3271    i.OLED_GPIO_Init    oled.o
    0x080021f8   0x080021f8   0x0000003e   Code   RO         3273    i.OLED_I2C_SendByte  oled.o
    0x08002236   0x08002236   0x0000001c   Code   RO         3274    i.OLED_I2C_Start    oled.o
    0x08002252   0x08002252   0x00000016   Code   RO         3275    i.OLED_I2C_Stop     oled.o
    0x08002268   0x08002268   0x0000009a   Code   RO         3276    i.OLED_Init         oled.o
    0x08002302   0x08002302   0x00000032   Code   RO         3279    i.OLED_Printf       oled.o
    0x08002334   0x08002334   0x00000022   Code   RO         3282    i.OLED_SetCursor    oled.o
    0x08002356   0x08002356   0x00000002   PAD
    0x08002358   0x08002358   0x00000054   Code   RO         3284    i.OLED_ShowChar     oled.o
    0x080023ac   0x080023ac   0x000000fc   Code   RO         3287    i.OLED_ShowImage    oled.o
    0x080024a8   0x080024a8   0x000001c4   Code   RO         3290    i.OLED_ShowString   oled.o
    0x0800266c   0x0800266c   0x00000028   Code   RO         3291    i.OLED_Update       oled.o
    0x08002694   0x08002694   0x00000018   Code   RO         3293    i.OLED_W_SCL        oled.o
    0x080026ac   0x080026ac   0x00000018   Code   RO         3294    i.OLED_W_SDA        oled.o
    0x080026c4   0x080026c4   0x00000020   Code   RO         3295    i.OLED_WriteCommand  oled.o
    0x080026e4   0x080026e4   0x0000002e   Code   RO         3296    i.OLED_WriteData    oled.o
    0x08002712   0x08002712   0x00000002   PAD
    0x08002714   0x08002714   0x00000094   Code   RO         3595    i.PWM_Init          pwm.o
    0x080027a8   0x080027a8   0x00000010   Code   RO         3596    i.PWM_SetCompare1   pwm.o
    0x080027b8   0x080027b8   0x00000002   Code   RO         3857    i.PendSV_Handler    stm32f10x_it.o
    0x080027ba   0x080027ba   0x00000002   PAD
    0x080027bc   0x080027bc   0x00000018   Code   RO         1773    i.RCC_ADCCLKConfig  stm32f10x_rcc.o
    0x080027d4   0x080027d4   0x00000020   Code   RO         1775    i.RCC_APB1PeriphClockCmd  stm32f10x_rcc.o
    0x080027f4   0x080027f4   0x00000020   Code   RO         1777    i.RCC_APB2PeriphClockCmd  stm32f10x_rcc.o
    0x08002814   0x08002814   0x000000d4   Code   RO         1785    i.RCC_GetClocksFreq  stm32f10x_rcc.o
    0x080028e8   0x080028e8   0x0000006c   Code   RO         3556    i.RP_GetValue       rp.o
    0x08002954   0x08002954   0x00000094   Code   RO         3557    i.RP_Init           rp.o
    0x080029e8   0x080029e8   0x00000002   Code   RO         3858    i.SVC_Handler       stm32f10x_it.o
    0x080029ea   0x080029ea   0x00000002   PAD
    0x080029ec   0x080029ec   0x000000b8   Code   RO         3633    i.Serial_Init       serial.o
    0x08002aa4   0x08002aa4   0x00000024   Code   RO         3635    i.Serial_Printf     serial.o
    0x08002ac8   0x08002ac8   0x00000020   Code   RO         3637    i.Serial_SendByte   serial.o
    0x08002ae8   0x08002ae8   0x0000001a   Code   RO         3639    i.Serial_SendString  serial.o
    0x08002b02   0x08002b02   0x00000008   Code   RO           24    i.SetSysClock       system_stm32f10x.o
    0x08002b0a   0x08002b0a   0x00000002   PAD
    0x08002b0c   0x08002b0c   0x000000e0   Code   RO           25    i.SetSysClockTo72   system_stm32f10x.o
    0x08002bec   0x08002bec   0x00000002   Code   RO         3859    i.SysTick_Handler   stm32f10x_it.o
    0x08002bee   0x08002bee   0x00000002   PAD
    0x08002bf0   0x08002bf0   0x00000060   Code   RO           27    i.SystemInit        system_stm32f10x.o
    0x08002c50   0x08002c50   0x00000080   Code   RO         2405    i.TI1_Config        stm32f10x_tim.o
    0x08002cd0   0x08002cd0   0x00000098   Code   RO         2406    i.TI2_Config        stm32f10x_tim.o
    0x08002d68   0x08002d68   0x00000090   Code   RO         2407    i.TI3_Config        stm32f10x_tim.o
    0x08002df8   0x08002df8   0x00000098   Code   RO         2408    i.TI4_Config        stm32f10x_tim.o
    0x08002e90   0x08002e90   0x00000138   Code   RO         3710    i.TIM1_UP_IRQHandler  main.o
    0x08002fc8   0x08002fc8   0x00000006   Code   RO         2415    i.TIM_ClearFlag     stm32f10x_tim.o
    0x08002fce   0x08002fce   0x00000006   Code   RO         2416    i.TIM_ClearITPendingBit  stm32f10x_tim.o
    0x08002fd4   0x08002fd4   0x00000018   Code   RO         2421    i.TIM_Cmd           stm32f10x_tim.o
    0x08002fec   0x08002fec   0x00000042   Code   RO         2430    i.TIM_EncoderInterfaceConfig  stm32f10x_tim.o
    0x0800302e   0x0800302e   0x00000006   Code   RO         2440    i.TIM_GetCounter    stm32f10x_tim.o
    0x08003034   0x08003034   0x00000022   Code   RO         2442    i.TIM_GetITStatus   stm32f10x_tim.o
    0x08003056   0x08003056   0x00000002   PAD
    0x08003058   0x08003058   0x000000ac   Code   RO         2444    i.TIM_ICInit        stm32f10x_tim.o
    0x08003104   0x08003104   0x00000012   Code   RO         2445    i.TIM_ICStructInit  stm32f10x_tim.o
    0x08003116   0x08003116   0x00000012   Code   RO         2446    i.TIM_ITConfig      stm32f10x_tim.o
    0x08003128   0x08003128   0x0000000c   Code   RO         2448    i.TIM_InternalClockConfig  stm32f10x_tim.o
    0x08003134   0x08003134   0x00000098   Code   RO         2450    i.TIM_OC1Init       stm32f10x_tim.o
    0x080031cc   0x080031cc   0x00000014   Code   RO         2468    i.TIM_OCStructInit  stm32f10x_tim.o
    0x080031e0   0x080031e0   0x00000004   Code   RO         2482    i.TIM_SetCompare1   stm32f10x_tim.o
    0x080031e4   0x080031e4   0x00000004   Code   RO         2486    i.TIM_SetCounter    stm32f10x_tim.o
    0x080031e8   0x080031e8   0x00000012   Code   RO         2487    i.TIM_SetIC1Prescaler  stm32f10x_tim.o
    0x080031fa   0x080031fa   0x0000001a   Code   RO         2488    i.TIM_SetIC2Prescaler  stm32f10x_tim.o
    0x08003214   0x08003214   0x00000012   Code   RO         2489    i.TIM_SetIC3Prescaler  stm32f10x_tim.o
    0x08003226   0x08003226   0x0000001a   Code   RO         2490    i.TIM_SetIC4Prescaler  stm32f10x_tim.o
    0x08003240   0x08003240   0x000000a4   Code   RO         2492    i.TIM_TimeBaseInit  stm32f10x_tim.o
    0x080032e4   0x080032e4   0x0000007c   Code   RO         3220    i.Timer_Init        timer.o
    0x08003360   0x08003360   0x00000038   Code   RO         3640    i.USART1_IRQHandler  serial.o
    0x08003398   0x08003398   0x0000001e   Code   RO         2957    i.USART_ClearITPendingBit  stm32f10x_usart.o
    0x080033b6   0x080033b6   0x00000018   Code   RO         2960    i.USART_Cmd         stm32f10x_usart.o
    0x080033ce   0x080033ce   0x0000001a   Code   RO         2963    i.USART_GetFlagStatus  stm32f10x_usart.o
    0x080033e8   0x080033e8   0x00000054   Code   RO         2964    i.USART_GetITStatus  stm32f10x_usart.o
    0x0800343c   0x0800343c   0x0000004a   Code   RO         2966    i.USART_ITConfig    stm32f10x_usart.o
    0x08003486   0x08003486   0x00000002   PAD
    0x08003488   0x08003488   0x000000d8   Code   RO         2967    i.USART_Init        stm32f10x_usart.o
    0x08003560   0x08003560   0x0000000a   Code   RO         2974    i.USART_ReceiveData  stm32f10x_usart.o
    0x0800356a   0x0800356a   0x00000008   Code   RO         2977    i.USART_SendData    stm32f10x_usart.o
    0x08003572   0x08003572   0x00000004   Code   RO         3860    i.UsageFault_Handler  stm32f10x_it.o
    0x08003576   0x08003576   0x00000028   Code   RO         4227    i.__ARM_fpclassify  m_ws.l(fpclassify.o)
    0x0800359e   0x0800359e   0x0000000e   Code   RO         4057    i._is_digit         c_w.l(__printf_wp.o)
    0x080035ac   0x080035ac   0x00000254   Code   RO         3711    i.main              main.o
    0x08003800   0x08003800   0x0000002c   Code   RO         4271    locale$$code        c_w.l(lc_numeric_c.o)
    0x0800382c   0x0800382c   0x0000002c   Code   RO         4296    locale$$code        c_w.l(lc_ctype_c.o)
    0x08003858   0x08003858   0x00000062   Code   RO         3930    x$fpl$d2f           fz_ws.l(d2f.o)
    0x080038ba   0x080038ba   0x00000002   PAD
    0x080038bc   0x080038bc   0x00000150   Code   RO         3932    x$fpl$dadd          fz_ws.l(daddsub_clz.o)
    0x08003a0c   0x08003a0c   0x000002b0   Code   RO         3939    x$fpl$ddiv          fz_ws.l(ddiv.o)
    0x08003cbc   0x08003cbc   0x00000026   Code   RO         3950    x$fpl$dfltu         fz_ws.l(dflt_clz.o)
    0x08003ce2   0x08003ce2   0x00000002   PAD
    0x08003ce4   0x08003ce4   0x00000154   Code   RO         3958    x$fpl$dmul          fz_ws.l(dmul.o)
    0x08003e38   0x08003e38   0x0000009c   Code   RO         4137    x$fpl$dnaninf       fz_ws.l(dnaninf.o)
    0x08003ed4   0x08003ed4   0x0000000c   Code   RO         4139    x$fpl$dretinf       fz_ws.l(dretinf.o)
    0x08003ee0   0x08003ee0   0x000001d4   Code   RO         3934    x$fpl$dsub          fz_ws.l(daddsub_clz.o)
    0x080040b4   0x080040b4   0x00000056   Code   RO         3962    x$fpl$f2d           fz_ws.l(f2d.o)
    0x0800410a   0x0800410a   0x00000002   PAD
    0x0800410c   0x0800410c   0x000000c4   Code   RO         3964    x$fpl$fadd          fz_ws.l(faddsub_clz.o)
    0x080041d0   0x080041d0   0x00000018   Code   RO         4143    x$fpl$fcmpinf       fz_ws.l(fcmpi.o)
    0x080041e8   0x080041e8   0x00000036   Code   RO         3970    x$fpl$ffix          fz_ws.l(ffix.o)
    0x0800421e   0x0800421e   0x00000002   PAD
    0x08004220   0x08004220   0x00000030   Code   RO         3975    x$fpl$fflt          fz_ws.l(fflt_clz.o)
    0x08004250   0x08004250   0x00000068   Code   RO         3980    x$fpl$fleqf         fz_ws.l(fleqf.o)
    0x080042b8   0x080042b8   0x00000102   Code   RO         3982    x$fpl$fmul          fz_ws.l(fmul.o)
    0x080043ba   0x080043ba   0x0000008c   Code   RO         4145    x$fpl$fnaninf       fz_ws.l(fnaninf.o)
    0x08004446   0x08004446   0x0000000a   Code   RO         4147    x$fpl$fretinf       fz_ws.l(fretinf.o)
    0x08004450   0x08004450   0x00000062   Code   RO         3984    x$fpl$frleqf        fz_ws.l(frleqf.o)
    0x080044b2   0x080044b2   0x00000002   PAD
    0x080044b4   0x080044b4   0x000000ea   Code   RO         3966    x$fpl$fsub          fz_ws.l(faddsub_clz.o)
    0x0800459e   0x0800459e   0x00000004   Code   RO         4149    x$fpl$printf1       fz_ws.l(printf1.o)
    0x080045a2   0x080045a2   0x00000004   Code   RO         4151    x$fpl$printf2       fz_ws.l(printf2.o)
    0x080045a6   0x080045a6   0x00000000   Code   RO         4157    x$fpl$usenofp       fz_ws.l(usenofp.o)
    0x080045a6   0x080045a6   0x0000094d   Data   RO         3508    .constdata          oled_data.o
    0x08004ef3   0x08004ef3   0x00000001   PAD
    0x08004ef4   0x08004ef4   0x00000008   Data   RO         4016    .constdata          c_w.l(_printf_wctomb.o)
    0x08004efc   0x08004efc   0x00000028   Data   RO         4045    .constdata          c_w.l(_printf_hex_int_ll_ptr.o)
    0x08004f24   0x08004f24   0x00000011   Data   RO         4065    .constdata          c_w.l(__printf_flags_ss_wp.o)
    0x08004f35   0x08004f35   0x00000026   Data   RO         4210    .constdata          c_w.l(_printf_fp_hex.o)
    0x08004f5b   0x08004f5b   0x00000001   PAD
    0x08004f5c   0x08004f5c   0x00000094   Data   RO         4246    .constdata          c_w.l(bigflt0.o)
    0x08004ff0   0x08004ff0   0x00000020   Data   RO         4367    Region$$Table       anon$$obj.o
    0x08005010   0x08005010   0x0000001c   Data   RO         4270    locale$$data        c_w.l(lc_numeric_c.o)
    0x0800502c   0x0800502c   0x00000110   Data   RO         4295    locale$$data        c_w.l(lc_ctype_c.o)


    Execution Region RW_IRAM1 (Exec base: 0x20000000, Load base: 0x0800513c, Size: 0x00000b90, Max: 0x00005000, ABSOLUTE)

    Exec Addr    Load Addr    Size         Type   Attr      Idx    E Section Name        Object

    0x20000000   0x0800513c   0x00000014   Data   RW         1805    .data               stm32f10x_rcc.o
    0x20000014   0x08005150   0x00000004   Data   RW         3524    .data               key.o
    0x20000018   0x08005154   0x00000002   Data   RW         3642    .data               serial.o
    0x2000001a   0x08005156   0x00000002   PAD
    0x2000001c   0x08005158   0x0000002e   Data   RW         3712    .data               main.o
    0x2000004a   0x08005186   0x00000002   PAD
    0x2000004c        -       0x00000400   Zero   RW         3298    .bss                oled.o
    0x2000044c        -       0x000000e4   Zero   RW         3921    .bss                c_w.l(rand.o)
    0x20000530        -       0x00000060   Zero   RW         4232    .bss                c_w.l(libspace.o)
    0x20000590        -       0x00000200   Zero   RW            2    HEAP                startup_stm32f10x_md.o
    0x20000790        -       0x00000400   Zero   RW            1    STACK               startup_stm32f10x_md.o


==============================================================================

Image component sizes


      Code (inc. data)   RO Data    RW Data    ZI Data      Debug   Object Name

         0          0          0          0          0       4508   core_cm3.o
       188         14          0          0          0       1061   encoder.o
       232         36          0          4          0       1623   key.o
       908        202          0         46          0       1495   main.o
       132         22          0          0          0     213627   misc.o
       120         10          0          0          0        932   motor.o
      1584         52          0          0       1024      10765   oled.o
         0          0       2381          0          0       1014   oled_data.o
       164          4          0          0          0       1053   pwm.o
       256         14          0          0          0       1080   rp.o
       334         26          0          2          0       2822   serial.o
        64         26        236          0       1536        800   startup_stm32f10x_md.o
       394         10          0          0          0      17985   stm32f10x_adc.o
       314          0          0          0          0      12164   stm32f10x_gpio.o
        26          0          0          0          0       3522   stm32f10x_it.o
       300         38          0         20          0      13317   stm32f10x_rcc.o
      1370        170          0          0          0      33614   stm32f10x_tim.o
       472          6          0          0          0      12231   stm32f10x_usart.o
       328         28          0          0          0      45021   system_stm32f10x.o
       124          4          0          0          0        521   timer.o

    ----------------------------------------------------------------------
      7330        662       2650         76       2560     379155   Object Totals
         0          0         32          0          0          0   (incl. Generated)
        20          0          1          4          0          0   (incl. Padding)

    ----------------------------------------------------------------------

      Code (inc. data)   RO Data    RW Data    ZI Data      Debug   Library Member Name

         8          0          0          0          0         68   __main.o
       392          4         17          0          0         92   __printf_flags_ss_wp.o
        14          0          0          0          0         68   __printf_wp.o
         0          0          0          0          0          0   __rtentry.o
        12          0          0          0          0          0   __rtentry2.o
         6          0          0          0          0          0   __rtentry4.o
        52          8          0          0          0          0   __scatter.o
        26          0          0          0          0          0   __scatter_copy.o
        28          0          0          0          0          0   __scatter_zi.o
         6          0          0          0          0          0   _printf_a.o
         6          0          0          0          0          0   _printf_c.o
        44          0          0          0          0        108   _printf_char.o
        48          6          0          0          0         96   _printf_char_common.o
        40          0          0          0          0         68   _printf_charcount.o
         6          0          0          0          0          0   _printf_d.o
       120         16          0          0          0         92   _printf_dec.o
         6          0          0          0          0          0   _printf_e.o
         6          0          0          0          0          0   _printf_f.o
      1054          0          0          0          0        216   _printf_fp_dec.o
       764          8         38          0          0        100   _printf_fp_hex.o
       128         16          0          0          0         84   _printf_fp_infnan.o
         6          0          0          0          0          0   _printf_g.o
       148          4         40          0          0        160   _printf_hex_int_ll_ptr.o
         6          0          0          0          0          0   _printf_i.o
       178          0          0          0          0         88   _printf_intcommon.o
        10          0          0          0          0          0   _printf_l.o
         6          0          0          0          0          0   _printf_lc.o
        10          0          0          0          0          0   _printf_ll.o
         6          0          0          0          0          0   _printf_lld.o
         6          0          0          0          0          0   _printf_lli.o
         6          0          0          0          0          0   _printf_llo.o
         6          0          0          0          0          0   _printf_llu.o
         6          0          0          0          0          0   _printf_llx.o
       124         16          0          0          0         92   _printf_longlong_dec.o
         6          0          0          0          0          0   _printf_ls.o
         6          0          0          0          0          0   _printf_n.o
         6          0          0          0          0          0   _printf_o.o
       112         10          0          0          0        124   _printf_oct_int_ll.o
         6          0          0          0          0          0   _printf_p.o
        78          0          0          0          0        108   _printf_pad.o
         0          0          0          0          0          0   _printf_percent.o
         4          0          0          0          0          0   _printf_percent_end.o
         6          0          0          0          0          0   _printf_s.o
        82          0          0          0          0         80   _printf_str.o
        36          0          0          0          0         84   _printf_truncate.o
         6          0          0          0          0          0   _printf_u.o
        44          0          0          0          0        108   _printf_wchar.o
       188          6          8          0          0         92   _printf_wctomb.o
         6          0          0          0          0          0   _printf_x.o
        10          0          0          0          0         68   _sputc.o
        64          0          0          0          0         92   _wcrtomb.o
       228          4        148          0          0         96   bigflt0.o
      1936        128          0          0          0        672   btod.o
        18          0          0          0          0         80   exit.o
         6          0          0          0          0        152   heapauxi.o
         0          0          0          0          0          0   indicate_semi.o
        44         10        272          0          0         76   lc_ctype_c.o
        44         10         28          0          0         76   lc_numeric_c.o
         2          0          0          0          0          0   libinit.o
        34          0          0          0          0          0   libinit2.o
         2          0          0          0          0          0   libshutdown.o
         2          0          0          0          0          0   libshutdown2.o
         8          4          0          0         96         68   libspace.o
       138          0          0          0          0         80   lludiv10.o
       112         18          0          0        228        160   rand.o
        16          4          0          0          0         76   rt_ctype_table.o
         8          4          0          0          0         68   rt_locale_intlibspace.o
         2          0          0          0          0          0   rtexit.o
        10          0          0          0          0          0   rtexit2.o
       128          0          0          0          0         68   strcmpv7m.o
        12          4          0          0          0         68   sys_exit.o
        74          0          0          0          0         80   sys_stackheap_outer.o
         2          0          0          0          0         68   use_no_semi.o
        36          4          0          0          0         76   vsprintf.o
        98          4          0          0          0         92   d2f.o
       804         16          0          0          0        272   daddsub_clz.o
       688        140          0          0          0        208   ddiv.o
        38          0          0          0          0         68   dflt_clz.o
       340         12          0          0          0        104   dmul.o
       156          4          0          0          0         92   dnaninf.o
        12          0          0          0          0         68   dretinf.o
        86          4          0          0          0         84   f2d.o
       430          8          0          0          0        168   faddsub_clz.o
        24          0          0          0          0         68   fcmpi.o
        54          4          0          0          0         84   ffix.o
        48          0          0          0          0         68   fflt_clz.o
       104          4          0          0          0         84   fleqf.o
       258          4          0          0          0         84   fmul.o
       140          4          0          0          0         84   fnaninf.o
        10          0          0          0          0         68   fretinf.o
        98          0          0          0          0         68   frleqf.o
         4          0          0          0          0         68   printf1.o
         4          0          0          0          0         68   printf2.o
         0          0          0          0          0          0   usenofp.o
        40          0          0          0          0         68   fpclassify.o

    ----------------------------------------------------------------------
     10264        488        552          0        324       6020   Library Totals
        22          0          1          0          0          0   (incl. Padding)

    ----------------------------------------------------------------------

      Code (inc. data)   RO Data    RW Data    ZI Data      Debug   Library Name

      6806        284        551          0        324       4052   c_w.l
      3396        204          0          0          0       1900   fz_ws.l
        40          0          0          0          0         68   m_ws.l

    ----------------------------------------------------------------------
     10264        488        552          0        324       6020   Library Totals

    ----------------------------------------------------------------------

==============================================================================


      Code (inc. data)   RO Data    RW Data    ZI Data      Debug   

     17594       1150       3202         76       2884     376851   Grand Totals
     17594       1150       3202         76       2884     376851   ELF Image Totals
     17594       1150       3202         76          0          0   ROM Totals

==============================================================================

    Total RO  Size (Code + RO Data)                20796 (  20.31kB)
    Total RW  Size (RW Data + ZI Data)              2960 (   2.89kB)
    Total ROM Size (Code + RO Data + RW Data)      20872 (  20.38kB)

==============================================================================

