Component: ARM Compiler 5.06 update 5 (build 528) Tool: armlink [4d35e2]

==============================================================================

Section Cross References

    startup_stm32f10x_md.o(STACK) refers (Special) to heapauxi.o(.text) for __use_two_region_memory
    startup_stm32f10x_md.o(HEAP) refers (Special) to heapauxi.o(.text) for __use_two_region_memory
    startup_stm32f10x_md.o(RESET) refers (Special) to heapauxi.o(.text) for __use_two_region_memory
    startup_stm32f10x_md.o(RESET) refers to startup_stm32f10x_md.o(STACK) for __initial_sp
    startup_stm32f10x_md.o(RESET) refers to startup_stm32f10x_md.o(.text) for Reset_Handler
    startup_stm32f10x_md.o(RESET) refers to stm32f10x_it.o(i.NMI_Handler) for NMI_Handler
    startup_stm32f10x_md.o(RESET) refers to stm32f10x_it.o(i.HardFault_Handler) for HardFault_Handler
    startup_stm32f10x_md.o(RESET) refers to stm32f10x_it.o(i.MemManage_Handler) for MemManage_Handler
    startup_stm32f10x_md.o(RESET) refers to stm32f10x_it.o(i.BusFault_Handler) for BusFault_Handler
    startup_stm32f10x_md.o(RESET) refers to stm32f10x_it.o(i.UsageFault_Handler) for UsageFault_Handler
    startup_stm32f10x_md.o(RESET) refers to stm32f10x_it.o(i.SVC_Handler) for SVC_Handler
    startup_stm32f10x_md.o(RESET) refers to stm32f10x_it.o(i.DebugMon_Handler) for DebugMon_Handler
    startup_stm32f10x_md.o(RESET) refers to stm32f10x_it.o(i.PendSV_Handler) for PendSV_Handler
    startup_stm32f10x_md.o(RESET) refers to stm32f10x_it.o(i.SysTick_Handler) for SysTick_Handler
    startup_stm32f10x_md.o(RESET) refers to main.o(i.TIM1_UP_IRQHandler) for TIM1_UP_IRQHandler
    startup_stm32f10x_md.o(RESET) refers to serial.o(i.USART1_IRQHandler) for USART1_IRQHandler
    startup_stm32f10x_md.o(RESET) refers to blueserial.o(i.USART2_IRQHandler) for USART2_IRQHandler
    startup_stm32f10x_md.o(.text) refers (Special) to heapauxi.o(.text) for __use_two_region_memory
    startup_stm32f10x_md.o(.text) refers to system_stm32f10x.o(i.SystemInit) for SystemInit
    startup_stm32f10x_md.o(.text) refers to __main.o(!!!main) for __main
    startup_stm32f10x_md.o(.text) refers to startup_stm32f10x_md.o(HEAP) for Heap_Mem
    startup_stm32f10x_md.o(.text) refers to startup_stm32f10x_md.o(STACK) for Stack_Mem
    system_stm32f10x.o(i.SetSysClock) refers to system_stm32f10x.o(i.SetSysClockTo72) for SetSysClockTo72
    system_stm32f10x.o(i.SystemCoreClockUpdate) refers to system_stm32f10x.o(.data) for SystemCoreClock
    system_stm32f10x.o(i.SystemInit) refers to system_stm32f10x.o(i.SetSysClock) for SetSysClock
    stm32f10x_adc.o(i.ADC_DeInit) refers to stm32f10x_rcc.o(i.RCC_APB2PeriphResetCmd) for RCC_APB2PeriphResetCmd
    stm32f10x_bkp.o(i.BKP_DeInit) refers to stm32f10x_rcc.o(i.RCC_BackupResetCmd) for RCC_BackupResetCmd
    stm32f10x_can.o(i.CAN_DeInit) refers to stm32f10x_rcc.o(i.RCC_APB1PeriphResetCmd) for RCC_APB1PeriphResetCmd
    stm32f10x_can.o(i.CAN_GetITStatus) refers to stm32f10x_can.o(i.CheckITStatus) for CheckITStatus
    stm32f10x_cec.o(i.CEC_DeInit) refers to stm32f10x_rcc.o(i.RCC_APB1PeriphResetCmd) for RCC_APB1PeriphResetCmd
    stm32f10x_dac.o(i.DAC_DeInit) refers to stm32f10x_rcc.o(i.RCC_APB1PeriphResetCmd) for RCC_APB1PeriphResetCmd
    stm32f10x_flash.o(i.FLASH_EnableWriteProtection) refers to stm32f10x_flash.o(i.FLASH_WaitForLastOperation) for FLASH_WaitForLastOperation
    stm32f10x_flash.o(i.FLASH_EraseAllBank1Pages) refers to stm32f10x_flash.o(i.FLASH_WaitForLastBank1Operation) for FLASH_WaitForLastBank1Operation
    stm32f10x_flash.o(i.FLASH_EraseAllPages) refers to stm32f10x_flash.o(i.FLASH_WaitForLastOperation) for FLASH_WaitForLastOperation
    stm32f10x_flash.o(i.FLASH_EraseOptionBytes) refers to stm32f10x_flash.o(i.FLASH_GetReadOutProtectionStatus) for FLASH_GetReadOutProtectionStatus
    stm32f10x_flash.o(i.FLASH_EraseOptionBytes) refers to stm32f10x_flash.o(i.FLASH_WaitForLastOperation) for FLASH_WaitForLastOperation
    stm32f10x_flash.o(i.FLASH_ErasePage) refers to stm32f10x_flash.o(i.FLASH_WaitForLastOperation) for FLASH_WaitForLastOperation
    stm32f10x_flash.o(i.FLASH_ProgramHalfWord) refers to stm32f10x_flash.o(i.FLASH_WaitForLastOperation) for FLASH_WaitForLastOperation
    stm32f10x_flash.o(i.FLASH_ProgramOptionByteData) refers to stm32f10x_flash.o(i.FLASH_WaitForLastOperation) for FLASH_WaitForLastOperation
    stm32f10x_flash.o(i.FLASH_ProgramWord) refers to stm32f10x_flash.o(i.FLASH_WaitForLastOperation) for FLASH_WaitForLastOperation
    stm32f10x_flash.o(i.FLASH_ReadOutProtection) refers to stm32f10x_flash.o(i.FLASH_WaitForLastOperation) for FLASH_WaitForLastOperation
    stm32f10x_flash.o(i.FLASH_UserOptionByteConfig) refers to stm32f10x_flash.o(i.FLASH_WaitForLastOperation) for FLASH_WaitForLastOperation
    stm32f10x_flash.o(i.FLASH_WaitForLastBank1Operation) refers to stm32f10x_flash.o(i.FLASH_GetBank1Status) for FLASH_GetBank1Status
[...]
    i.MemManage_Handler                      0x08002030   Section        0  stm32f10x_it.o(i.MemManage_Handler)
    i.MyI2C_Init                             0x08002034   Section        0  myi2c.o(i.MyI2C_Init)
    i.MyI2C_R_SDA                            0x0800206c   Section        0  myi2c.o(i.MyI2C_R_SDA)
    i.MyI2C_ReceiveAck                       0x08002084   Section        0  myi2c.o(i.MyI2C_ReceiveAck)
    i.MyI2C_ReceiveByte                      0x080020a2   Section        0  myi2c.o(i.MyI2C_ReceiveByte)
    i.MyI2C_SendAck                          0x080020d4   Section        0  myi2c.o(i.MyI2C_SendAck)
    i.MyI2C_SendByte                         0x080020ec   Section        0  myi2c.o(i.MyI2C_SendByte)
    i.MyI2C_Start                            0x0800211e   Section        0  myi2c.o(i.MyI2C_Start)
    i.MyI2C_Stop                             0x0800213a   Section        0  myi2c.o(i.MyI2C_Stop)
    i.MyI2C_W_SCL                            0x08002150   Section        0  myi2c.o(i.MyI2C_W_SCL)
    i.MyI2C_W_SDA                            0x08002168   Section        0  myi2c.o(i.MyI2C_W_SDA)
    i.NMI_Handler                            0x08002180   Section        0  stm32f10x_it.o(i.NMI_Handler)
    i.NVIC_Init                              0x08002184   Section        0  misc.o(i.NVIC_Init)
    i.NVIC_PriorityGroupConfig               0x080021f4   Section        0  misc.o(i.NVIC_PriorityGroupConfig)
    i.OLED_Clear                             0x08002208   Section        0  oled.o(i.OLED_Clear)
    i.OLED_ClearArea                         0x08002230   Section        0  oled.o(i.OLED_ClearArea)
    i.OLED_GPIO_Init                         0x080022c0   Section        0  oled.o(i.OLED_GPIO_Init)
    i.OLED_I2C_SendByte                      0x08002320   Section        0  oled.o(i.OLED_I2C_SendByte)
    i.OLED_I2C_Start                         0x0800235e   Section        0  oled.o(i.OLED_I2C_Start)
    i.OLED_I2C_Stop                          0x0800237a   Section        0  oled.o(i.OLED_I2C_Stop)
    i.OLED_Init                              0x08002390   Section        0  oled.o(i.OLED_Init)
    i.OLED_Printf                            0x0800242a   Section        0  oled.o(i.OLED_Printf)
    i.OLED_SetCursor                         0x0800245c   Section        0  oled.o(i.OLED_SetCursor)
    i.OLED_ShowChar                          0x08002480   Section        0  oled.o(i.OLED_ShowChar)
    i.OLED_ShowImage                         0x080024d4   Section        0  oled.o(i.OLED_ShowImage)
    i.OLED_ShowString                        0x080025d0   Section        0  oled.o(i.OLED_ShowString)
    i.OLED_Update                            0x08002794   Section        0  oled.o(i.OLED_Update)
    i.OLED_W_SCL                             0x080027bc   Section        0  oled.o(i.OLED_W_SCL)
    i.OLED_W_SDA                             0x080027d4   Section        0  oled.o(i.OLED_W_SDA)
    i.OLED_WriteCommand                      0x080027ec   Section        0  oled.o(i.OLED_WriteCommand)
    i.OLED_WriteData                         0x0800280c   Section        0  oled.o(i.OLED_WriteData)
    i.PendSV_Handler                         0x0800283a   Section        0  stm32f10x_it.o(i.PendSV_Handler)
    i.RCC_APB1PeriphClockCmd                 0x0800283c   Section        0  stm32f10x_rcc.o(i.RCC_APB1PeriphClockCmd)
    i.RCC_APB2PeriphClockCmd                 0x0800285c   Section        0  stm32f10x_rcc.o(i.RCC_APB2PeriphClockCmd)
    i.RCC_GetClocksFreq                      0x0800287c   Section        0  stm32f10x_rcc.o(i.RCC_GetClocksFreq)
    i.SVC_Handler                            0x08002950   Section        0  stm32f10x_it.o(i.SVC_Handler)
    i.SetSysClock                            0x08002952   Section        0  system_stm32f10x.o(i.SetSysClock)
    SetSysClock                              0x08002953   Thumb Code     8  system_stm32f10x.o(i.SetSysClock)
    i.SetSysClockTo72                        0x0800295c   Section        0  system_stm32f10x.o(i.SetSysClockTo72)
    SetSysClockTo72                          0x0800295d   Thumb Code   214  system_stm32f10x.o(i.SetSysClockTo72)
    i.SysTick_Handler                        0x08002a3c   Section        0  stm32f10x_it.o(i.SysTick_Handler)
    i.SystemInit                             0x08002a40   Section        0  system_stm32f10x.o(i.SystemInit)
    i.TIM1_UP_IRQHandler                     0x08002aa0   Section        0  main.o(i.TIM1_UP_IRQHandler)
    i.TIM_ClearFlag                          0x08002c14   Section        0  stm32f10x_tim.o(i.TIM_ClearFlag)
    i.TIM_ClearITPendingBit                  0x08002c1a   Section        0  stm32f10x_tim.o(i.TIM_ClearITPendingBit)
    i.TIM_Cmd                                0x08002c20   Section        0  stm32f10x_tim.o(i.TIM_Cmd)
    i.TIM_GetCounter                         0x08002c38   Section        0  stm32f10x_tim.o(i.TIM_GetCounter)
    i.TIM_GetITStatus                        0x08002c3e   Section        0  stm32f10x_tim.o(i.TIM_GetITStatus)
    i.TIM_ITConfig                           0x08002c60   Section        0  stm32f10x_tim.o(i.TIM_ITConfig)
    i.TIM_InternalClockConfig                0x08002c72   Section        0  stm32f10x_tim.o(i.TIM_InternalClockConfig)
    i.TIM_TimeBaseInit                       0x08002c80   Section        0  stm32f10x_tim.o(i.TIM_TimeBaseInit)
    i.Timer_Init                             0x08002d24   Section        0  timer.o(i.Timer_Init)
    i.USART1_IRQHandler                      0x08002da0   Section        0  serial.o(i.USART1_IRQHandler)
    i.USART2_IRQHandler                      0x08002dd8   Section        0  blueserial.o(i.USART2_IRQHandler)
    i.USART_ClearITPendingBit                0x08002e64   Section        0  stm32f10x_usart.o(i.USART_ClearITPendingBit)
    i.USART_Cmd                              0x08002e82   Section        0  stm32f10x_usart.o(i.USART_Cmd)
    i.USART_GetFlagStatus                    0x08002e9a   Section        0  stm32f10x_usart.o(i.USART_GetFlagStatus)
    i.USART_GetITStatus                      0x08002eb4   Section        0  stm32f10x_usart.o(i.USART_GetITStatus)
    i.USART_ITConfig                         0x08002f08   Section        0  stm32f10x_usart.o(i.USART_ITConfig)
    i.USART_Init                             0x08002f54   Section        0  stm32f10x_usart.o(i.USART_Init)
    i.USART_ReceiveData                      0x0800302c   Section        0  stm32f10x_usart.o(i.USART_ReceiveData)
    i.USART_SendData                         0x08003036   Section        0  stm32f10x_usart.o(i.USART_SendData)
    i.UsageFault_Handler                     0x0800303e   Section        0  stm32f10x_it.o(i.UsageFault_Handler)
    i.__ARM_fpclassify                       0x08003042   Section        0  fpclassify.o(i.__ARM_fpclassify)
    i.__kernel_poly                          0x0800306a   Section        0  poly.o(i.__kernel_poly)
    i.__mathlib_dbl_infnan                   0x08003114   Section        0  dunder.o(i.__mathlib_dbl_infnan)
    i.__mathlib_dbl_infnan2                  0x0800311a   Section        0  dunder.o(i.__mathlib_dbl_infnan2)
    i.__mathlib_dbl_underflow                0x08003120   Section        0  dunder.o(i.__mathlib_dbl_underflow)
    i._is_digit                              0x08003130   Section        0  __printf_wp.o(i._is_digit)
    i.atan                                   0x08003140   Section        0  atan.o(i.atan)
    i.atan2                                  0x08003360   Section        0  atan2.o(i.atan2)
    i.main                                   0x080034e0   Section        0  main.o(i.main)
    locale$$code                             0x08003628   Section       44  lc_numeric_c.o(locale$$code)
    locale$$code                             0x08003654   Section       44  lc_ctype_c.o(locale$$code)
    x$fpl$d2f                                0x08003680   Section       98  d2f.o(x$fpl$d2f)
    x$fpl$dadd                               0x080036e4   Section      336  daddsub_clz.o(x$fpl$dadd)
    _dadd1                                   0x080036f5   Thumb Code     0  daddsub_clz.o(x$fpl$dadd)
    x$fpl$dcheck1                            0x08003834   Section       16  dcheck1.o(x$fpl$dcheck1)
    x$fpl$ddiv                               0x08003844   Section      688  ddiv.o(x$fpl$ddiv)
    ddiv_entry                               0x0800384b   Thumb Code     0  ddiv.o(x$fpl$ddiv)
    x$fpl$dflt                               0x08003af4   Section       46  dflt_clz.o(x$fpl$dflt)
    x$fpl$dmul                               0x08003b24   Section      340  dmul.o(x$fpl$dmul)
    x$fpl$dnaninf                            0x08003c78   Section      156  dnaninf.o(x$fpl$dnaninf)
    x$fpl$dretinf                            0x08003d14   Section       12  dretinf.o(x$fpl$dretinf)
    x$fpl$drsb                               0x08003d20   Section       22  daddsub_clz.o(x$fpl$drsb)
    x$fpl$dsub                               0x08003d38   Section      468  daddsub_clz.o(x$fpl$dsub)
    _dsub1                                   0x08003d49   Thumb Code     0  daddsub_clz.o(x$fpl$dsub)
    x$fpl$f2d                                0x08003f0c   Section       86  f2d.o(x$fpl$f2d)
    x$fpl$fadd                               0x08003f64   Section      196  faddsub_clz.o(x$fpl$fadd)
    _fadd1                                   0x08003f73   Thumb Code     0  faddsub_clz.o(x$fpl$fadd)
    x$fpl$ffix                               0x08004028   Section       54  ffix.o(x$fpl$ffix)
    x$fpl$fflt                               0x08004060   Section       48  fflt_clz.o(x$fpl$fflt)
    x$fpl$fmul                               0x08004090   Section      258  fmul.o(x$fpl$fmul)
    x$fpl$fnaninf                            0x08004192   Section      140  fnaninf.o(x$fpl$fnaninf)
    x$fpl$fretinf                            0x0800421e   Section       10  fretinf.o(x$fpl$fretinf)
    x$fpl$fsub                               0x08004228   Section      234  faddsub_clz.o(x$fpl$fsub)
    _fsub1                                   0x08004237   Thumb Code     0  faddsub_clz.o(x$fpl$fsub)
    x$fpl$printf1                            0x08004312   Section        4  printf1.o(x$fpl$printf1)
    x$fpl$printf2                            0x08004316   Section        4  printf2.o(x$fpl$printf2)
    x$fpl$retnan                             0x0800431a   Section      100  retnan.o(x$fpl$retnan)
    x$fpl$scalbn                             0x0800437e   Section       92  scalbn.o(x$fpl$scalbn)
    x$fpl$trapveneer                         0x080043da   Section       48  trapv.o(x$fpl$trapveneer)
    .constdata                               0x0800440a   Section     2381  oled_data.o(.constdata)
    x$fpl$usenofp                            0x0800440a   Section        0  usenofp.o(x$fpl$usenofp)
    .constdata                               0x08004d58   Section        8  _printf_wctomb.o(.constdata)
    initial_mbstate                          0x08004d58   Data           8  _printf_wctomb.o(.constdata)
    .constdata                               0x08004d60   Section       40  _printf_hex_int_ll_ptr.o(.constdata)
    uc_hextab                                0x08004d60   Data          20  _printf_hex_int_ll_ptr.o(.constdata)
    lc_hextab                                0x08004d74   Data          20  _printf_hex_int_ll_ptr.o(.constdata)
    .constdata                               0x08004d88   Section       17  __printf_flags_ss_wp.o(.constdata)
    maptable                                 0x08004d88   Data          17  __printf_flags_ss_wp.o(.constdata)
    .constdata                               0x08004da0   Section      152  atan.o(.constdata)
    atanhi                                   0x08004da0   Data          32  atan.o(.constdata)
    atanlo                                   0x08004dc0   Data          32  atan.o(.constdata)
    aTodd                                    0x08004de0   Data          40  atan.o(.constdata)
    aTeven                                   0x08004e08   Data          48  atan.o(.constdata)
    .constdata                               0x08004e38   Section        8  qnan.o(.constdata)
    .constdata                               0x08004e40   Section       38  _printf_fp_hex.o(.constdata)
    lc_hextab                                0x08004e40   Data          19  _printf_fp_hex.o(.constdata)
    uc_hextab                                0x08004e53   Data          19  _printf_fp_hex.o(.constdata)
    .constdata                               0x08004e68   Section      148  bigflt0.o(.constdata)
    tenpwrs_x                                0x08004e68   Data          60  bigflt0.o(.constdata)
    tenpwrs_i                                0x08004ea4   Data          64  bigflt0.o(.constdata)
    locale$$data                             0x08004f1c   Section       28  lc_numeric_c.o(locale$$data)
    __lcnum_c_name                           0x08004f20   Data           2  lc_numeric_c.o(locale$$data)
    __lcnum_c_start                          0x08004f28   Data           0  lc_numeric_c.o(locale$$data)
    __lcnum_c_point                          0x08004f34   Data           0  lc_numeric_c.o(locale$$data)
    __lcnum_c_thousands                      0x08004f36   Data           0  lc_numeric_c.o(locale$$data)
    __lcnum_c_grouping                       0x08004f37   Data           0  lc_numeric_c.o(locale$$data)
    locale$$data                             0x08004f38   Section      272  lc_ctype_c.o(locale$$data)
    __lcnum_c_end                            0x08004f38   Data           0  lc_numeric_c.o(locale$$data)
    __lcctype_c_name                         0x08004f3c   Data           2  lc_ctype_c.o(locale$$data)
    __lcctype_c_start                        0x08004f44   Data           0  lc_ctype_c.o(locale$$data)
    __lcctype_c_end                          0x08005048   Data           0  lc_ctype_c.o(locale$$data)
    .data                                    0x20000000   Section       20  stm32f10x_rcc.o(.data)
    APBAHBPrescTable                         0x20000000   Data          16  stm32f10x_rcc.o(.data)
    ADCPrescTable                            0x20000010   Data           4  stm32f10x_rcc.o(.data)
    .data                                    0x20000014   Section       12  mpu6050.o(.data)
    .data                                    0x20000020   Section        2  serial.o(.data)
    .data                                    0x20000022   Section        3  blueserial.o(.data)
    RxState                                  0x20000023   Data           1  blueserial.o(.data)
    pRxPacket                                0x20000024   Data           1  blueserial.o(.data)
    .data                                    0x20000028   Section       28  main.o(.data)
    .bss                                     0x20000044   Section     1024  oled.o(.bss)
    .bss                                     0x20000444   Section      100  blueserial.o(.bss)
    .bss                                     0x200004a8   Section       96  libspace.o(.bss)
    HEAP                                     0x20000508   Section      512  startup_stm32f10x_md.o(HEAP)
    Heap_Mem                                 0x20000508   Data         512  startup_stm32f10x_md.o(HEAP)
    STACK                                    0x20000708   Section     1024  startup_stm32f10x_md.o(STACK)
    Stack_Mem                                0x20000708   Data        1024  startup_stm32f10x_md.o(STACK)
    __initial_sp                             0x20000b08   Data           0  startup_stm32f10x_md.o(STACK)

    Global Symbols

    Symbol Name                              Value     Ov Type        Size  Object(Section)

    BuildAttributes$$THM_ISAv4$P$D$K$B$S$PE$A:L22UL41UL21$X:L11$S22US41US21$IEEE1$IW$USESV6$~STKCKD$USESV7$~SHL$OTIME$ROPI$IEEEX$EBA8$UX$STANDARDLIB$REQ8$PRES8$EABIv2 0x00000000   Number         0  anon$$obj.o ABSOLUTE
    __ARM_use_no_argv                        0x00000000   Number         0  main.o ABSOLUTE
    _printf_flags                            0x00000000   Number         0  printf_stubs.o ABSOLUTE
    _printf_return_value                     0x00000000   Number         0  printf_stubs.o ABSOLUTE
    _printf_sizespec                         0x00000000   Number         0  printf_stubs.o ABSOLUTE
    _printf_widthprec                        0x00000000   Number         0  printf_stubs.o ABSOLUTE
    __ARM_exceptions_init                     - Undefined Weak Reference
    __alloca_initialize                       - Undefined Weak Reference
    __arm_preinit_                            - Undefined Weak Reference
    __cpp_initialize__aeabi_                  - Undefined Weak Reference
    __cxa_finalize                            - Undefined Weak Reference
    __sigvec_lookup                           - Undefined Weak Reference
    _atexit_init                              - Undefined Weak Reference
    _call_atexit_fns                          - Undefined Weak Reference
    _clock_init                               - Undefined Weak Reference
    _fp_trap_init                             - Undefined Weak Reference
    _fp_trap_shutdown                         - Undefined Weak Reference
    _get_lc_collate                           - Undefined Weak Reference
    _get_lc_monetary                          - Undefined Weak Reference
    _get_lc_time                              - Undefined Weak Reference
    _getenv_init                              - Undefined Weak Reference
    _handle_redirection                       - Undefined Weak Reference
    _init_alloc                               - Undefined Weak Reference
    _init_user_alloc                          - Undefined Weak Reference
    _initio                                   - Undefined Weak Reference
    _printf_mbtowc                            - Undefined Weak Reference
    _printf_wc                                - Undefined Weak Reference
    _rand_init                                - Undefined Weak Reference
    _signal_finish                            - Undefined Weak Reference
    _signal_init                              - Undefined Weak Reference
    _terminate_alloc                          - Undefined Weak Reference
    _terminate_user_alloc                     - Undefined Weak Reference
    _terminateio                              - Undefined Weak Reference
    __Vectors_Size                           0x000000ec   Number         0  startup_stm32f10x_md.o ABSOLUTE
    __Vectors                                0x08000000   Data           4  startup_stm32f10x_md.o(RESET)
    __Vectors_End                            0x080000ec   Data           0  startup_stm32f10x_md.o(RESET)
    __main                                   0x080000ed   Thumb Code     8  __main.o(!!!main)
    __scatterload                            0x080000f5   Thumb Code     0  __scatter.o(!!!scatter)
    __scatterload_rt2                        0x080000f5   Thumb Code    44  __scatter.o(!!!scatter)
    __scatterload_rt2_thumb_only             0x080000f5   Thumb Code     0  __scatter.o(!!!scatter)
    __scatterload_null                       0x08000103   Thumb Code     0  __scatter.o(!!!scatter)
    __scatterload_copy                       0x08000129   Thumb Code    26  __scatter_copy.o(!!handler_copy)
    __scatterload_zeroinit                   0x08000145   Thumb Code    28  __scatter_zi.o(!!handler_zi)
    _printf_n                                0x08000161   Thumb Code     0  _printf_n.o(.ARM.Collect$$_printf_percent$$00000001)
    _printf_percent                          0x08000161   Thumb Code     0  _printf_percent.o(.ARM.Collect$$_printf_percent$$00000000)
    _printf_p                                0x08000167   Thumb Code     0  _printf_p.o(.ARM.Collect$$_printf_percent$$00000002)
    _printf_f                                0x0800016d   Thumb Code     0  _printf_f.o(.ARM.Collect$$_printf_percent$$00000003)
    _printf_e                                0x08000173   Thumb Code     0  _printf_e.o(.ARM.Collect$$_printf_percent$$00000004)
    _printf_g                                0x08000179   Thumb Code     0  _printf_g.o(.ARM.Collect$$_printf_percent$$00000005)
    _printf_a                                0x0800017f   Thumb Code     0  _printf_a.o(.ARM.Collect$$_printf_percent$$00000006)
    _printf_ll                               0x08000185   Thumb Code     0  _printf_ll.o(.ARM.Collect$$_printf_percent$$00000007)
    _printf_i                                0x0800018f   Thumb Code     0  _printf_i.o(.ARM.Collect$$_printf_percent$$00000008)
    _printf_d                                0x08000195   Thumb Code     0  _printf_d.o(.ARM.Collect$$_printf_percent$$00000009)
    _printf_u                                0x0800019b   Thumb Code     0  _printf_u.o(.ARM.Collect$$_printf_percent$$0000000A)
    _printf_o                                0x080001a1   Thumb Code     0  _printf_o.o(.ARM.Collect$$_printf_percent$$0000000B)
    _printf_x                                0x080001a7   Thumb Code     0  _printf_x.o(.ARM.Collect$$_printf_percent$$0000000C)
    _printf_lli                              0x080001ad   Thumb Code     0  _printf_lli.o(.ARM.Collect$$_printf_percent$$0000000D)
    _printf_lld                              0x080001b3   Thumb Code     0  _printf_lld.o(.ARM.Collect$$_printf_percent$$0000000E)
    _printf_llu                              0x080001b9   Thumb Code     0  _printf_llu.o(.ARM.Collect$$_printf_percent$$0000000F)
    _printf_llo                              0x080001bf   Thumb Code     0  _printf_llo.o(.ARM.Collect$$_printf_percent$$00000010)
    _printf_llx                              0x080001c5   Thumb Code     0  _printf_llx.o(.ARM.Collect$$_printf_percent$$00000011)
    _printf_l                                0x080001cb   Thumb Code     0  _printf_l.o(.ARM.Collect$$_printf_percent$$00000012)
    _printf_c                                0x080001d5   Thumb Code     0  _printf_c.o(.ARM.Collect$$_printf_percent$$00000013)
    _printf_s                                0x080001db   Thumb Code     0  _printf_s.o(.ARM.Collect$$_printf_percent$$00000014)
    _printf_lc                               0x080001e1   Thumb Code     0  _printf_lc.o(.ARM.Collect$$_printf_percent$$00000015)
    _printf_ls                               0x080001e7   Thumb Code     0  _printf_ls.o(.ARM.Collect$$_printf_percent$$00000016)
    _printf_percent_end                      0x080001ed   Thumb Code     0  _printf_percent_end.o(.ARM.Collect$$_printf_percent$$00000017)
    __rt_lib_init                            0x080001f1   Thumb Code     0  libinit.o(.ARM.Collect$$libinit$$00000000)
    __rt_lib_init_fp_1                       0x080001f3   Thumb Code     0  libinit2.o(.ARM.Collect$$libinit$$00000002)
    __rt_lib_init_heap_1                     0x080001f3   Thumb Code     0  libinit2.o(.ARM.Collect$$libinit$$0000000A)
    __rt_lib_init_lc_common                  0x080001f3   Thumb Code     0  libinit2.o(.ARM.Collect$$libinit$$0000000F)
    __rt_lib_init_preinit_1                  0x080001f3   Thumb Code     0  libinit2.o(.ARM.Collect$$libinit$$00000004)
    __rt_lib_init_rand_1                     0x080001f3   Thumb Code     0  libinit2.o(.ARM.Collect$$libinit$$0000000E)
    __rt_lib_init_user_alloc_1               0x080001f3   Thumb Code     0  libinit2.o(.ARM.Collect$$libinit$$0000000C)
    __rt_lib_init_lc_collate_1               0x080001f9   Thumb Code     0  libinit2.o(.ARM.Collect$$libinit$$00000011)
    __rt_lib_init_lc_ctype_2                 0x080001f9   Thumb Code     0  libinit2.o(.ARM.Collect$$libinit$$00000012)
    __rt_lib_init_lc_ctype_1                 0x08000205   Thumb Code     0  libinit2.o(.ARM.Collect$$libinit$$00000013)
    __rt_lib_init_lc_monetary_1              0x08000205   Thumb Code     0  libinit2.o(.ARM.Collect$$libinit$$00000015)
    __rt_lib_init_lc_numeric_2               0x08000205   Thumb Code     0  libinit2.o(.ARM.Collect$$libinit$$00000016)
    __rt_lib_init_alloca_1                   0x0800020f   Thumb Code     0  libinit2.o(.ARM.Collect$$libinit$$0000002E)
    __rt_lib_init_argv_1                     0x0800020f   Thumb Code     0  libinit2.o(.ARM.Collect$$libinit$$0000002C)
    __rt_lib_init_atexit_1                   0x0800020f   Thumb Code     0  libinit2.o(.ARM.Collect$$libinit$$0000001B)
    __rt_lib_init_clock_1                    0x0800020f   Thumb Code     0  libinit2.o(.ARM.Collect$$libinit$$00000021)
    __rt_lib_init_cpp_1                      0x0800020f   Thumb Code     0  libinit2.o(.ARM.Collect$$libinit$$00000032)
    __rt_lib_init_exceptions_1               0x0800020f   Thumb Code     0  libinit2.o(.ARM.Collect$$libinit$$00000030)
    __rt_lib_init_fp_trap_1                  0x0800020f   Thumb Code     0  libinit2.o(.ARM.Collect$$libinit$$0000001F)
    __rt_lib_init_getenv_1                   0x0800020f   Thumb Code     0  libinit2.o(.ARM.Collect$$libinit$$00000023)
    __rt_lib_init_lc_numeric_1               0x0800020f   Thumb Code     0  libinit2.o(.ARM.Collect$$libinit$$00000017)
    __rt_lib_init_lc_time_1                  0x0800020f   Thumb Code     0  libinit2.o(.ARM.Collect$$libinit$$00000019)
    __rt_lib_init_return                     0x0800020f   Thumb Code     0  libinit2.o(.ARM.Collect$$libinit$$00000033)
    __rt_lib_init_signal_1                   0x0800020f   Thumb Code     0  libinit2.o(.ARM.Collect$$libinit$$0000001D)
    __rt_lib_init_stdio_1                    0x0800020f   Thumb Code     0  libinit2.o(.ARM.Collect$$libinit$$00000025)
    __rt_lib_shutdown                        0x08000211   Thumb Code     0  libshutdown.o(.ARM.Collect$$libshutdown$$00000000)
    __rt_lib_shutdown_cpp_1                  0x08000213   Thumb Code     0  libshutdown2.o(.ARM.Collect$$libshutdown$$00000002)
    __rt_lib_shutdown_fp_trap_1              0x08000213   Thumb Code     0  libshutdown2.o(.ARM.Collect$$libshutdown$$00000007)
    __rt_lib_shutdown_heap_1                 0x08000213   Thumb Code     0  libshutdown2.o(.ARM.Collect$$libshutdown$$0000000F)
    __rt_lib_shutdown_return                 0x08000213   Thumb Code     0  libshutdown2.o(.ARM.Collect$$libshutdown$$00000010)
    __rt_lib_shutdown_signal_1               0x08000213   Thumb Code     0  libshutdown2.o(.ARM.Collect$$libshutdown$$0000000A)
    __rt_lib_shutdown_stdio_1                0x08000213   Thumb Code     0  libshutdown2.o(.ARM.Collect$$libshutdown$$00000004)
    __rt_lib_shutdown_user_alloc_1           0x08000213   Thumb Code     0  libshutdown2.o(.ARM.Collect$$libshutdown$$0000000C)
    __rt_entry                               0x08000215   Thumb Code     0  __rtentry.o(.ARM.Collect$$rtentry$$00000000)
    __rt_entry_presh_1                       0x08000215   Thumb Code     0  __rtentry2.o(.ARM.Collect$$rtentry$$00000002)
    __rt_entry_sh                            0x08000215   Thumb Code     0  __rtentry4.o(.ARM.Collect$$rtentry$$00000004)
    __rt_entry_li                            0x0800021b   Thumb Code     0  __rtentry2.o(.ARM.Collect$$rtentry$$0000000A)
    __rt_entry_postsh_1                      0x0800021b   Thumb Code     0  __rtentry2.o(.ARM.Collect$$rtentry$$00000009)
    __rt_entry_main                          0x0800021f   Thumb Code     0  __rtentry2.o(.ARM.Collect$$rtentry$$0000000D)
    __rt_entry_postli_1                      0x0800021f   Thumb Code     0  __rtentry2.o(.ARM.Collect$$rtentry$$0000000C)
    __rt_exit                                0x08000227   Thumb Code     0  rtexit.o(.ARM.Collect$$rtexit$$00000000)
    __rt_exit_ls                             0x08000229   Thumb Code     0  rtexit2.o(.ARM.Collect$$rtexit$$00000003)
    __rt_exit_prels_1                        0x08000229   Thumb Code     0  rtexit2.o(.ARM.Collect$$rtexit$$00000002)
    __rt_exit_exit                           0x0800022d   Thumb Code     0  rtexit2.o(.ARM.Collect$$rtexit$$00000004)
    Reset_Handler                            0x08000235   Thumb Code     8  startup_stm32f10x_md.o(.text)
    ADC1_2_IRQHandler                        0x0800024f   Thumb Code     0  startup_stm32f10x_md.o(.text)
    CAN1_RX1_IRQHandler                      0x0800024f   Thumb Code     0  startup_stm32f10x_md.o(.text)
    CAN1_SCE_IRQHandler                      0x0800024f   Thumb Code     0  startup_stm32f10x_md.o(.text)
    DMA1_Channel1_IRQHandler                 0x0800024f   Thumb Code     0  startup_stm32f10x_md.o(.text)
    DMA1_Channel2_IRQHandler                 0x0800024f   Thumb Code     0  startup_stm32f10x_md.o(.text)
    DMA1_Channel3_IRQHandler                 0x0800024f   Thumb Code     0  startup_stm32f10x_md.o(.text)
    DMA1_Channel4_IRQHandler                 0x0800024f   Thumb Code     0  startup_stm32f10x_md.o(.text)
    DMA1_Channel5_IRQHandler                 0x0800024f   Thumb Code     0  startup_stm32f10x_md.o(.text)
    DMA1_Channel6_IRQHandler                 0x0800024f   Thumb Code     0  startup_stm32f10x_md.o(.text)
    DMA1_Channel7_IRQHandler                 0x0800024f   Thumb Code     0  startup_stm32f10x_md.o(.text)
    EXTI0_IRQHandler                         0x0800024f   Thumb Code     0  startup_stm32f10x_md.o(.text)
    EXTI15_10_IRQHandler                     0x0800024f   Thumb Code     0  startup_stm32f10x_md.o(.text)
    EXTI1_IRQHandler                         0x0800024f   Thumb Code     0  startup_stm32f10x_md.o(.text)
    EXTI2_IRQHandler                         0x0800024f   Thumb Code     0  startup_stm32f10x_md.o(.text)
    EXTI3_IRQHandler                         0x0800024f   Thumb Code     0  startup_stm32f10x_md.o(.text)
    EXTI4_IRQHandler                         0x0800024f   Thumb Code     0  startup_stm32f10x_md.o(.text)
    EXTI9_5_IRQHandler                       0x0800024f   Thumb Code     0  startup_stm32f10x_md.o(.text)
    FLASH_IRQHandler                         0x0800024f   Thumb Code     0  startup_stm32f10x_md.o(.text)
    I2C1_ER_IRQHandler                       0x0800024f   Thumb Code     0  startup_stm32f10x_md.o(.text)
    I2C1_EV_IRQHandler                       0x0800024f   Thumb Code     0  startup_stm32f10x_md.o(.text)
    I2C2_ER_IRQHandler                       0x0800024f   Thumb Code     0  startup_stm32f10x_md.o(.text)
    I2C2_EV_IRQHandler                       0x0800024f   Thumb Code     0  startup_stm32f10x_md.o(.text)
    PVD_IRQHandler                           0x0800024f   Thumb Code     0  startup_stm32f10x_md.o(.text)
    RCC_IRQHandler                           0x0800024f   Thumb Code     0  startup_stm32f10x_md.o(.text)
    RTCAlarm_IRQHandler                      0x0800024f   Thumb Code     0  startup_stm32f10x_md.o(.text)
    RTC_IRQHandler                           0x0800024f   Thumb Code     0  startup_stm32f10x_md.o(.text)
    SPI1_IRQHandler                          0x0800024f   Thumb Code     0  startup_stm32f10x_md.o(.text)
    SPI2_IRQHandler                          0x0800024f   Thumb Code     0  startup_stm32f10x_md.o(.text)
    TAMPER_IRQHandler                        0x0800024f   Thumb Code     0  startup_stm32f10x_md.o(.text)
    TIM1_BRK_IRQHandler                      0x0800024f   Thumb Code     0  startup_stm32f10x_md.o(.text)
    TIM1_CC_IRQHandler                       0x0800024f   Thumb Code     0  startup_stm32f10x_md.o(.text)
    TIM1_TRG_COM_IRQHandler                  0x0800024f   Thumb Code     0  startup_stm32f10x_md.o(.text)
    TIM2_IRQHandler                          0x0800024f   Thumb Code     0  startup_stm32f10x_md.o(.text)
    TIM3_IRQHandler                          0x0800024f   Thumb Code     0  startup_stm32f10x_md.o(.text)
    TIM4_IRQHandler                          0x0800024f   Thumb Code     0  startup_stm32f10x_md.o(.text)
    USART3_IRQHandler                        0x0800024f   Thumb Code     0  startup_stm32f10x_md.o(.text)
    USBWakeUp_IRQHandler                     0x0800024f   Thumb Code     0  startup_stm32f10x_md.o(.text)
    USB_HP_CAN1_TX_IRQHandler                0x0800024f   Thumb Code     0  startup_stm32f10x_md.o(.text)
    USB_LP_CAN1_RX0_IRQHandler               0x0800024f   Thumb Code     0  startup_stm32f10x_md.o(.text)
    WWDG_IRQHandler                          0x0800024f   Thumb Code     0  startup_stm32f10x_md.o(.text)
    __user_initial_stackheap                 0x08000251   Thumb Code     0  startup_stm32f10x_md.o(.text)
    vsprintf                                 0x08000275   Thumb Code    32  vsprintf.o(.text)
    strcmp                                   0x08000299   Thumb Code   128  strcmpv7m.o(.text)
    __use_two_region_memory                  0x08000319   Thumb Code     2  heapauxi.o(.text)
    __rt_heap_escrow$2region                 0x0800031b   Thumb Code     2  heapauxi.o(.text)
    __rt_heap_expand$2region                 0x0800031d   Thumb Code     2  heapauxi.o(.text)
    _printf_pre_padding                      0x0800031f   Thumb Code    44  _printf_pad.o(.text)
    _printf_post_padding                     0x0800034b   Thumb Code    34  _printf_pad.o(.text)
    _printf_truncate_signed                  0x0800036d   Thumb Code    18  _printf_truncate.o(.text)
    _printf_truncate_unsigned                0x0800037f   Thumb Code    18  _printf_truncate.o(.text)
    _printf_str                              0x08000391   Thumb Code    82  _printf_str.o(.text)
    _printf_int_dec                          0x080003e5   Thumb Code   104  _printf_dec.o(.text)
    _printf_charcount                        0x0800045d   Thumb Code    40  _printf_charcount.o(.text)
    _printf_char_common                      0x0800048f   Thumb Code    32  _printf_char_common.o(.text)
    _sputc                                   0x080004b5   Thumb Code    10  _sputc.o(.text)
    _printf_wctomb                           0x080004c1   Thumb Code   182  _printf_wctomb.o(.text)
    _printf_longlong_dec                     0x0800057d   Thumb Code   108  _printf_longlong_dec.o(.text)
    _printf_longlong_oct                     0x080005f9   Thumb Code    66  _printf_oct_int_ll.o(.text)
    _printf_int_oct                          0x0800063b   Thumb Code    24  _printf_oct_int_ll.o(.text)
    _printf_ll_oct                           0x08000653   Thumb Code    12  _printf_oct_int_ll.o(.text)
    _printf_longlong_hex                     0x08000669   Thumb Code    86  _printf_hex_int_ll_ptr.o(.text)
    _printf_int_hex                          0x080006bf   Thumb Code    28  _printf_hex_int_ll_ptr.o(.text)
    _printf_ll_hex                           0x080006db   Thumb Code    12  _printf_hex_int_ll_ptr.o(.text)
    _printf_hex_ptr                          0x080006e7   Thumb Code    18  _printf_hex_int_ll_ptr.o(.text)
    __printf                                 0x080006fd   Thumb Code   388  __printf_flags_ss_wp.o(.text)
    _ll_udiv10                               0x08000885   Thumb Code   138  lludiv10.o(.text)
    _printf_int_common                       0x0800090f   Thumb Code   178  _printf_intcommon.o(.text)
    __lib_sel_fp_printf                      0x080009c1   Thumb Code     2  _printf_fp_dec.o(.text)
    _printf_fp_dec_real                      0x08000b73   Thumb Code   620  _printf_fp_dec.o(.text)
    _printf_fp_hex_real                      0x08000de1   Thumb Code   756  _printf_fp_hex.o(.text)
    _printf_cs_common                        0x080010dd   Thumb Code    20  _printf_char.o(.text)
    _printf_char                             0x080010f1   Thumb Code    16  _printf_char.o(.text)
    _printf_string                           0x08001101   Thumb Code     8  _printf_char.o(.text)
    _printf_lcs_common                       0x08001109   Thumb Code    20  _printf_wchar.o(.text)
    _printf_wchar                            0x0800111d   Thumb Code    16  _printf_wchar.o(.text)
    _printf_wstring                          0x0800112d   Thumb Code     8  _printf_wchar.o(.text)
    _wcrtomb                                 0x08001135   Thumb Code    64  _wcrtomb.o(.text)
    __user_libspace                          0x08001175   Thumb Code     8  libspace.o(.text)
    __user_perproc_libspace                  0x08001175   Thumb Code     0  libspace.o(.text)
    __user_perthread_libspace                0x08001175   Thumb Code     0  libspace.o(.text)
    __user_setup_stackheap                   0x0800117d   Thumb Code    74  sys_stackheap_outer.o(.text)
    __rt_ctype_table                         0x080011c9   Thumb Code    16  rt_ctype_table.o(.text)
    __rt_locale                              0x080011d9   Thumb Code     8  rt_locale_intlibspace.o(.text)
    _printf_fp_infnan                        0x080011e1   Thumb Code   112  _printf_fp_infnan.o(.text)
    _btod_etento                             0x08001261   Thumb Code   224  bigflt0.o(.text)
    exit                                     0x08001345   Thumb Code    18  exit.o(.text)
    _sys_exit                                0x08001359   Thumb Code     8  sys_exit.o(.text)
    __I$use$semihosting                      0x08001365   Thumb Code     0  use_no_semi.o(.text)
    __use_no_semihosting_swi                 0x08001365   Thumb Code     2  use_no_semi.o(.text)
    __semihosting_library_function           0x08001367   Thumb Code     0  indicate_semi.o(.text)
    _btod_d2e                                0x08001367   Thumb Code    62  btod.o(CL$$btod_d2e)
    _d2e_denorm_low                          0x080013a5   Thumb Code    70  btod.o(CL$$btod_d2e_denorm_low)
    _d2e_norm_op1                            0x080013eb   Thumb Code    96  btod.o(CL$$btod_d2e_norm_op1)
    __btod_div_common                        0x0800144b   Thumb Code   696  btod.o(CL$$btod_div_common)
    _e2e                                     0x08001783   Thumb Code   220  btod.o(CL$$btod_e2e)
    _btod_ediv                               0x0800185f   Thumb Code    42  btod.o(CL$$btod_ediv)
    _btod_emul                               0x08001889   Thumb Code    42  btod.o(CL$$btod_emul)
    __btod_mult_common                       0x080018b3   Thumb Code   580  btod.o(CL$$btod_mult_common)
    BlueSerial_Init                          0x08001af9   Thumb Code   170  blueserial.o(i.BlueSerial_Init)
    BlueSerial_Printf                        0x08001bad   Thumb Code    36  blueserial.o(i.BlueSerial_Printf)
    BlueSerial_SendByte                      0x08001bd1   Thumb Code    28  blueserial.o(i.BlueSerial_SendByte)
    BlueSerial_SendString                    0x08001bf1   Thumb Code    26  blueserial.o(i.BlueSerial_SendString)
    BusFault_Handler                         0x08001c0b   Thumb Code     4  stm32f10x_it.o(i.BusFault_Handler)
    DebugMon_Handler                         0x08001c0f   Thumb Code     2  stm32f10x_it.o(i.DebugMon_Handler)
    Delay_ms                                 0x08001c11   Thumb Code    24  delay.o(i.Delay_ms)
    Delay_us                                 0x08001c29   Thumb Code    46  delay.o(i.Delay_us)
    GPIO_Init                                0x08001c57   Thumb Code   278  stm32f10x_gpio.o(i.GPIO_Init)
    GPIO_ReadInputDataBit                    0x08001d6d   Thumb Code    18  stm32f10x_gpio.o(i.GPIO_ReadInputDataBit)
    GPIO_SetBits                             0x08001d7f   Thumb Code     4  stm32f10x_gpio.o(i.GPIO_SetBits)
    GPIO_WriteBit                            0x08001d83   Thumb Code    10  stm32f10x_gpio.o(i.GPIO_WriteBit)
    HardFault_Handler                        0x08001d8d   Thumb Code     4  stm32f10x_it.o(i.HardFault_Handler)
    MPU6050_GetData                          0x08001e19   Thumb Code   156  mpu6050.o(i.MPU6050_GetData)
    MPU6050_Init                             0x08001f45   Thumb Code    84  mpu6050.o(i.MPU6050_Init)
    MPU6050_WriteReg                         0x08002003   Thumb Code    46  mpu6050.o(i.MPU6050_WriteReg)
    MemManage_Handler                        0x08002031   Thumb Code     4  stm32f10x_it.o(i.MemManage_Handler)
    MyI2C_Init                               0x08002035   Thumb Code    50  myi2c.o(i.MyI2C_Init)
    MyI2C_R_SDA                              0x0800206d   Thumb Code    18  myi2c.o(i.MyI2C_R_SDA)
    MyI2C_ReceiveAck                         0x08002085   Thumb Code    30  myi2c.o(i.MyI2C_ReceiveAck)
    MyI2C_ReceiveByte                        0x080020a3   Thumb Code    50  myi2c.o(i.MyI2C_ReceiveByte)
    MyI2C_SendAck                            0x080020d5   Thumb Code    24  myi2c.o(i.MyI2C_SendAck)
    MyI2C_SendByte                           0x080020ed   Thumb Code    50  myi2c.o(i.MyI2C_SendByte)
    MyI2C_Start                              0x0800211f   Thumb Code    28  myi2c.o(i.MyI2C_Start)
    MyI2C_Stop                               0x0800213b   Thumb Code    22  myi2c.o(i.MyI2C_Stop)
    MyI2C_W_SCL                              0x08002151   Thumb Code    18  myi2c.o(i.MyI2C_W_SCL)
    MyI2C_W_SDA                              0x08002169   Thumb Code    18  myi2c.o(i.MyI2C_W_SDA)
    NMI_Handler                              0x08002181   Thumb Code     2  stm32f10x_it.o(i.NMI_Handler)
    NVIC_Init                                0x08002185   Thumb Code   100  misc.o(i.NVIC_Init)
    NVIC_PriorityGroupConfig                 0x080021f5   Thumb Code    10  misc.o(i.NVIC_PriorityGroupConfig)
    OLED_Clear                               0x08002209   Thumb Code    36  oled.o(i.OLED_Clear)
    OLED_ClearArea                           0x08002231   Thumb Code   140  oled.o(i.OLED_ClearArea)
    OLED_GPIO_Init                           0x080022c1   Thumb Code    92  oled.o(i.OLED_GPIO_Init)
    OLED_I2C_SendByte                        0x08002321   Thumb Code    62  oled.o(i.OLED_I2C_SendByte)
    OLED_I2C_Start                           0x0800235f   Thumb Code    28  oled.o(i.OLED_I2C_Start)
    OLED_I2C_Stop                            0x0800237b   Thumb Code    22  oled.o(i.OLED_I2C_Stop)
    OLED_Init                                0x08002391   Thumb Code   154  oled.o(i.OLED_Init)
    OLED_Printf                              0x0800242b   Thumb Code    50  oled.o(i.OLED_Printf)
    OLED_SetCursor                           0x0800245d   Thumb Code    34  oled.o(i.OLED_SetCursor)
    OLED_ShowChar                            0x08002481   Thumb Code    74  oled.o(i.OLED_ShowChar)
    OLED_ShowImage                           0x080024d5   Thumb Code   248  oled.o(i.OLED_ShowImage)
    OLED_ShowString                          0x080025d1   Thumb Code   442  oled.o(i.OLED_ShowString)
    OLED_Update                              0x08002795   Thumb Code    36  oled.o(i.OLED_Update)
    OLED_W_SCL                               0x080027bd   Thumb Code    18  oled.o(i.OLED_W_SCL)
    OLED_W_SDA                               0x080027d5   Thumb Code    18  oled.o(i.OLED_W_SDA)
    OLED_WriteCommand                        0x080027ed   Thumb Code    32  oled.o(i.OLED_WriteCommand)
    OLED_WriteData                           0x0800280d   Thumb Code    46  oled.o(i.OLED_WriteData)
    PendSV_Handler                           0x0800283b   Thumb Code     2  stm32f10x_it.o(i.PendSV_Handler)
    RCC_APB1PeriphClockCmd                   0x0800283d   Thumb Code    26  stm32f10x_rcc.o(i.RCC_APB1PeriphClockCmd)
    RCC_APB2PeriphClockCmd                   0x0800285d   Thumb Code    26  stm32f10x_rcc.o(i.RCC_APB2PeriphClockCmd)
    RCC_GetClocksFreq                        0x0800287d   Thumb Code   192  stm32f10x_rcc.o(i.RCC_GetClocksFreq)
    SVC_Handler                              0x08002951   Thumb Code     2  stm32f10x_it.o(i.SVC_Handler)
    SysTick_Handler                          0x08002a3d   Thumb Code     2  stm32f10x_it.o(i.SysTick_Handler)
    SystemInit                               0x08002a41   Thumb Code    78  system_stm32f10x.o(i.SystemInit)
    TIM1_UP_IRQHandler                       0x08002aa1   Thumb Code   290  main.o(i.TIM1_UP_IRQHandler)
    TIM_ClearFlag                            0x08002c15   Thumb Code     6  stm32f10x_tim.o(i.TIM_ClearFlag)
    TIM_ClearITPendingBit                    0x08002c1b   Thumb Code     6  stm32f10x_tim.o(i.TIM_ClearITPendingBit)
    TIM_Cmd                                  0x08002c21   Thumb Code    24  stm32f10x_tim.o(i.TIM_Cmd)
    TIM_GetCounter                           0x08002c39   Thumb Code     6  stm32f10x_tim.o(i.TIM_GetCounter)
    TIM_GetITStatus                          0x08002c3f   Thumb Code    34  stm32f10x_tim.o(i.TIM_GetITStatus)
    TIM_ITConfig                             0x08002c61   Thumb Code    18  stm32f10x_tim.o(i.TIM_ITConfig)
    TIM_InternalClockConfig                  0x08002c73   Thumb Code    12  stm32f10x_tim.o(i.TIM_InternalClockConfig)
    TIM_TimeBaseInit                         0x08002c81   Thumb Code   122  stm32f10x_tim.o(i.TIM_TimeBaseInit)
    Timer_Init                               0x08002d25   Thumb Code   120  timer.o(i.Timer_Init)
    USART1_IRQHandler                        0x08002da1   Thumb Code    44  serial.o(i.USART1_IRQHandler)
    USART2_IRQHandler                        0x08002dd9   Thumb Code   120  blueserial.o(i.USART2_IRQHandler)
    USART_ClearITPendingBit                  0x08002e65   Thumb Code    30  stm32f10x_usart.o(i.USART_ClearITPendingBit)
    USART_Cmd                                0x08002e83   Thumb Code    24  stm32f10x_usart.o(i.USART_Cmd)
    USART_GetFlagStatus                      0x08002e9b   Thumb Code    26  stm32f10x_usart.o(i.USART_GetFlagStatus)
    USART_GetITStatus                        0x08002eb5   Thumb Code    84  stm32f10x_usart.o(i.USART_GetITStatus)
    USART_ITConfig                           0x08002f09   Thumb Code    74  stm32f10x_usart.o(i.USART_ITConfig)
    USART_Init                               0x08002f55   Thumb Code   210  stm32f10x_usart.o(i.USART_Init)
    USART_ReceiveData                        0x0800302d   Thumb Code    10  stm32f10x_usart.o(i.USART_ReceiveData)
    USART_SendData                           0x08003037   Thumb Code     8  stm32f10x_usart.o(i.USART_SendData)
    UsageFault_Handler                       0x0800303f   Thumb Code     4  stm32f10x_it.o(i.UsageFault_Handler)
    __ARM_fpclassify                         0x08003043   Thumb Code    40  fpclassify.o(i.__ARM_fpclassify)
    __kernel_poly                            0x0800306b   Thumb Code   170  poly.o(i.__kernel_poly)
    __mathlib_dbl_infnan                     0x08003115   Thumb Code     6  dunder.o(i.__mathlib_dbl_infnan)
    __mathlib_dbl_infnan2                    0x0800311b   Thumb Code     4  dunder.o(i.__mathlib_dbl_infnan2)
    __mathlib_dbl_underflow                  0x08003121   Thumb Code    10  dunder.o(i.__mathlib_dbl_underflow)
    _is_digit                                0x08003131   Thumb Code    14  __printf_wp.o(i._is_digit)
    atan                                     0x08003141   Thumb Code   474  atan.o(i.atan)
    atan2                                    0x08003361   Thumb Code   346  atan2.o(i.atan2)
    main                                     0x080034e1   Thumb Code   240  main.o(i.main)
    _get_lc_numeric                          0x08003629   Thumb Code    44  lc_numeric_c.o(locale$$code)
    _get_lc_ctype                            0x08003655   Thumb Code    44  lc_ctype_c.o(locale$$code)
    __aeabi_d2f                              0x08003681   Thumb Code     0  d2f.o(x$fpl$d2f)
    _d2f                                     0x08003681   Thumb Code    98  d2f.o(x$fpl$d2f)
    __aeabi_dadd                             0x080036e5   Thumb Code     0  daddsub_clz.o(x$fpl$dadd)
    _dadd                                    0x080036e5   Thumb Code   332  daddsub_clz.o(x$fpl$dadd)
    __fpl_dcheck_NaN1                        0x08003835   Thumb Code    10  dcheck1.o(x$fpl$dcheck1)
    __aeabi_ddiv                             0x08003845   Thumb Code     0  ddiv.o(x$fpl$ddiv)
    _ddiv                                    0x08003845   Thumb Code   552  ddiv.o(x$fpl$ddiv)
    __aeabi_i2d                              0x08003af5   Thumb Code     0  dflt_clz.o(x$fpl$dflt)
    _dflt                                    0x08003af5   Thumb Code    46  dflt_clz.o(x$fpl$dflt)
    __aeabi_dmul                             0x08003b25   Thumb Code     0  dmul.o(x$fpl$dmul)
    _dmul                                    0x08003b25   Thumb Code   332  dmul.o(x$fpl$dmul)
    __fpl_dnaninf                            0x08003c79   Thumb Code   156  dnaninf.o(x$fpl$dnaninf)
    __fpl_dretinf                            0x08003d15   Thumb Code    12  dretinf.o(x$fpl$dretinf)
    __aeabi_drsub                            0x08003d21   Thumb Code     0  daddsub_clz.o(x$fpl$drsb)
    _drsb                                    0x08003d21   Thumb Code    22  daddsub_clz.o(x$fpl$drsb)
    __aeabi_dsub                             0x08003d39   Thumb Code     0  daddsub_clz.o(x$fpl$dsub)
    _dsub                                    0x08003d39   Thumb Code   464  daddsub_clz.o(x$fpl$dsub)
    __aeabi_f2d                              0x08003f0d   Thumb Code     0  f2d.o(x$fpl$f2d)
    _f2d                                     0x08003f0d   Thumb Code    86  f2d.o(x$fpl$f2d)
    __aeabi_fadd                             0x08003f65   Thumb Code     0  faddsub_clz.o(x$fpl$fadd)
    _fadd                                    0x08003f65   Thumb Code   196  faddsub_clz.o(x$fpl$fadd)
    __aeabi_f2iz                             0x08004029   Thumb Code     0  ffix.o(x$fpl$ffix)
    _ffix                                    0x08004029   Thumb Code    54  ffix.o(x$fpl$ffix)
    __aeabi_i2f                              0x08004061   Thumb Code     0  fflt_clz.o(x$fpl$fflt)
    _fflt                                    0x08004061   Thumb Code    48  fflt_clz.o(x$fpl$fflt)
    __aeabi_fmul                             0x08004091   Thumb Code     0  fmul.o(x$fpl$fmul)
    _fmul                                    0x08004091   Thumb Code   258  fmul.o(x$fpl$fmul)
    __fpl_fnaninf                            0x08004193   Thumb Code   140  fnaninf.o(x$fpl$fnaninf)
    __fpl_fretinf                            0x0800421f   Thumb Code    10  fretinf.o(x$fpl$fretinf)
    __aeabi_fsub                             0x08004229   Thumb Code     0  faddsub_clz.o(x$fpl$fsub)
    _fsub                                    0x08004229   Thumb Code   234  faddsub_clz.o(x$fpl$fsub)
    _printf_fp_dec                           0x08004313   Thumb Code     4  printf1.o(x$fpl$printf1)
    _printf_fp_hex                           0x08004317   Thumb Code     4  printf2.o(x$fpl$printf2)
    __fpl_return_NaN                         0x0800431b   Thumb Code   100  retnan.o(x$fpl$retnan)
    __ARM_scalbn                             0x0800437f   Thumb Code    92  scalbn.o(x$fpl$scalbn)
    __fpl_cmpreturn                          0x080043db   Thumb Code    48  trapv.o(x$fpl$trapveneer)
    OLED_F8x16                               0x0800440a   Data        1520  oled_data.o(.constdata)
    __I$use$fp                               0x0800440a   Number         0  usenofp.o(x$fpl$usenofp)
    OLED_F6x8                                0x080049fa   Data         570  oled_data.o(.constdata)
    OLED_CF16x16                             0x08004c34   Data         259  oled_data.o(.constdata)
    Diode                                    0x08004d37   Data          32  oled_data.o(.constdata)
    __mathlib_zero                           0x08004e38   Data           8  qnan.o(.constdata)
    Region$$Table$$Base                      0x08004efc   Number         0  anon$$obj.o(Region$$Table)
    Region$$Table$$Limit                     0x08004f1c   Number         0  anon$$obj.o(Region$$Table)
    __ctype                                  0x08004f45   Data           0  lc_ctype_c.o(locale$$data)
    GX_Offset                                0x20000014   Data           4  mpu6050.o(.data)
    GY_Offset                                0x20000018   Data           4  mpu6050.o(.data)
    GZ_Offset                                0x2000001c   Data           4  mpu6050.o(.data)
    Serial_RxData                            0x20000020   Data           1  serial.o(.data)
    Serial_RxFlag                            0x20000021   Data           1  serial.o(.data)
    BlueSerial_RxFlag                        0x20000022   Data           1  blueserial.o(.data)
    AX                                       0x20000028   Data           2  main.o(.data)
    AY                                       0x2000002a   Data           2  main.o(.data)
    AZ                                       0x2000002c   Data           2  main.o(.data)
    GX                                       0x2000002e   Data           2  main.o(.data)
    GY                                       0x20000030   Data           2  main.o(.data)
    GZ                                       0x20000032   Data           2  main.o(.data)
    TimerErrorFlag                           0x20000034   Data           1  main.o(.data)
    TimerCount                               0x20000036   Data           2  main.o(.data)
    Angle                                    0x20000038   Data           4  main.o(.data)
    AngleGyro                                0x2000003c   Data           4  main.o(.data)
    AngleAcc                                 0x20000040   Data           4  main.o(.data)
    OLED_DisplayBuf                          0x20000044   Data        1024  oled.o(.bss)
    BlueSerial_RxPacket                      0x20000444   Data         100  blueserial.o(.bss)
    __libspace_start                         0x200004a8   Data          96  libspace.o(.bss)
    __temporary_stack_top$libspace           0x20000508   Data           0  libspace.o(.bss)



==============================================================================

Memory Map of the image

  Image Entry point : 0x080000ed

  Load Region LR_IROM1 (Base: 0x08000000, Size: 0x0000508c, Max: 0x00010000, ABSOLUTE)

    Execution Region ER_IROM1 (Exec base: 0x08000000, Load base: 0x08000000, Size: 0x00005048, Max: 0x00010000, ABSOLUTE)

    Exec Addr    Load Addr    Size         Type   Attr      Idx    E Section Name        Object

    0x08000000   0x08000000   0x000000ec   Data   RO            3    RESET               startup_stm32f10x_md.o
    0x080000ec   0x080000ec   0x00000008   Code   RO         4097  * !!!main             c_w.l(__main.o)
    0x080000f4   0x080000f4   0x00000034   Code   RO         4536    !!!scatter          c_w.l(__scatter.o)
    0x08000128   0x08000128   0x0000001a   Code   RO         4538    !!handler_copy      c_w.l(__scatter_copy.o)
    0x08000142   0x08000142   0x00000002   PAD
    0x08000144   0x08000144   0x0000001c   Code   RO         4540    !!handler_zi        c_w.l(__scatter_zi.o)
    0x08000160   0x08000160   0x00000000   Code   RO         4247    .ARM.Collect$$_printf_percent$$00000000  c_w.l(_printf_percent.o)
    0x08000160   0x08000160   0x00000006   Code   RO         4236    .ARM.Collect$$_printf_percent$$00000001  c_w.l(_printf_n.o)
    0x08000166   0x08000166   0x00000006   Code   RO         4238    .ARM.Collect$$_printf_percent$$00000002  c_w.l(_printf_p.o)
    0x0800016c   0x0800016c   0x00000006   Code   RO         4243    .ARM.Collect$$_printf_percent$$00000003  c_w.l(_printf_f.o)
    0x08000172   0x08000172   0x00000006   Code   RO         4244    .ARM.Collect$$_printf_percent$$00000004  c_w.l(_printf_e.o)
    0x08000178   0x08000178   0x00000006   Code   RO         4245    .ARM.Collect$$_printf_percent$$00000005  c_w.l(_printf_g.o)
    0x0800017e   0x0800017e   0x00000006   Code   RO         4246    .ARM.Collect$$_printf_percent$$00000006  c_w.l(_printf_a.o)
    0x08000184   0x08000184   0x0000000a   Code   RO         4251    .ARM.Collect$$_printf_percent$$00000007  c_w.l(_printf_ll.o)
    0x0800018e   0x0800018e   0x00000006   Code   RO         4240    .ARM.Collect$$_printf_percent$$00000008  c_w.l(_printf_i.o)
    0x08000194   0x08000194   0x00000006   Code   RO         4241    .ARM.Collect$$_printf_percent$$00000009  c_w.l(_printf_d.o)
    0x0800019a   0x0800019a   0x00000006   Code   RO         4242    .ARM.Collect$$_printf_percent$$0000000A  c_w.l(_printf_u.o)
    0x080001a0   0x080001a0   0x00000006   Code   RO         4239    .ARM.Collect$$_printf_percent$$0000000B  c_w.l(_printf_o.o)
    0x080001a6   0x080001a6   0x00000006   Code   RO         4237    .ARM.Collect$$_printf_percent$$0000000C  c_w.l(_printf_x.o)
    0x080001ac   0x080001ac   0x00000006   Code   RO         4248    .ARM.Collect$$_printf_percent$$0000000D  c_w.l(_printf_lli.o)
    0x080001b2   0x080001b2   0x00000006   Code   RO         4249    .ARM.Collect$$_printf_percent$$0000000E  c_w.l(_printf_lld.o)
    0x080001b8   0x080001b8   0x00000006   Code   RO         4250    .ARM.Collect$$_printf_percent$$0000000F  c_w.l(_printf_llu.o)
    0x080001be   0x080001be   0x00000006   Code   RO         4255    .ARM.Collect$$_printf_percent$$00000010  c_w.l(_printf_llo.o)
    0x080001c4   0x080001c4   0x00000006   Code   RO         4256    .ARM.Collect$$_printf_percent$$00000011  c_w.l(_printf_llx.o)
    0x080001ca   0x080001ca   0x0000000a   Code   RO         4252    .ARM.Collect$$_printf_percent$$00000012  c_w.l(_printf_l.o)
    0x080001d4   0x080001d4   0x00000006   Code   RO         4234    .ARM.Collect$$_printf_percent$$00000013  c_w.l(_printf_c.o)
    0x080001da   0x080001da   0x00000006   Code   RO         4235    .ARM.Collect$$_printf_percent$$00000014  c_w.l(_printf_s.o)
    0x080001e0   0x080001e0   0x00000006   Code   RO         4253    .ARM.Collect$$_printf_percent$$00000015  c_w.l(_printf_lc.o)
    0x080001e6   0x080001e6   0x00000006   Code   RO         4254    .ARM.Collect$$_printf_percent$$00000016  c_w.l(_printf_ls.o)
    0x080001ec   0x080001ec   0x00000004   Code   RO         4340    .ARM.Collect$$_printf_percent$$00000017  c_w.l(_printf_percent_end.o)
    0x080001f0   0x080001f0   0x00000002   Code   RO         4398    .ARM.Collect$$libinit$$00000000  c_w.l(libinit.o)
    0x080001f2   0x080001f2   0x00000000   Code   RO         4409    .ARM.Collect$$libinit$$00000002  c_w.l(libinit2.o)
    0x080001f2   0x080001f2   0x00000000   Code   RO         4411    .ARM.Collect$$libinit$$00000004  c_w.l(libinit2.o)
    0x080001f2   0x080001f2   0x00000000   Code   RO         4414    .ARM.Collect$$libinit$$0000000A  c_w.l(libinit2.o)
    0x080001f2   0x080001f2   0x00000000   Code   RO         4416    .ARM.Collect$$libinit$$0000000C  c_w.l(libinit2.o)
    0x080001f2   0x080001f2   0x00000000   Code   RO         4418    .ARM.Collect$$libinit$$0000000E  c_w.l(libinit2.o)
    0x080001f2   0x080001f2   0x00000006   Code   RO         4419    .ARM.Collect$$libinit$$0000000F  c_w.l(libinit2.o)
    0x080001f8   0x080001f8   0x00000000   Code   RO         4421    .ARM.Collect$$libinit$$00000011  c_w.l(libinit2.o)
    0x080001f8   0x080001f8   0x0000000c   Code   RO         4422    .ARM.Collect$$libinit$$00000012  c_w.l(libinit2.o)
    0x08000204   0x08000204   0x00000000   Code   RO         4423    .ARM.Collect$$libinit$$00000013  c_w.l(libinit2.o)
    0x08000204   0x08000204   0x00000000   Code   RO         4425    .ARM.Collect$$libinit$$00000015  c_w.l(libinit2.o)
    0x08000204   0x08000204   0x0000000a   Code   RO         4426    .ARM.Collect$$libinit$$00000016  c_w.l(libinit2.o)
    0x0800020e   0x0800020e   0x00000000   Code   RO         4427    .ARM.Collect$$libinit$$00000017  c_w.l(libinit2.o)
    0x0800020e   0x0800020e   0x00000000   Code   RO         4429    .ARM.Collect$$libinit$$00000019  c_w.l(libinit2.o)
    0x0800020e   0x0800020e   0x00000000   Code   RO         4431    .ARM.Collect$$libinit$$0000001B  c_w.l(libinit2.o)
    0x0800020e   0x0800020e   0x00000000   Code   RO         4433    .ARM.Collect$$libinit$$0000001D  c_w.l(libinit2.o)
    0x0800020e   0x0800020e   0x00000000   Code   RO         4435    .ARM.Collect$$libinit$$0000001F  c_w.l(libinit2.o)
    0x0800020e   0x0800020e   0x00000000   Code   RO         4437    .ARM.Collect$$libinit$$00000021  c_w.l(libinit2.o)
    0x0800020e   0x0800020e   0x00000000   Code   RO         4439    .ARM.Collect$$libinit$$00000023  c_w.l(libinit2.o)
    0x0800020e   0x0800020e   0x00000000   Code   RO         4441    .ARM.Collect$$libinit$$00000025  c_w.l(libinit2.o)
    0x0800020e   0x0800020e   0x00000000   Code   RO         4445    .ARM.Collect$$libinit$$0000002C  c_w.l(libinit2.o)
    0x0800020e   0x0800020e   0x00000000   Code   RO         4447    .ARM.Collect$$libinit$$0000002E  c_w.l(libinit2.o)
    0x0800020e   0x0800020e   0x00000000   Code   RO         4449    .ARM.Collect$$libinit$$00000030  c_w.l(libinit2.o)
    0x0800020e   0x0800020e   0x00000000   Code   RO         4451    .ARM.Collect$$libinit$$00000032  c_w.l(libinit2.o)
    0x0800020e   0x0800020e   0x00000002   Code   RO         4452    .ARM.Collect$$libinit$$00000033  c_w.l(libinit2.o)
    0x08000210   0x08000210   0x00000002   Code   RO         4476    .ARM.Collect$$libshutdown$$00000000  c_w.l(libshutdown.o)
    0x08000212   0x08000212   0x00000000   Code   RO         4489    .ARM.Collect$$libshutdown$$00000002  c_w.l(libshutdown2.o)
    0x08000212   0x08000212   0x00000000   Code   RO         4491    .ARM.Collect$$libshutdown$$00000004  c_w.l(libshutdown2.o)
    0x08000212   0x08000212   0x00000000   Code   RO         4494    .ARM.Collect$$libshutdown$$00000007  c_w.l(libshutdown2.o)
    0x08000212   0x08000212   0x00000000   Code   RO         4497    .ARM.Collect$$libshutdown$$0000000A  c_w.l(libshutdown2.o)
    0x08000212   0x08000212   0x00000000   Code   RO         4499    .ARM.Collect$$libshutdown$$0000000C  c_w.l(libshutdown2.o)
    0x08000212   0x08000212   0x00000000   Code   RO         4502    .ARM.Collect$$libshutdown$$0000000F  c_w.l(libshutdown2.o)
    0x08000212   0x08000212   0x00000002   Code   RO         4503    .ARM.Collect$$libshutdown$$00000010  c_w.l(libshutdown2.o)
    0x08000214   0x08000214   0x00000000   Code   RO         4163    .ARM.Collect$$rtentry$$00000000  c_w.l(__rtentry.o)
    0x08000214   0x08000214   0x00000000   Code   RO         4306    .ARM.Collect$$rtentry$$00000002  c_w.l(__rtentry2.o)
    0x08000214   0x08000214   0x00000006   Code   RO         4318    .ARM.Collect$$rtentry$$00000004  c_w.l(__rtentry4.o)
    0x0800021a   0x0800021a   0x00000000   Code   RO         4308    .ARM.Collect$$rtentry$$00000009  c_w.l(__rtentry2.o)
    0x0800021a   0x0800021a   0x00000004   Code   RO         4309    .ARM.Collect$$rtentry$$0000000A  c_w.l(__rtentry2.o)
    0x0800021e   0x0800021e   0x00000000   Code   RO         4311    .ARM.Collect$$rtentry$$0000000C  c_w.l(__rtentry2.o)
    0x0800021e   0x0800021e   0x00000008   Code   RO         4312    .ARM.Collect$$rtentry$$0000000D  c_w.l(__rtentry2.o)
    0x08000226   0x08000226   0x00000002   Code   RO         4403    .ARM.Collect$$rtexit$$00000000  c_w.l(rtexit.o)
    0x08000228   0x08000228   0x00000000   Code   RO         4456    .ARM.Collect$$rtexit$$00000002  c_w.l(rtexit2.o)
    0x08000228   0x08000228   0x00000004   Code   RO         4457    .ARM.Collect$$rtexit$$00000003  c_w.l(rtexit2.o)
    0x0800022c   0x0800022c   0x00000006   Code   RO         4458    .ARM.Collect$$rtexit$$00000004  c_w.l(rtexit2.o)
    0x08000232   0x08000232   0x00000002   PAD
    0x08000234   0x08000234   0x00000040   Code   RO            4    .text               startup_stm32f10x_md.o
    0x08000274   0x08000274   0x00000024   Code   RO         4091    .text               c_w.l(vsprintf.o)
    0x08000298   0x08000298   0x00000080   Code   RO         4093    .text               c_w.l(strcmpv7m.o)
    0x08000318   0x08000318   0x00000006   Code   RO         4095    .text               c_w.l(heapauxi.o)
    0x0800031e   0x0800031e   0x0000004e   Code   RO         4168    .text               c_w.l(_printf_pad.o)
    0x0800036c   0x0800036c   0x00000024   Code   RO         4170    .text               c_w.l(_printf_truncate.o)
    0x08000390   0x08000390   0x00000052   Code   RO         4172    .text               c_w.l(_printf_str.o)
    0x080003e2   0x080003e2   0x00000002   PAD
    0x080003e4   0x080003e4   0x00000078   Code   RO         4174    .text               c_w.l(_printf_dec.o)
    0x0800045c   0x0800045c   0x00000028   Code   RO         4176    .text               c_w.l(_printf_charcount.o)
    0x08000484   0x08000484   0x00000030   Code   RO         4178    .text               c_w.l(_printf_char_common.o)
    0x080004b4   0x080004b4   0x0000000a   Code   RO         4180    .text               c_w.l(_sputc.o)
    0x080004be   0x080004be   0x00000002   PAD
    0x080004c0   0x080004c0   0x000000bc   Code   RO         4182    .text               c_w.l(_printf_wctomb.o)
    0x0800057c   0x0800057c   0x0000007c   Code   RO         4185    .text               c_w.l(_printf_longlong_dec.o)
    0x080005f8   0x080005f8   0x00000070   Code   RO         4191    .text               c_w.l(_printf_oct_int_ll.o)
    0x08000668   0x08000668   0x00000094   Code   RO         4211    .text               c_w.l(_printf_hex_int_ll_ptr.o)
    0x080006fc   0x080006fc   0x00000188   Code   RO         4231    .text               c_w.l(__printf_flags_ss_wp.o)
    0x08000884   0x08000884   0x0000008a   Code   RO         4325    .text               c_w.l(lludiv10.o)
    0x0800090e   0x0800090e   0x000000b2   Code   RO         4327    .text               c_w.l(_printf_intcommon.o)
    0x080009c0   0x080009c0   0x0000041e   Code   RO         4329    .text               c_w.l(_printf_fp_dec.o)
    0x08000dde   0x08000dde   0x00000002   PAD
    0x08000de0   0x08000de0   0x000002fc   Code   RO         4331    .text               c_w.l(_printf_fp_hex.o)
    0x080010dc   0x080010dc   0x0000002c   Code   RO         4336    .text               c_w.l(_printf_char.o)
    0x08001108   0x08001108   0x0000002c   Code   RO         4338    .text               c_w.l(_printf_wchar.o)
    0x08001134   0x08001134   0x00000040   Code   RO         4341    .text               c_w.l(_wcrtomb.o)
    0x08001174   0x08001174   0x00000008   Code   RO         4349    .text               c_w.l(libspace.o)
    0x0800117c   0x0800117c   0x0000004a   Code   RO         4352    .text               c_w.l(sys_stackheap_outer.o)
    0x080011c6   0x080011c6   0x00000002   PAD
    0x080011c8   0x080011c8   0x00000010   Code   RO         4354    .text               c_w.l(rt_ctype_table.o)
    0x080011d8   0x080011d8   0x00000008   Code   RO         4359    .text               c_w.l(rt_locale_intlibspace.o)
    0x080011e0   0x080011e0   0x00000080   Code   RO         4361    .text               c_w.l(_printf_fp_infnan.o)
    0x08001260   0x08001260   0x000000e4   Code   RO         4363    .text               c_w.l(bigflt0.o)
    0x08001344   0x08001344   0x00000012   Code   RO         4391    .text               c_w.l(exit.o)
    0x08001356   0x08001356   0x00000002   PAD
    0x08001358   0x08001358   0x0000000c   Code   RO         4468    .text               c_w.l(sys_exit.o)
    0x08001364   0x08001364   0x00000002   Code   RO         4479    .text               c_w.l(use_no_semi.o)
    0x08001366   0x08001366   0x00000000   Code   RO         4481    .text               c_w.l(indicate_semi.o)
    0x08001366   0x08001366   0x0000003e   Code   RO         4366    CL$$btod_d2e        c_w.l(btod.o)
    0x080013a4   0x080013a4   0x00000046   Code   RO         4368    CL$$btod_d2e_denorm_low  c_w.l(btod.o)
    0x080013ea   0x080013ea   0x00000060   Code   RO         4367    CL$$btod_d2e_norm_op1  c_w.l(btod.o)
    0x0800144a   0x0800144a   0x00000338   Code   RO         4376    CL$$btod_div_common  c_w.l(btod.o)
    0x08001782   0x08001782   0x000000dc   Code   RO         4373    CL$$btod_e2e        c_w.l(btod.o)
    0x0800185e   0x0800185e   0x0000002a   Code   RO         4370    CL$$btod_ediv       c_w.l(btod.o)
    0x08001888   0x08001888   0x0000002a   Code   RO         4369    CL$$btod_emul       c_w.l(btod.o)
    0x080018b2   0x080018b2   0x00000244   Code   RO         4375    CL$$btod_mult_common  c_w.l(btod.o)
    0x08001af6   0x08001af6   0x00000002   PAD
    0x08001af8   0x08001af8   0x000000b4   Code   RO         3910    i.BlueSerial_Init   blueserial.o
    0x08001bac   0x08001bac   0x00000024   Code   RO         3912    i.BlueSerial_Printf  blueserial.o
    0x08001bd0   0x08001bd0   0x00000020   Code   RO         3914    i.BlueSerial_SendByte  blueserial.o
    0x08001bf0   0x08001bf0   0x0000001a   Code   RO         3916    i.BlueSerial_SendString  blueserial.o
    0x08001c0a   0x08001c0a   0x00000004   Code   RO         4026    i.BusFault_Handler  stm32f10x_it.o
    0x08001c0e   0x08001c0e   0x00000002   Code   RO         4027    i.DebugMon_Handler  stm32f10x_it.o
    0x08001c10   0x08001c10   0x00000018   Code   RO         3196    i.Delay_ms          delay.o
    0x08001c28   0x08001c28   0x0000002e   Code   RO         3198    i.Delay_us          delay.o
    0x08001c56   0x08001c56   0x00000116   Code   RO         1347    i.GPIO_Init         stm32f10x_gpio.o
    0x08001d6c   0x08001d6c   0x00000012   Code   RO         1351    i.GPIO_ReadInputDataBit  stm32f10x_gpio.o
    0x08001d7e   0x08001d7e   0x00000004   Code   RO         1355    i.GPIO_SetBits      stm32f10x_gpio.o
    0x08001d82   0x08001d82   0x0000000a   Code   RO         1358    i.GPIO_WriteBit     stm32f10x_gpio.o
    0x08001d8c   0x08001d8c   0x00000004   Code   RO         4028    i.HardFault_Handler  stm32f10x_it.o
    0x08001d90   0x08001d90   0x00000088   Code   RO         3556    i.MPU6050_CalibrateGyro  mpu6050.o
    0x08001e18   0x08001e18   0x000000a8   Code   RO         3557    i.MPU6050_GetData   mpu6050.o
    0x08001ec0   0x08001ec0   0x00000082   Code   RO         3559    i.MPU6050_GetRawData  mpu6050.o
    0x08001f42   0x08001f42   0x00000002   PAD
    0x08001f44   0x08001f44   0x00000060   Code   RO         3560    i.MPU6050_Init      mpu6050.o
    0x08001fa4   0x08001fa4   0x0000005e   Code   RO         3562    i.MPU6050_ReadRegs  mpu6050.o
    0x08002002   0x08002002   0x0000002e   Code   RO         3563    i.MPU6050_WriteReg  mpu6050.o
    0x08002030   0x08002030   0x00000004   Code   RO         4029    i.MemManage_Handler  stm32f10x_it.o
    0x08002034   0x08002034   0x00000038   Code   RO         3702    i.MyI2C_Init        myi2c.o
    0x0800206c   0x0800206c   0x00000018   Code   RO         3703    i.MyI2C_R_SDA       myi2c.o
    0x08002084   0x08002084   0x0000001e   Code   RO         3704    i.MyI2C_ReceiveAck  myi2c.o
    0x080020a2   0x080020a2   0x00000032   Code   RO         3705    i.MyI2C_ReceiveByte  myi2c.o
    0x080020d4   0x080020d4   0x00000018   Code   RO         3706    i.MyI2C_SendAck     myi2c.o
    0x080020ec   0x080020ec   0x00000032   Code   RO         3707    i.MyI2C_SendByte    myi2c.o
    0x0800211e   0x0800211e   0x0000001c   Code   RO         3708    i.MyI2C_Start       myi2c.o
    0x0800213a   0x0800213a   0x00000016   Code   RO         3709    i.MyI2C_Stop        myi2c.o
    0x08002150   0x08002150   0x00000018   Code   RO         3710    i.MyI2C_W_SCL       myi2c.o
    0x08002168   0x08002168   0x00000018   Code   RO         3711    i.MyI2C_W_SDA       myi2c.o
    0x08002180   0x08002180   0x00000002   Code   RO         4030    i.NMI_Handler       stm32f10x_it.o
    0x08002182   0x08002182   0x00000002   PAD
    0x08002184   0x08002184   0x00000070   Code   RO          137    i.NVIC_Init         misc.o
    0x080021f4   0x080021f4   0x00000014   Code   RO          138    i.NVIC_PriorityGroupConfig  misc.o
    0x08002208   0x08002208   0x00000028   Code   RO         3262    i.OLED_Clear        oled.o
    0x08002230   0x08002230   0x00000090   Code   RO         3263    i.OLED_ClearArea    oled.o
    0x080022c0   0x080022c0   0x00000060   Code   RO         3271    i.OLED_GPIO_Init    oled.o
    0x08002320   0x08002320   0x0000003e   Code   RO         3273    i.OLED_I2C_SendByte  oled.o
    0x0800235e   0x0800235e   0x0000001c   Code   RO         3274    i.OLED_I2C_Start    oled.o
    0x0800237a   0x0800237a   0x00000016   Code   RO         3275    i.OLED_I2C_Stop     oled.o
    0x08002390   0x08002390   0x0000009a   Code   RO         3276    i.OLED_Init         oled.o
    0x0800242a   0x0800242a   0x00000032   Code   RO         3279    i.OLED_Printf       oled.o
    0x0800245c   0x0800245c   0x00000022   Code   RO         3282    i.OLED_SetCursor    oled.o
    0x0800247e   0x0800247e   0x00000002   PAD
    0x08002480   0x08002480   0x00000054   Code   RO         3284    i.OLED_ShowChar     oled.o
    0x080024d4   0x080024d4   0x000000fc   Code   RO         3287    i.OLED_ShowImage    oled.o
    0x080025d0   0x080025d0   0x000001c4   Code   RO         3290    i.OLED_ShowString   oled.o
    0x08002794   0x08002794   0x00000028   Code   RO         3291    i.OLED_Update       oled.o
    0x080027bc   0x080027bc   0x00000018   Code   RO         3293    i.OLED_W_SCL        oled.o
    0x080027d4   0x080027d4   0x00000018   Code   RO         3294    i.OLED_W_SDA        oled.o
    0x080027ec   0x080027ec   0x00000020   Code   RO         3295    i.OLED_WriteCommand  oled.o
    0x0800280c   0x0800280c   0x0000002e   Code   RO         3296    i.OLED_WriteData    oled.o
    0x0800283a   0x0800283a   0x00000002   Code   RO         4031    i.PendSV_Handler    stm32f10x_it.o
    0x0800283c   0x0800283c   0x00000020   Code   RO         1775    i.RCC_APB1PeriphClockCmd  stm32f10x_rcc.o
    0x0800285c   0x0800285c   0x00000020   Code   RO         1777    i.RCC_APB2PeriphClockCmd  stm32f10x_rcc.o
    0x0800287c   0x0800287c   0x000000d4   Code   RO         1785    i.RCC_GetClocksFreq  stm32f10x_rcc.o
    0x08002950   0x08002950   0x00000002   Code   RO         4032    i.SVC_Handler       stm32f10x_it.o
    0x08002952   0x08002952   0x00000008   Code   RO           24    i.SetSysClock       system_stm32f10x.o
    0x0800295a   0x0800295a   0x00000002   PAD
    0x0800295c   0x0800295c   0x000000e0   Code   RO           25    i.SetSysClockTo72   system_stm32f10x.o
    0x08002a3c   0x08002a3c   0x00000002   Code   RO         4033    i.SysTick_Handler   stm32f10x_it.o
    0x08002a3e   0x08002a3e   0x00000002   PAD
    0x08002a40   0x08002a40   0x00000060   Code   RO           27    i.SystemInit        system_stm32f10x.o
    0x08002aa0   0x08002aa0   0x00000174   Code   RO         3968    i.TIM1_UP_IRQHandler  main.o
    0x08002c14   0x08002c14   0x00000006   Code   RO         2415    i.TIM_ClearFlag     stm32f10x_tim.o
    0x08002c1a   0x08002c1a   0x00000006   Code   RO         2416    i.TIM_ClearITPendingBit  stm32f10x_tim.o
    0x08002c20   0x08002c20   0x00000018   Code   RO         2421    i.TIM_Cmd           stm32f10x_tim.o
    0x08002c38   0x08002c38   0x00000006   Code   RO         2440    i.TIM_GetCounter    stm32f10x_tim.o
    0x08002c3e   0x08002c3e   0x00000022   Code   RO         2442    i.TIM_GetITStatus   stm32f10x_tim.o
    0x08002c60   0x08002c60   0x00000012   Code   RO         2446    i.TIM_ITConfig      stm32f10x_tim.o
    0x08002c72   0x08002c72   0x0000000c   Code   RO         2448    i.TIM_InternalClockConfig  stm32f10x_tim.o
    0x08002c7e   0x08002c7e   0x00000002   PAD
    0x08002c80   0x08002c80   0x000000a4   Code   RO         2492    i.TIM_TimeBaseInit  stm32f10x_tim.o
    0x08002d24   0x08002d24   0x0000007c   Code   RO         3220    i.Timer_Init        timer.o
    0x08002da0   0x08002da0   0x00000038   Code   RO         3840    i.USART1_IRQHandler  serial.o
    0x08002dd8   0x08002dd8   0x0000008c   Code   RO         3917    i.USART2_IRQHandler  blueserial.o
    0x08002e64   0x08002e64   0x0000001e   Code   RO         2957    i.USART_ClearITPendingBit  stm32f10x_usart.o
    0x08002e82   0x08002e82   0x00000018   Code   RO         2960    i.USART_Cmd         stm32f10x_usart.o
    0x08002e9a   0x08002e9a   0x0000001a   Code   RO         2963    i.USART_GetFlagStatus  stm32f10x_usart.o
    0x08002eb4   0x08002eb4   0x00000054   Code   RO         2964    i.USART_GetITStatus  stm32f10x_usart.o
    0x08002f08   0x08002f08   0x0000004a   Code   RO         2966    i.USART_ITConfig    stm32f10x_usart.o
    0x08002f52   0x08002f52   0x00000002   PAD
    0x08002f54   0x08002f54   0x000000d8   Code   RO         2967    i.USART_Init        stm32f10x_usart.o
    0x0800302c   0x0800302c   0x0000000a   Code   RO         2974    i.USART_ReceiveData  stm32f10x_usart.o
    0x08003036   0x08003036   0x00000008   Code   RO         2977    i.USART_SendData    stm32f10x_usart.o
    0x0800303e   0x0800303e   0x00000004   Code   RO         4034    i.UsageFault_Handler  stm32f10x_it.o
    0x08003042   0x08003042   0x00000028   Code   RO         4345    i.__ARM_fpclassify  m_ws.l(fpclassify.o)
    0x0800306a   0x0800306a   0x000000aa   Code   RO         4347    i.__kernel_poly     m_ws.l(poly.o)
    0x08003114   0x08003114   0x00000006   Code   RO         4291    i.__mathlib_dbl_infnan  m_ws.l(dunder.o)
    0x0800311a   0x0800311a   0x00000004   Code   RO         4292    i.__mathlib_dbl_infnan2  m_ws.l(dunder.o)
    0x0800311e   0x0800311e   0x00000002   PAD
    0x08003120   0x08003120   0x00000010   Code   RO         4296    i.__mathlib_dbl_underflow  m_ws.l(dunder.o)
    0x08003130   0x08003130   0x0000000e   Code   RO         4224    i._is_digit         c_w.l(__printf_wp.o)
    0x0800313e   0x0800313e   0x00000002   PAD
    0x08003140   0x08003140   0x00000220   Code   RO         4281    i.atan              m_ws.l(atan.o)
    0x08003360   0x08003360   0x00000180   Code   RO         4154    i.atan2             m_ws.l(atan2.o)
    0x080034e0   0x080034e0   0x00000148   Code   RO         3969    i.main              main.o
    0x08003628   0x08003628   0x0000002c   Code   RO         4389    locale$$code        c_w.l(lc_numeric_c.o)
    0x08003654   0x08003654   0x0000002c   Code   RO         4406    locale$$code        c_w.l(lc_ctype_c.o)
    0x08003680   0x08003680   0x00000062   Code   RO         4099    x$fpl$d2f           fz_ws.l(d2f.o)
    0x080036e2   0x080036e2   0x00000002   PAD
    0x080036e4   0x080036e4   0x00000150   Code   RO         4101    x$fpl$dadd          fz_ws.l(daddsub_clz.o)
    0x08003834   0x08003834   0x00000010   Code   RO         4399    x$fpl$dcheck1       fz_ws.l(dcheck1.o)
    0x08003844   0x08003844   0x000002b0   Code   RO         4108    x$fpl$ddiv          fz_ws.l(ddiv.o)
    0x08003af4   0x08003af4   0x0000002e   Code   RO         4120    x$fpl$dflt          fz_ws.l(dflt_clz.o)
    0x08003b22   0x08003b22   0x00000002   PAD
    0x08003b24   0x08003b24   0x00000154   Code   RO         4127    x$fpl$dmul          fz_ws.l(dmul.o)
    0x08003c78   0x08003c78   0x0000009c   Code   RO         4259    x$fpl$dnaninf       fz_ws.l(dnaninf.o)
    0x08003d14   0x08003d14   0x0000000c   Code   RO         4261    x$fpl$dretinf       fz_ws.l(dretinf.o)
    0x08003d20   0x08003d20   0x00000016   Code   RO         4102    x$fpl$drsb          fz_ws.l(daddsub_clz.o)
    0x08003d36   0x08003d36   0x00000002   PAD
    0x08003d38   0x08003d38   0x000001d4   Code   RO         4103    x$fpl$dsub          fz_ws.l(daddsub_clz.o)
    0x08003f0c   0x08003f0c   0x00000056   Code   RO         4131    x$fpl$f2d           fz_ws.l(f2d.o)
    0x08003f62   0x08003f62   0x00000002   PAD
    0x08003f64   0x08003f64   0x000000c4   Code   RO         4133    x$fpl$fadd          fz_ws.l(faddsub_clz.o)
    0x08004028   0x08004028   0x00000036   Code   RO         4139    x$fpl$ffix          fz_ws.l(ffix.o)
    0x0800405e   0x0800405e   0x00000002   PAD
    0x08004060   0x08004060   0x00000030   Code   RO         4144    x$fpl$fflt          fz_ws.l(fflt_clz.o)
    0x08004090   0x08004090   0x00000102   Code   RO         4151    x$fpl$fmul          fz_ws.l(fmul.o)
    0x08004192   0x08004192   0x0000008c   Code   RO         4267    x$fpl$fnaninf       fz_ws.l(fnaninf.o)
    0x0800421e   0x0800421e   0x0000000a   Code   RO         4269    x$fpl$fretinf       fz_ws.l(fretinf.o)
    0x08004228   0x08004228   0x000000ea   Code   RO         4135    x$fpl$fsub          fz_ws.l(faddsub_clz.o)
    0x08004312   0x08004312   0x00000004   Code   RO         4271    x$fpl$printf1       fz_ws.l(printf1.o)
    0x08004316   0x08004316   0x00000004   Code   RO         4273    x$fpl$printf2       fz_ws.l(printf2.o)
    0x0800431a   0x0800431a   0x00000064   Code   RO         4453    x$fpl$retnan        fz_ws.l(retnan.o)
    0x0800437e   0x0800437e   0x0000005c   Code   RO         4343    x$fpl$scalbn        fz_ws.l(scalbn.o)
    0x080043da   0x080043da   0x00000030   Code   RO         4466    x$fpl$trapveneer    fz_ws.l(trapv.o)
    0x0800440a   0x0800440a   0x00000000   Code   RO         4279    x$fpl$usenofp       fz_ws.l(usenofp.o)
    0x0800440a   0x0800440a   0x0000094d   Data   RO         3508    .constdata          oled_data.o
    0x08004d57   0x08004d57   0x00000001   PAD
    0x08004d58   0x08004d58   0x00000008   Data   RO         4183    .constdata          c_w.l(_printf_wctomb.o)
    0x08004d60   0x08004d60   0x00000028   Data   RO         4212    .constdata          c_w.l(_printf_hex_int_ll_ptr.o)
    0x08004d88   0x08004d88   0x00000011   Data   RO         4232    .constdata          c_w.l(__printf_flags_ss_wp.o)
    0x08004d99   0x08004d99   0x00000007   PAD
    0x08004da0   0x08004da0   0x00000098   Data   RO         4282    .constdata          m_ws.l(atan.o)
    0x08004e38   0x08004e38   0x00000008   Data   RO         4304    .constdata          m_ws.l(qnan.o)
    0x08004e40   0x08004e40   0x00000026   Data   RO         4332    .constdata          c_w.l(_printf_fp_hex.o)
    0x08004e66   0x08004e66   0x00000002   PAD
    0x08004e68   0x08004e68   0x00000094   Data   RO         4364    .constdata          c_w.l(bigflt0.o)
    0x08004efc   0x08004efc   0x00000020   Data   RO         4534    Region$$Table       anon$$obj.o
    0x08004f1c   0x08004f1c   0x0000001c   Data   RO         4388    locale$$data        c_w.l(lc_numeric_c.o)
    0x08004f38   0x08004f38   0x00000110   Data   RO         4405    locale$$data        c_w.l(lc_ctype_c.o)


    Execution Region RW_IRAM1 (Exec base: 0x20000000, Load base: 0x08005048, Size: 0x00000b08, Max: 0x00005000, ABSOLUTE)

    Exec Addr    Load Addr    Size         Type   Attr      Idx    E Section Name        Object

    0x20000000   0x08005048   0x00000014   Data   RW         1805    .data               stm32f10x_rcc.o
    0x20000014   0x0800505c   0x0000000c   Data   RW         3564    .data               mpu6050.o
    0x20000020   0x08005068   0x00000002   Data   RW         3842    .data               serial.o
    0x20000022   0x0800506a   0x00000003   Data   RW         3919    .data               blueserial.o
    0x20000025   0x0800506d   0x00000003   PAD
    0x20000028   0x08005070   0x0000001c   Data   RW         3970    .data               main.o
    0x20000044        -       0x00000400   Zero   RW         3298    .bss                oled.o
    0x20000444        -       0x00000064   Zero   RW         3918    .bss                blueserial.o
    0x200004a8        -       0x00000060   Zero   RW         4350    .bss                c_w.l(libspace.o)
    0x20000508        -       0x00000200   Zero   RW            2    HEAP                startup_stm32f10x_md.o
    0x20000708        -       0x00000400   Zero   RW            1    STACK               startup_stm32f10x_md.o


==============================================================================

Image component sizes


      Code (inc. data)   RO Data    RW Data    ZI Data      Debug   Object Name

       414         34          0          3        100       3440   blueserial.o
         0          0          0          0          0       4516   core_cm3.o
        70          0          0          0          0        866   delay.o
       700        170          0         28          0       1515   main.o
       132         22          0          0          0     204619   misc.o
       670         36          0         12          0     222264   mpu6050.o
       332         24          0          0          0       4558   myi2c.o
      1584         52          0          0       1024      10705   oled.o
         0          0       2381          0          0       1006   oled_data.o
        56         12          0          2          0        682   serial.o
        64         26        236          0       1536        792   startup_stm32f10x_md.o
         0          0          0          0          0       1628   stm32f10x_adc.o
       310          0          0          0          0      11663   stm32f10x_gpio.o
        26          0          0          0          0       3486   stm32f10x_it.o
       276         32          0         20          0      12806   stm32f10x_rcc.o
       270         42          0          0          0      24845   stm32f10x_tim.o
       472          6          0          0          0      12191   stm32f10x_usart.o
       328         28          0          0          0      39001   system_stm32f10x.o
       124          4          0          0          0        517   timer.o

    ----------------------------------------------------------------------
      5842        488       2650         68       2660     561100   Object Totals
         0          0         32          0          0          0   (incl. Generated)
        14          0          1          3          0          0   (incl. Padding)

    ----------------------------------------------------------------------

      Code (inc. data)   RO Data    RW Data    ZI Data      Debug   Library Member Name

         8          0          0          0          0         68   __main.o
       392          4         17          0          0         92   __printf_flags_ss_wp.o
        14          0          0          0          0         68   __printf_wp.o
         0          0          0          0          0          0   __rtentry.o
        12          0          0          0          0          0   __rtentry2.o
         6          0          0          0          0          0   __rtentry4.o
        52          8          0          0          0          0   __scatter.o
        26          0          0          0          0          0   __scatter_copy.o
        28          0          0          0          0          0   __scatter_zi.o
         6          0          0          0          0          0   _printf_a.o
         6          0          0          0          0          0   _printf_c.o
        44          0          0          0          0        108   _printf_char.o
        48          6          0          0          0         96   _printf_char_common.o
        40          0          0          0          0         68   _printf_charcount.o
         6          0          0          0          0          0   _printf_d.o
       120         16          0          0          0         92   _printf_dec.o
         6          0          0          0          0          0   _printf_e.o
         6          0          0          0          0          0   _printf_f.o
      1054          0          0          0          0        216   _printf_fp_dec.o
       764          8         38          0          0        100   _printf_fp_hex.o
       128         16          0          0          0         84   _printf_fp_infnan.o
         6          0          0          0          0          0   _printf_g.o
       148          4         40          0          0        160   _printf_hex_int_ll_ptr.o
         6          0          0          0          0          0   _printf_i.o
       178          0          0          0          0         88   _printf_intcommon.o
        10          0          0          0          0          0   _printf_l.o
         6          0          0          0          0          0   _printf_lc.o
        10          0          0          0          0          0   _printf_ll.o
         6          0          0          0          0          0   _printf_lld.o
         6          0          0          0          0          0   _printf_lli.o
         6          0          0          0          0          0   _printf_llo.o
         6          0          0          0          0          0   _printf_llu.o
         6          0          0          0          0          0   _printf_llx.o
       124         16          0          0          0         92   _printf_longlong_dec.o
         6          0          0          0          0          0   _printf_ls.o
         6          0          0          0          0          0   _printf_n.o
         6          0          0          0          0          0   _printf_o.o
       112         10          0          0          0        124   _printf_oct_int_ll.o
         6          0          0          0          0          0   _printf_p.o
        78          0          0          0          0        108   _printf_pad.o
         0          0          0          0          0          0   _printf_percent.o
         4          0          0          0          0          0   _printf_percent_end.o
         6          0          0          0          0          0   _printf_s.o
        82          0          0          0          0         80   _printf_str.o
        36          0          0          0          0         84   _printf_truncate.o
         6          0          0          0          0          0   _printf_u.o
        44          0          0          0          0        108   _printf_wchar.o
       188          6          8          0          0         92   _printf_wctomb.o
         6          0          0          0          0          0   _printf_x.o
        10          0          0          0          0         68   _sputc.o
        64          0          0          0          0         92   _wcrtomb.o
       228          4        148          0          0         96   bigflt0.o
      1936        128          0          0          0        672   btod.o
        18          0          0          0          0         80   exit.o
         6          0          0          0          0        152   heapauxi.o
         0          0          0          0          0          0   indicate_semi.o
        44         10        272          0          0         76   lc_ctype_c.o
        44         10         28          0          0         76   lc_numeric_c.o
         2          0          0          0          0          0   libinit.o
        30          0          0          0          0          0   libinit2.o
         2          0          0          0          0          0   libshutdown.o
         2          0          0          0          0          0   libshutdown2.o
         8          4          0          0         96         68   libspace.o
       138          0          0          0          0         80   lludiv10.o
        16          4          0          0          0         76   rt_ctype_table.o
         8          4          0          0          0         68   rt_locale_intlibspace.o
         2          0          0          0          0          0   rtexit.o
        10          0          0          0          0          0   rtexit2.o
       128          0          0          0          0         68   strcmpv7m.o
        12          4          0          0          0         68   sys_exit.o
        74          0          0          0          0         80   sys_stackheap_outer.o
         2          0          0          0          0         68   use_no_semi.o
        36          4          0          0          0         76   vsprintf.o
        98          4          0          0          0         92   d2f.o
       826         16          0          0          0        348   daddsub_clz.o
        16          4          0          0          0         68   dcheck1.o
       688        140          0          0          0        208   ddiv.o
        46          0          0          0          0         68   dflt_clz.o
       340         12          0          0          0        104   dmul.o
       156          4          0          0          0         92   dnaninf.o
        12          0          0          0          0         68   dretinf.o
        86          4          0          0          0         84   f2d.o
       430          8          0          0          0        168   faddsub_clz.o
        54          4          0          0          0         84   ffix.o
        48          0          0          0          0         68   fflt_clz.o
       258          4          0          0          0         84   fmul.o
       140          4          0          0          0         84   fnaninf.o
        10          0          0          0          0         68   fretinf.o
         4          0          0          0          0         68   printf1.o
         4          0          0          0          0         68   printf2.o
       100          0          0          0          0         68   retnan.o
        92          0          0          0          0         68   scalbn.o
        48          0          0          0          0         68   trapv.o
         0          0          0          0          0          0   usenofp.o
       544         70        152          0          0        124   atan.o
       384         38          0          0          0        144   atan2.o
        26          6          0          0          0        204   dunder.o
        40          0          0          0          0         68   fpclassify.o
       170          0          0          0          0         96   poly.o
         0          0          8          0          0          0   qnan.o

    ----------------------------------------------------------------------
     11340        584        720          0         96       6556   Library Totals
        30          0          9          0          0          0   (incl. Padding)

    ----------------------------------------------------------------------

      Code (inc. data)   RO Data    RW Data    ZI Data      Debug   Library Name

      6690        266        551          0         96       3892   c_w.l
      3456        204          0          0          0       2028   fz_ws.l
      1164        114        160          0          0        636   m_ws.l

    ----------------------------------------------------------------------
     11340        584        720          0         96       6556   Library Totals

    ----------------------------------------------------------------------

==============================================================================


      Code (inc. data)   RO Data    RW Data    ZI Data      Debug   

     17182       1072       3370         68       2756     560008   Grand Totals
     17182       1072       3370         68       2756     560008   ELF Image Totals
     17182       1072       3370         68          0          0   ROM Totals

==============================================================================

    Total RO  Size (Code + RO Data)                20552 (  20.07kB)
    Total RW  Size (RW Data + ZI Data)              2824 (   2.76kB)
    Total ROM Size (Code + RO Data + RW Data)      20620 (  20.14kB)

==============================================================================

